Archive member included to satisfy reference by file (symbol)

c:/gnu tools arm embedded/7 2017-q4-major/bin/../lib/gcc/arm-none-eabi/7.2.1/thumb/v7e-m/fpv4-sp/hard\libgcc.a(_aeabi_uldivmod.o)
                              build\Libraries\STM32F4xx_HAL_Driver\Src\stm32f4xx_hal_rcc.o (__aeabi_uldivmod)
c:/gnu tools arm embedded/7 2017-q4-major/bin/../lib/gcc/arm-none-eabi/7.2.1/thumb/v7e-m/fpv4-sp/hard\libgcc.a(_udivmoddi4.o)
                              c:/gnu tools arm embedded/7 2017-q4-major/bin/../lib/gcc/arm-none-eabi/7.2.1/thumb/v7e-m/fpv4-sp/hard\libgcc.a(_aeabi_uldivmod.o) (__udivmoddi4)
c:/gnu tools arm embedded/7 2017-q4-major/bin/../lib/gcc/arm-none-eabi/7.2.1/thumb/v7e-m/fpv4-sp/hard\libgcc.a(_dvmd_tls.o)
                              c:/gnu tools arm embedded/7 2017-q4-major/bin/../lib/gcc/arm-none-eabi/7.2.1/thumb/v7e-m/fpv4-sp/hard\libgcc.a(_aeabi_uldivmod.o) (__aeabi_ldiv0)
c:/gnu tools arm embedded/7 2017-q4-major/bin/../lib/gcc/arm-none-eabi/7.2.1/../../../../arm-none-eabi/lib/thumb/v7e-m/fpv4-sp/hard\libc.a(lib_a-exit.o)
                              c:/gnu tools arm embedded/7 2017-q4-major/bin/../lib/gcc/arm-none-eabi/7.2.1/../../../../arm-none-eabi/lib/thumb/v7e-m/fpv4-sp/hard/crt0.o (exit)
c:/gnu tools arm embedded/7 2017-q4-major/bin/../lib/gcc/arm-none-eabi/7.2.1/../../../../arm-none-eabi/lib/thumb/v7e-m/fpv4-sp/hard\libc.a(lib_a-impure.o)
                              c:/gnu tools arm embedded/7 2017-q4-major/bin/../lib/gcc/arm-none-eabi/7.2.1/../../../../arm-none-eabi/lib/thumb/v7e-m/fpv4-sp/hard\libc.a(lib_a-exit.o) (_global_impure_ptr)
c:/gnu tools arm embedded/7 2017-q4-major/bin/../lib/gcc/arm-none-eabi/7.2.1/../../../../arm-none-eabi/lib/thumb/v7e-m/fpv4-sp/hard\libc.a(lib_a-init.o)
                              c:/gnu tools arm embedded/7 2017-q4-major/bin/../lib/gcc/arm-none-eabi/7.2.1/../../../../arm-none-eabi/lib/thumb/v7e-m/fpv4-sp/hard/crt0.o (__libc_init_array)
c:/gnu tools arm embedded/7 2017-q4-major/bin/../lib/gcc/arm-none-eabi/7.2.1/../../../../arm-none-eabi/lib/thumb/v7e-m/fpv4-sp/hard\libc.a(lib_a-memcmp.o)
                              build\kernel\components\finsh\shell.o (memcmp)
c:/gnu tools arm embedded/7 2017-q4-major/bin/../lib/gcc/arm-none-eabi/7.2.1/../../../../arm-none-eabi/lib/thumb/v7e-m/fpv4-sp/hard\libc.a(lib_a-memcpy.o)
                              build\kernel\components\finsh\shell.o (memcpy)
c:/gnu tools arm embedded/7 2017-q4-major/bin/../lib/gcc/arm-none-eabi/7.2.1/../../../../arm-none-eabi/lib/thumb/v7e-m/fpv4-sp/hard\libc.a(lib_a-memset.o)
                              c:/gnu tools arm embedded/7 2017-q4-major/bin/../lib/gcc/arm-none-eabi/7.2.1/../../../../arm-none-eabi/lib/thumb/v7e-m/fpv4-sp/hard/crt0.o (memset)
c:/gnu tools arm embedded/7 2017-q4-major/bin/../lib/gcc/arm-none-eabi/7.2.1/../../../../arm-none-eabi/lib/thumb/v7e-m/fpv4-sp/hard\libc.a(lib_a-strlen.o)
                              build\kernel\components\finsh\shell.o (strlen)
c:/gnu tools arm embedded/7 2017-q4-major/bin/../lib/gcc/arm-none-eabi/7.2.1/../../../../arm-none-eabi/lib/thumb/v7e-m/fpv4-sp/hard\libc.a(lib_a-strncmp.o)
                              build\kernel\components\finsh\cmd.o (strncmp)
c:/gnu tools arm embedded/7 2017-q4-major/bin/../lib/gcc/arm-none-eabi/7.2.1/../../../../arm-none-eabi/lib/thumb/v7e-m/fpv4-sp/hard\libc.a(lib_a-__call_atexit.o)
                              c:/gnu tools arm embedded/7 2017-q4-major/bin/../lib/gcc/arm-none-eabi/7.2.1/../../../../arm-none-eabi/lib/thumb/v7e-m/fpv4-sp/hard\libc.a(lib_a-exit.o) (__call_exitprocs)
c:/gnu tools arm embedded/7 2017-q4-major/bin/../lib/gcc/arm-none-eabi/7.2.1/../../../../arm-none-eabi/lib/thumb/v7e-m/fpv4-sp/hard\libc.a(lib_a-atexit.o)
                              c:/gnu tools arm embedded/7 2017-q4-major/bin/../lib/gcc/arm-none-eabi/7.2.1/../../../../arm-none-eabi/lib/thumb/v7e-m/fpv4-sp/hard\libc.a(lib_a-__call_atexit.o) (atexit)
c:/gnu tools arm embedded/7 2017-q4-major/bin/../lib/gcc/arm-none-eabi/7.2.1/../../../../arm-none-eabi/lib/thumb/v7e-m/fpv4-sp/hard\libc.a(lib_a-fini.o)
                              c:/gnu tools arm embedded/7 2017-q4-major/bin/../lib/gcc/arm-none-eabi/7.2.1/../../../../arm-none-eabi/lib/thumb/v7e-m/fpv4-sp/hard\libc.a(lib_a-__call_atexit.o) (__libc_fini_array)
c:/gnu tools arm embedded/7 2017-q4-major/bin/../lib/gcc/arm-none-eabi/7.2.1/../../../../arm-none-eabi/lib/thumb/v7e-m/fpv4-sp/hard\libc.a(lib_a-lock.o)
                              c:/gnu tools arm embedded/7 2017-q4-major/bin/../lib/gcc/arm-none-eabi/7.2.1/../../../../arm-none-eabi/lib/thumb/v7e-m/fpv4-sp/hard\libc.a(lib_a-__call_atexit.o) (__retarget_lock_acquire_recursive)
c:/gnu tools arm embedded/7 2017-q4-major/bin/../lib/gcc/arm-none-eabi/7.2.1/../../../../arm-none-eabi/lib/thumb/v7e-m/fpv4-sp/hard\libc.a(lib_a-__atexit.o)
[...]
Memory Configuration

Name             Origin             Length             Attributes
CODE             0x08000000         0x00080000         xr
DATA             0x20000000         0x00030000         rw
*default*        0x00000000         0xffffffff

Linker script and memory map

LOAD c:/gnu tools arm embedded/7 2017-q4-major/bin/../lib/gcc/arm-none-eabi/7.2.1/thumb/v7e-m/fpv4-sp/hard/crti.o
LOAD c:/gnu tools arm embedded/7 2017-q4-major/bin/../lib/gcc/arm-none-eabi/7.2.1/thumb/v7e-m/fpv4-sp/hard/crtbegin.o
LOAD c:/gnu tools arm embedded/7 2017-q4-major/bin/../lib/gcc/arm-none-eabi/7.2.1/../../../../arm-none-eabi/lib/thumb/v7e-m/fpv4-sp/hard/crt0.o
LOAD build\applications\bsp_key.o
LOAD build\applications\bsp_led.o
LOAD build\applications\bsp_sensor.o
LOAD build\applications\main.o
LOAD build\drivers\board.o
LOAD build\drivers\stm32f4xx_it.o
LOAD build\drivers\drv_gpio.o
LOAD build\drivers\drv_usart.o
LOAD build\drivers\drv_spi.o
LOAD build\drivers\icm20602.o
LOAD build\Libraries\CMSIS\Device\ST\STM32F4xx\Source\Templates\system_stm32f4xx.o
LOAD build\Libraries\CMSIS\Device\ST\STM32F4xx\Source\Templates\gcc\startup_stm32f407xx.o
LOAD build\Libraries\STM32F4xx_HAL_Driver\Src\stm32f4xx_hal.o
LOAD build\Libraries\STM32F4xx_HAL_Driver\Src\stm32f4xx_hal_adc.o
LOAD build\Libraries\STM32F4xx_HAL_Driver\Src\stm32f4xx_hal_adc_ex.o
LOAD build\Libraries\STM32F4xx_HAL_Driver\Src\stm32f4xx_hal_can.o
LOAD build\Libraries\STM32F4xx_HAL_Driver\Src\stm32f4xx_hal_cec.o
LOAD build\Libraries\STM32F4xx_HAL_Driver\Src\stm32f4xx_hal_cortex.o
LOAD build\Libraries\STM32F4xx_HAL_Driver\Src\stm32f4xx_hal_crc.o
LOAD build\Libraries\STM32F4xx_HAL_Driver\Src\stm32f4xx_hal_cryp.o
LOAD build\Libraries\STM32F4xx_HAL_Driver\Src\stm32f4xx_hal_cryp_ex.o
LOAD build\Libraries\STM32F4xx_HAL_Driver\Src\stm32f4xx_hal_dac.o
LOAD build\Libraries\STM32F4xx_HAL_Driver\Src\stm32f4xx_hal_dac_ex.o
LOAD build\Libraries\STM32F4xx_HAL_Driver\Src\stm32f4xx_hal_dcmi.o
LOAD build\Libraries\STM32F4xx_HAL_Driver\Src\stm32f4xx_hal_dcmi_ex.o
LOAD build\Libraries\STM32F4xx_HAL_Driver\Src\stm32f4xx_hal_dfsdm.o
LOAD build\Libraries\STM32F4xx_HAL_Driver\Src\stm32f4xx_hal_dma.o
LOAD build\Libraries\STM32F4xx_HAL_Driver\Src\stm32f4xx_hal_dma2d.o
LOAD build\Libraries\STM32F4xx_HAL_Driver\Src\stm32f4xx_hal_dma_ex.o
LOAD build\Libraries\STM32F4xx_HAL_Driver\Src\stm32f4xx_hal_dsi.o
LOAD build\Libraries\STM32F4xx_HAL_Driver\Src\stm32f4xx_hal_eth.o
LOAD build\Libraries\STM32F4xx_HAL_Driver\Src\stm32f4xx_hal_flash.o
LOAD build\Libraries\STM32F4xx_HAL_Driver\Src\stm32f4xx_hal_flash_ex.o
LOAD build\Libraries\STM32F4xx_HAL_Driver\Src\stm32f4xx_hal_flash_ramfunc.o
LOAD build\Libraries\STM32F4xx_HAL_Driver\Src\stm32f4xx_hal_fmpi2c.o
LOAD build\Libraries\STM32F4xx_HAL_Driver\Src\stm32f4xx_hal_fmpi2c_ex.o
LOAD build\Libraries\STM32F4xx_HAL_Driver\Src\stm32f4xx_hal_gpio.o
LOAD build\Libraries\STM32F4xx_HAL_Driver\Src\stm32f4xx_hal_hash.o
LOAD build\Libraries\STM32F4xx_HAL_Driver\Src\stm32f4xx_hal_hash_ex.o
LOAD build\Libraries\STM32F4xx_HAL_Driver\Src\stm32f4xx_hal_hcd.o
LOAD build\Libraries\STM32F4xx_HAL_Driver\Src\stm32f4xx_hal_i2c.o
LOAD build\Libraries\STM32F4xx_HAL_Driver\Src\stm32f4xx_hal_i2c_ex.o
LOAD build\Libraries\STM32F4xx_HAL_Driver\Src\stm32f4xx_hal_i2s.o
LOAD build\Libraries\STM32F4xx_HAL_Driver\Src\stm32f4xx_hal_i2s_ex.o
LOAD build\Libraries\STM32F4xx_HAL_Driver\Src\stm32f4xx_hal_irda.o
LOAD build\Libraries\STM32F4xx_HAL_Driver\Src\stm32f4xx_hal_iwdg.o
LOAD build\Libraries\STM32F4xx_HAL_Driver\Src\stm32f4xx_hal_lptim.o
LOAD build\Libraries\STM32F4xx_HAL_Driver\Src\stm32f4xx_hal_ltdc.o
LOAD build\Libraries\STM32F4xx_HAL_Driver\Src\stm32f4xx_hal_ltdc_ex.o
LOAD build\Libraries\STM32F4xx_HAL_Driver\Src\stm32f4xx_hal_mmc.o
LOAD build\Libraries\STM32F4xx_HAL_Driver\Src\stm32f4xx_hal_nand.o
LOAD build\Libraries\STM32F4xx_HAL_Driver\Src\stm32f4xx_hal_nor.o
LOAD build\Libraries\STM32F4xx_HAL_Driver\Src\stm32f4xx_hal_pccard.o
LOAD build\Libraries\STM32F4xx_HAL_Driver\Src\stm32f4xx_hal_pcd.o
LOAD build\Libraries\STM32F4xx_HAL_Driver\Src\stm32f4xx_hal_pcd_ex.o
LOAD build\Libraries\STM32F4xx_HAL_Driver\Src\stm32f4xx_hal_pwr.o
LOAD build\Libraries\STM32F4xx_HAL_Driver\Src\stm32f4xx_hal_pwr_ex.o
LOAD build\Libraries\STM32F4xx_HAL_Driver\Src\stm32f4xx_hal_qspi.o
LOAD build\Libraries\STM32F4xx_HAL_Driver\Src\stm32f4xx_hal_rcc.o
LOAD build\Libraries\STM32F4xx_HAL_Driver\Src\stm32f4xx_hal_rcc_ex.o
LOAD build\Libraries\STM32F4xx_HAL_Driver\Src\stm32f4xx_hal_rng.o
LOAD build\Libraries\STM32F4xx_HAL_Driver\Src\stm32f4xx_hal_rtc.o
LOAD build\Libraries\STM32F4xx_HAL_Driver\Src\stm32f4xx_hal_rtc_ex.o
LOAD build\Libraries\STM32F4xx_HAL_Driver\Src\stm32f4xx_hal_sai.o
LOAD build\Libraries\STM32F4xx_HAL_Driver\Src\stm32f4xx_hal_sai_ex.o
LOAD build\Libraries\STM32F4xx_HAL_Driver\Src\stm32f4xx_hal_sd.o
LOAD build\Libraries\STM32F4xx_HAL_Driver\Src\stm32f4xx_hal_sdram.o
LOAD build\Libraries\STM32F4xx_HAL_Driver\Src\stm32f4xx_hal_smartcard.o
LOAD build\Libraries\STM32F4xx_HAL_Driver\Src\stm32f4xx_hal_spdifrx.o
LOAD build\Libraries\STM32F4xx_HAL_Driver\Src\stm32f4xx_hal_spi.o
LOAD build\Libraries\STM32F4xx_HAL_Driver\Src\stm32f4xx_hal_sram.o
LOAD build\Libraries\STM32F4xx_HAL_Driver\Src\stm32f4xx_hal_tim.o
LOAD build\Libraries\STM32F4xx_HAL_Driver\Src\stm32f4xx_hal_tim_ex.o
LOAD build\Libraries\STM32F4xx_HAL_Driver\Src\stm32f4xx_hal_uart.o
LOAD build\Libraries\STM32F4xx_HAL_Driver\Src\stm32f4xx_hal_usart.o
LOAD build\Libraries\STM32F4xx_HAL_Driver\Src\stm32f4xx_hal_wwdg.o
LOAD build\Libraries\STM32F4xx_HAL_Driver\Src\stm32f4xx_ll_adc.o
LOAD build\Libraries\STM32F4xx_HAL_Driver\Src\stm32f4xx_ll_crc.o
LOAD build\Libraries\STM32F4xx_HAL_Driver\Src\stm32f4xx_ll_dac.o
LOAD build\Libraries\STM32F4xx_HAL_Driver\Src\stm32f4xx_ll_dma.o
LOAD build\Libraries\STM32F4xx_HAL_Driver\Src\stm32f4xx_ll_dma2d.o
LOAD build\Libraries\STM32F4xx_HAL_Driver\Src\stm32f4xx_ll_exti.o
LOAD build\Libraries\STM32F4xx_HAL_Driver\Src\stm32f4xx_ll_fmc.o
LOAD build\Libraries\STM32F4xx_HAL_Driver\Src\stm32f4xx_ll_fsmc.o
LOAD build\Libraries\STM32F4xx_HAL_Driver\Src\stm32f4xx_ll_gpio.o
LOAD build\Libraries\STM32F4xx_HAL_Driver\Src\stm32f4xx_ll_i2c.o
LOAD build\Libraries\STM32F4xx_HAL_Driver\Src\stm32f4xx_ll_lptim.o
LOAD build\Libraries\STM32F4xx_HAL_Driver\Src\stm32f4xx_ll_pwr.o
LOAD build\Libraries\STM32F4xx_HAL_Driver\Src\stm32f4xx_ll_rcc.o
LOAD build\Libraries\STM32F4xx_HAL_Driver\Src\stm32f4xx_ll_rng.o
LOAD build\Libraries\STM32F4xx_HAL_Driver\Src\stm32f4xx_ll_rtc.o
LOAD build\Libraries\STM32F4xx_HAL_Driver\Src\stm32f4xx_ll_sdmmc.o
LOAD build\Libraries\STM32F4xx_HAL_Driver\Src\stm32f4xx_ll_spi.o
LOAD build\Libraries\STM32F4xx_HAL_Driver\Src\stm32f4xx_ll_tim.o
LOAD build\Libraries\STM32F4xx_HAL_Driver\Src\stm32f4xx_ll_usart.o
LOAD build\Libraries\STM32F4xx_HAL_Driver\Src\stm32f4xx_ll_usb.o
LOAD build\Libraries\STM32F4xx_HAL_Driver\Src\stm32f4xx_ll_utils.o
LOAD build\kernel\src\clock.o
LOAD build\kernel\src\components.o
LOAD build\kernel\src\device.o
LOAD build\kernel\src\idle.o
LOAD build\kernel\src\ipc.o
LOAD build\kernel\src\irq.o
LOAD build\kernel\src\kservice.o
LOAD build\kernel\src\mem.o
LOAD build\kernel\src\memheap.o
LOAD build\kernel\src\mempool.o
LOAD build\kernel\src\object.o
LOAD build\kernel\src\scheduler.o
LOAD build\kernel\src\signal.o
LOAD build\kernel\src\thread.o
LOAD build\kernel\src\timer.o
LOAD build\kernel\libcpu\arm\cortex-m4\cpuport.o
LOAD build\kernel\libcpu\arm\cortex-m4\context_gcc.o
LOAD build\kernel\libcpu\arm\common\backtrace.o
LOAD build\kernel\libcpu\arm\common\div0.o
LOAD build\kernel\libcpu\arm\common\showmem.o
LOAD build\kernel\components\finsh\shell.o
LOAD build\kernel\components\finsh\symbol.o
LOAD build\kernel\components\finsh\cmd.o
LOAD build\kernel\components\finsh\msh.o
LOAD build\kernel\components\finsh\msh_cmd.o
LOAD build\kernel\components\finsh\msh_file.o
LOAD build\kernel\components\drivers\misc\pin.o
LOAD build\kernel\components\drivers\serial\serial.o
LOAD build\kernel\components\drivers\spi\spi_core.o
LOAD build\kernel\components\drivers\spi\spi_dev.o
LOAD build\kernel\components\drivers\src\completion.o
LOAD build\kernel\components\drivers\src\dataqueue.o
LOAD build\kernel\components\drivers\src\pipe.o
LOAD build\kernel\components\drivers\src\ringbuffer.o
LOAD build\kernel\components\drivers\src\waitqueue.o
LOAD build\kernel\components\drivers\src\workqueue.o
START GROUP
LOAD c:/gnu tools arm embedded/7 2017-q4-major/bin/../lib/gcc/arm-none-eabi/7.2.1/thumb/v7e-m/fpv4-sp/hard\libgcc.a
LOAD c:/gnu tools arm embedded/7 2017-q4-major/bin/../lib/gcc/arm-none-eabi/7.2.1/../../../../arm-none-eabi/lib/thumb/v7e-m/fpv4-sp/hard\libc.a
END GROUP
LOAD c:/gnu tools arm embedded/7 2017-q4-major/bin/../lib/gcc/arm-none-eabi/7.2.1/thumb/v7e-m/fpv4-sp/hard/crtend.o
LOAD c:/gnu tools arm embedded/7 2017-q4-major/bin/../lib/gcc/arm-none-eabi/7.2.1/thumb/v7e-m/fpv4-sp/hard/crtn.o
                0x00000200                _system_stack_size = 0x200

.text           0x08000000     0xd620
                0x08000000                . = ALIGN (0x4)
                0x08000000                _stext = .
 *(.isr_vector)
 .isr_vector    0x08000000      0x188 build\Libraries\CMSIS\Device\ST\STM32F4xx\Source\Templates\gcc\startup_stm32f407xx.o
                0x08000000                g_pfnVectors
                0x08000188                . = ALIGN (0x4)
 *(.text)
 .text          0x08000188      0x114 build\kernel\libcpu\arm\cortex-m4\context_gcc.o
                0x08000188                rt_hw_interrupt_disable
                0x08000190                rt_hw_interrupt_enable
                0x08000196                rt_hw_context_switch_interrupt
                0x08000196                rt_hw_context_switch
                0x080001b6                PendSV_Handler
                0x08000222                rt_hw_context_switch_to
                0x0800026a                rt_hw_interrupt_thread_switch
                0x0800026e                HardFault_Handler
 .text          0x0800029c       0x30 c:/gnu tools arm embedded/7 2017-q4-major/bin/../lib/gcc/arm-none-eabi/7.2.1/thumb/v7e-m/fpv4-sp/hard\libgcc.a(_aeabi_uldivmod.o)
                0x0800029c                __aeabi_uldivmod
 .text          0x080002cc      0x2cc c:/gnu tools arm embedded/7 2017-q4-major/bin/../lib/gcc/arm-none-eabi/7.2.1/thumb/v7e-m/fpv4-sp/hard\libgcc.a(_udivmoddi4.o)
                0x080002cc                __udivmoddi4
 .text          0x08000598        0x4 c:/gnu tools arm embedded/7 2017-q4-major/bin/../lib/gcc/arm-none-eabi/7.2.1/thumb/v7e-m/fpv4-sp/hard\libgcc.a(_dvmd_tls.o)
                0x08000598                __aeabi_idiv0
                0x08000598                __aeabi_ldiv0
 .text          0x0800059c      0x134 c:/gnu tools arm embedded/7 2017-q4-major/bin/../lib/gcc/arm-none-eabi/7.2.1/../../../../arm-none-eabi/lib/thumb/v7e-m/fpv4-sp/hard\libc.a(lib_a-memcpy.o)
                0x0800059c                memcpy
 *fill*         0x080006d0       0x30 00000000
 .text          0x08000700       0xdc c:/gnu tools arm embedded/7 2017-q4-major/bin/../lib/gcc/arm-none-eabi/7.2.1/../../../../arm-none-eabi/lib/thumb/v7e-m/fpv4-sp/hard\libc.a(lib_a-strlen.o)
                0x08000700                strlen
 *(.text.*)
 .text.key_exti_callback
                0x080007dc       0x20 build\applications\bsp_key.o
                0x080007dc                key_exti_callback
 .text.key_irq_thread_entry
                0x080007fc       0x34 build\applications\bsp_key.o
                0x080007fc                key_irq_thread_entry
 .text.led_thread_entry
                0x08000830       0x5a build\applications\bsp_led.o
                0x08000830                led_thread_entry
 *fill*         0x0800088a        0x2 00000000
 .text.main     0x0800088c       0x68 build\applications\main.o
                0x0800088c                main
 .text.SystemClock_Config
                0x080008f4      0x220 build\drivers\board.o
 .text.SysTick_Handler
                0x08000b14       0x18 build\drivers\board.o
                0x08000b14                SysTick_Handler
 .text.HAL_InitTick
                0x08000b2c       0x38 build\drivers\board.o
                0x08000b2c                HAL_InitTick
 .text.HAL_MspInit
                0x08000b64       0x62 build\drivers\board.o
                0x08000b64                HAL_MspInit
 *fill*         0x08000bc6        0x2 00000000
 .text.rt_hw_board_init
                0x08000bc8       0x30 build\drivers\board.o
                0x08000bc8                rt_hw_board_init
 .text.NMI_Handler
                0x08000bf8        0xe build\drivers\stm32f4xx_it.o
                0x08000bf8                NMI_Handler
 .text.MemManage_Handler
                0x08000c06        0x6 build\drivers\stm32f4xx_it.o
                0x08000c06                MemManage_Handler
 .text.BusFault_Handler
                0x08000c0c        0x6 build\drivers\stm32f4xx_it.o
                0x08000c0c                BusFault_Handler
 .text.UsageFault_Handler
                0x08000c12        0x6 build\drivers\stm32f4xx_it.o
                0x08000c12                UsageFault_Handler
 .text.SVC_Handler
                0x08000c18        0xe build\drivers\stm32f4xx_it.o
                0x08000c18                SVC_Handler
 *fill*         0x08000c26        0x2 00000000
 .text.GPIOA_CLK_ENABLE
                0x08000c28       0x34 build\drivers\drv_gpio.o
 .text.GPIOB_CLK_ENABLE
                0x08000c5c       0x34 build\drivers\drv_gpio.o
 .text.GPIOC_CLK_ENABLE
                0x08000c90       0x34 build\drivers\drv_gpio.o
 .text.GPIOD_CLK_ENABLE
                0x08000cc4       0x34 build\drivers\drv_gpio.o
 .text.GPIOE_CLK_ENABLE
                0x08000cf8       0x34 build\drivers\drv_gpio.o
 .text.get_pin  0x08000d2c       0x40 build\drivers\drv_gpio.o
                0x08000d2c                get_pin
 .text.stm32_pin_write
                0x08000d6c       0x3c build\drivers\drv_gpio.o
                0x08000d6c                stm32_pin_write
 .text.stm32_pin_read
                0x08000da8       0x44 build\drivers\drv_gpio.o
                0x08000da8                stm32_pin_read
 .text.stm32_pin_mode
                0x08000dec       0x9e build\drivers\drv_gpio.o
                0x08000dec                stm32_pin_mode
 .text.bit2bitno
                0x08000e8a       0x3e build\drivers\drv_gpio.o
 .text.get_pin_irq_map
                0x08000ec8       0x34 build\drivers\drv_gpio.o
 .text.stm32_pin_attach_irq
                0x08000efc      0x148 build\drivers\drv_gpio.o
                0x08000efc                stm32_pin_attach_irq
 .text.stm32_pin_dettach_irq
                0x08001044       0xd0 build\drivers\drv_gpio.o
                0x08001044                stm32_pin_dettach_irq
 .text.stm32_pin_irq_enable
                0x08001114      0x140 build\drivers\drv_gpio.o
                0x08001114                stm32_pin_irq_enable
 .text.rt_hw_pin_init
                0x08001254       0x24 build\drivers\drv_gpio.o
                0x08001254                rt_hw_pin_init
 .text.pin_irq_hdr
                0x08001278       0x54 build\drivers\drv_gpio.o
 .text.HAL_GPIO_EXTI_Callback
                0x080012cc       0x22 build\drivers\drv_gpio.o
                0x080012cc                HAL_GPIO_EXTI_Callback
 .text.EXTI0_IRQHandler
                0x080012ee       0x16 build\drivers\drv_gpio.o
                0x080012ee                EXTI0_IRQHandler
 .text.EXTI1_IRQHandler
                0x08001304       0x16 build\drivers\drv_gpio.o
                0x08001304                EXTI1_IRQHandler
 .text.EXTI2_IRQHandler
                0x0800131a       0x16 build\drivers\drv_gpio.o
                0x0800131a                EXTI2_IRQHandler
 .text.EXTI3_IRQHandler
                0x08001330       0x16 build\drivers\drv_gpio.o
                0x08001330                EXTI3_IRQHandler
 .text.EXTI4_IRQHandler
                0x08001346       0x16 build\drivers\drv_gpio.o
                0x08001346                EXTI4_IRQHandler
 .text.EXTI9_5_IRQHandler
                0x0800135c       0x32 build\drivers\drv_gpio.o
                0x0800135c                EXTI9_5_IRQHandler
 .text.EXTI15_10_IRQHandler
                0x0800138e       0x40 build\drivers\drv_gpio.o
                0x0800138e                EXTI15_10_IRQHandler
 *fill*         0x080013ce        0x2 00000000
 .text.NVIC_EnableIRQ
                0x080013d0       0x34 build\drivers\drv_usart.o
 .text.NVIC_DisableIRQ
                0x08001404       0x34 build\drivers\drv_usart.o
 .text.drv_configure
                0x08001438      0x108 build\drivers\drv_usart.o
 .text.drv_control
                0x08001540       0x7c build\drivers\drv_usart.o
 .text.drv_putc
                0x080015bc       0x4c build\drivers\drv_usart.o
 .text.drv_getc
                0x08001608       0x50 build\drivers\drv_usart.o
 .text.USART1_IRQHandler
                0x08001658       0x50 build\drivers\drv_usart.o
                0x08001658                USART1_IRQHandler
 .text.HAL_UART_MspInit
                0x080016a8      0x154 build\drivers\drv_usart.o
                0x080016a8                HAL_UART_MspInit
 .text.hw_usart_init
                0x080017fc       0x68 build\drivers\drv_usart.o
                0x080017fc                hw_usart_init
 .text.stm32_spi_init
                0x08001864      0x196 build\drivers\drv_spi.o
 .text.spitxrx1b
                0x080019fa       0xae build\drivers\drv_spi.o
 .text.spixfer  0x08001aa8      0x120 build\drivers\drv_spi.o
 .text.spi_configure
                0x08001bc8       0x2e build\drivers\drv_spi.o
                0x08001bc8                spi_configure
 *fill*         0x08001bf6        0x2 00000000
 .text.stm32_spi_register_bus
                0x08001bf8       0x90 build\drivers\drv_spi.o
                0x08001bf8                stm32_spi_register_bus
 .text.stm32_spi_bus_attach_device
                0x08001c88       0x7c build\drivers\drv_spi.o
                0x08001c88                stm32_spi_bus_attach_device
 .text.stm32_hw_spi_init
                0x08001d04       0x28 build\drivers\drv_spi.o
                0x08001d04                stm32_hw_spi_init
 .text.HAL_SPI_MspInit
                0x08001d2c      0x15c build\drivers\drv_spi.o
                0x08001d2c                HAL_SPI_MspInit
 .text.rt_spi_send
                0x08001e88       0x22 build\drivers\icm20602.o
 *fill*         0x08001eaa        0x2 00000000
 .text.icm20602_write_reg
                0x08001eac       0x38 build\drivers\icm20602.o
                0x08001eac                icm20602_write_reg
 .text.icm20602_read_reg
                0x08001ee4       0x38 build\drivers\icm20602.o
                0x08001ee4                icm20602_read_reg
 .text.icm20602_init
                0x08001f1c      0x12c build\drivers\icm20602.o
                0x08001f1c                icm20602_init
 .text.rt_hw_icm20602_spi_init
                0x08002048       0x8c build\drivers\icm20602.o
                0x08002048                rt_hw_icm20602_spi_init
 .text.icm20602_set_accel_fullscale
                0x080020d4       0xe4 build\drivers\icm20602.o
                0x080020d4                icm20602_set_accel_fullscale
 .text.icm20602_set_gyro_fullscale
                0x080021b8       0xe8 build\drivers\icm20602.o
                0x080021b8                icm20602_set_gyro_fullscale
 .text.getDeviceID
                0x080022a0       0x28 build\drivers\icm20602.o
                0x080022a0                getDeviceID
 .text.SystemInit
                0x080022c8       0x6c build\Libraries\CMSIS\Device\ST\STM32F4xx\Source\Templates\system_stm32f4xx.o
                0x080022c8                SystemInit
 .text.Reset_Handler
                0x08002334       0x4c build\Libraries\CMSIS\Device\ST\STM32F4xx\Source\Templates\gcc\startup_stm32f407xx.o
                0x08002334                Reset_Handler
 .text.Default_Handler
                0x08002380        0x2 build\Libraries\CMSIS\Device\ST\STM32F4xx\Source\Templates\gcc\startup_stm32f407xx.o
                0x08002380                RTC_Alarm_IRQHandler
                0x08002380                HASH_RNG_IRQHandler
                0x08002380                TIM8_CC_IRQHandler
                0x08002380                DebugMon_Handler
                0x08002380                TIM1_CC_IRQHandler
                0x08002380                DMA2_Stream5_IRQHandler
                0x08002380                DMA1_Stream5_IRQHandler
                0x08002380                PVD_IRQHandler
                0x08002380                SDIO_IRQHandler
                0x08002380                TAMP_STAMP_IRQHandler
                0x08002380                CAN2_RX1_IRQHandler
                0x08002380                TIM8_TRG_COM_TIM14_IRQHandler
                0x08002380                TIM1_UP_TIM10_IRQHandler
                0x08002380                TIM8_UP_TIM13_IRQHandler
                0x08002380                I2C3_ER_IRQHandler
                0x08002380                I2C2_EV_IRQHandler
                0x08002380                DMA1_Stream2_IRQHandler
                0x08002380                CAN1_RX0_IRQHandler
                0x08002380                FPU_IRQHandler
                0x08002380                OTG_HS_WKUP_IRQHandler
                0x08002380                CAN2_SCE_IRQHandler
                0x08002380                DMA2_Stream2_IRQHandler
                0x08002380                SPI1_IRQHandler
                0x08002380                TIM6_DAC_IRQHandler
                0x08002380                TIM1_BRK_TIM9_IRQHandler
                0x08002380                DCMI_IRQHandler
                0x08002380                CAN2_RX0_IRQHandler
                0x08002380                DMA2_Stream3_IRQHandler
                0x08002380                USART6_IRQHandler
                0x08002380                USART3_IRQHandler
                0x08002380                CAN1_RX1_IRQHandler
                0x08002380                UART5_IRQHandler
                0x08002380                DMA2_Stream0_IRQHandler
                0x08002380                TIM4_IRQHandler
                0x08002380                I2C1_EV_IRQHandler
                0x08002380                DMA1_Stream6_IRQHandler
                0x08002380                DMA1_Stream1_IRQHandler
                0x08002380                UART4_IRQHandler
                0x08002380                TIM3_IRQHandler
                0x08002380                RCC_IRQHandler
                0x08002380                TIM8_BRK_TIM12_IRQHandler
                0x08002380                Default_Handler
                0x08002380                ADC_IRQHandler
                0x08002380                DMA1_Stream7_IRQHandler
                0x08002380                TIM7_IRQHandler
                0x08002380                CAN2_TX_IRQHandler
                0x08002380                TIM5_IRQHandler
                0x08002380                DMA2_Stream7_IRQHandler
                0x08002380                I2C3_EV_IRQHandler
                0x08002380                RTC_WKUP_IRQHandler
                0x08002380                ETH_WKUP_IRQHandler
                0x08002380                SPI2_IRQHandler
                0x08002380                OTG_HS_EP1_IN_IRQHandler
                0x08002380                DMA1_Stream0_IRQHandler
                0x08002380                CAN1_TX_IRQHandler
                0x08002380                FSMC_IRQHandler
                0x08002380                ETH_IRQHandler
                0x08002380                OTG_HS_EP1_OUT_IRQHandler
                0x08002380                WWDG_IRQHandler
                0x08002380                TIM2_IRQHandler
                0x08002380                OTG_FS_WKUP_IRQHandler
                0x08002380                TIM1_TRG_COM_TIM11_IRQHandler
                0x08002380                OTG_HS_IRQHandler
                0x08002380                USART2_IRQHandler
                0x08002380                I2C2_ER_IRQHandler
                0x08002380                DMA2_Stream1_IRQHandler
                0x08002380                CAN1_SCE_IRQHandler
                0x08002380                FLASH_IRQHandler
                0x08002380                DMA2_Stream4_IRQHandler
                0x08002380                OTG_FS_IRQHandler
                0x08002380                SPI3_IRQHandler
                0x08002380                DMA1_Stream4_IRQHandler
                0x08002380                I2C1_ER_IRQHandler
                0x08002380                DMA2_Stream6_IRQHandler
                0x08002380                DMA1_Stream3_IRQHandler
 *fill*         0x08002382        0x2 00000000
 .text.HAL_Init
                0x08002384       0x44 build\Libraries\STM32F4xx_HAL_Driver\Src\stm32f4xx_hal.o
                0x08002384                HAL_Init
 .text.HAL_IncTick
                0x080023c8       0x1c build\Libraries\STM32F4xx_HAL_Driver\Src\stm32f4xx_hal.o
                0x080023c8                HAL_IncTick
 .text.HAL_GetTick
                0x080023e4       0x18 build\Libraries\STM32F4xx_HAL_Driver\Src\stm32f4xx_hal.o
                0x080023e4                HAL_GetTick
 .text.NVIC_SetPriorityGrouping
                0x080023fc       0x48 build\Libraries\STM32F4xx_HAL_Driver\Src\stm32f4xx_hal_cortex.o
 .text.NVIC_GetPriorityGrouping
                0x08002444       0x1c build\Libraries\STM32F4xx_HAL_Driver\Src\stm32f4xx_hal_cortex.o
 .text.NVIC_EnableIRQ
                0x08002460       0x34 build\Libraries\STM32F4xx_HAL_Driver\Src\stm32f4xx_hal_cortex.o
 .text.NVIC_DisableIRQ
                0x08002494       0x34 build\Libraries\STM32F4xx_HAL_Driver\Src\stm32f4xx_hal_cortex.o
 .text.NVIC_SetPriority
                0x080024c8       0x54 build\Libraries\STM32F4xx_HAL_Driver\Src\stm32f4xx_hal_cortex.o
 .text.NVIC_EncodePriority
                0x0800251c       0x66 build\Libraries\STM32F4xx_HAL_Driver\Src\stm32f4xx_hal_cortex.o
 *fill*         0x08002582        0x2 00000000
 .text.SysTick_Config
                0x08002584       0x44 build\Libraries\STM32F4xx_HAL_Driver\Src\stm32f4xx_hal_cortex.o
 .text.HAL_NVIC_SetPriorityGrouping
                0x080025c8       0x16 build\Libraries\STM32F4xx_HAL_Driver\Src\stm32f4xx_hal_cortex.o
                0x080025c8                HAL_NVIC_SetPriorityGrouping
 .text.HAL_NVIC_SetPriority
                0x080025de       0x38 build\Libraries\STM32F4xx_HAL_Driver\Src\stm32f4xx_hal_cortex.o
                0x080025de                HAL_NVIC_SetPriority
 .text.HAL_NVIC_EnableIRQ
                0x08002616       0x1c build\Libraries\STM32F4xx_HAL_Driver\Src\stm32f4xx_hal_cortex.o
                0x08002616                HAL_NVIC_EnableIRQ
 .text.HAL_NVIC_DisableIRQ
                0x08002632       0x1c build\Libraries\STM32F4xx_HAL_Driver\Src\stm32f4xx_hal_cortex.o
                0x08002632                HAL_NVIC_DisableIRQ
 .text.HAL_SYSTICK_Config
                0x0800264e       0x18 build\Libraries\STM32F4xx_HAL_Driver\Src\stm32f4xx_hal_cortex.o
                0x0800264e                HAL_SYSTICK_Config
 *fill*         0x08002666        0x2 00000000
 .text.HAL_GPIO_Init
                0x08002668      0x334 build\Libraries\STM32F4xx_HAL_Driver\Src\stm32f4xx_hal_gpio.o
                0x08002668                HAL_GPIO_Init
 .text.HAL_GPIO_ReadPin
                0x0800299c       0x30 build\Libraries\STM32F4xx_HAL_Driver\Src\stm32f4xx_hal_gpio.o
                0x0800299c                HAL_GPIO_ReadPin
 .text.HAL_GPIO_WritePin
                0x080029cc       0x32 build\Libraries\STM32F4xx_HAL_Driver\Src\stm32f4xx_hal_gpio.o
                0x080029cc                HAL_GPIO_WritePin
 *fill*         0x080029fe        0x2 00000000
 .text.HAL_GPIO_EXTI_IRQHandler
                0x08002a00       0x30 build\Libraries\STM32F4xx_HAL_Driver\Src\stm32f4xx_hal_gpio.o
                0x08002a00                HAL_GPIO_EXTI_IRQHandler
 .text.HAL_RCC_OscConfig
                0x08002a30      0x450 build\Libraries\STM32F4xx_HAL_Driver\Src\stm32f4xx_hal_rcc.o
                0x08002a30                HAL_RCC_OscConfig
 .text.HAL_RCC_ClockConfig
                0x08002e80      0x1c4 build\Libraries\STM32F4xx_HAL_Driver\Src\stm32f4xx_hal_rcc.o
                0x08002e80                HAL_RCC_ClockConfig
 .text.HAL_RCC_GetSysClockFreq
                0x08003044      0x1b0 build\Libraries\STM32F4xx_HAL_Driver\Src\stm32f4xx_hal_rcc.o
                0x08003044                HAL_RCC_GetSysClockFreq
 .text.HAL_RCC_GetHCLKFreq
                0x080031f4       0x18 build\Libraries\STM32F4xx_HAL_Driver\Src\stm32f4xx_hal_rcc.o
                0x080031f4                HAL_RCC_GetHCLKFreq
 .text.HAL_RCC_GetPCLK1Freq
                0x0800320c       0x28 build\Libraries\STM32F4xx_HAL_Driver\Src\stm32f4xx_hal_rcc.o
                0x0800320c                HAL_RCC_GetPCLK1Freq
 .text.HAL_RCC_GetPCLK2Freq
                0x08003234       0x28 build\Libraries\STM32F4xx_HAL_Driver\Src\stm32f4xx_hal_rcc.o
                0x08003234                HAL_RCC_GetPCLK2Freq
 .text.HAL_SPI_Init
                0x0800325c       0xc8 build\Libraries\STM32F4xx_HAL_Driver\Src\stm32f4xx_hal_spi.o
                0x0800325c                HAL_SPI_Init
 .text.HAL_UART_Init
                0x08003324       0x9a build\Libraries\STM32F4xx_HAL_Driver\Src\stm32f4xx_hal_uart.o
                0x08003324                HAL_UART_Init
 *fill*         0x080033be        0x2 00000000
 .text.UART_SetConfig
                0x080033c0      0x438 build\Libraries\STM32F4xx_HAL_Driver\Src\stm32f4xx_hal_uart.o
 .text.rt_tick_get
                0x080037f8       0x18 build\kernel\src\clock.o
                0x080037f8                rt_tick_get
 .text.rt_tick_increase
                0x08003810       0x44 build\kernel\src\clock.o
                0x08003810                rt_tick_increase
 .text.rt_tick_from_millisecond
                0x08003854       0x44 build\kernel\src\clock.o
                0x08003854                rt_tick_from_millisecond
 .text.rti_start
                0x08003898       0x10 build\kernel\src\components.o
 .text.rti_board_start
                0x080038a8       0x10 build\kernel\src\components.o
 .text.rti_board_end
                0x080038b8       0x10 build\kernel\src\components.o
 .text.rti_end  0x080038c8       0x10 build\kernel\src\components.o
 .text.rt_components_board_init
                0x080038d8       0x30 build\kernel\src\components.o
                0x080038d8                rt_components_board_init
 .text.rt_components_init
                0x08003908       0x30 build\kernel\src\components.o
                0x08003908                rt_components_init
 .text.entry    0x08003938       0x12 build\kernel\src\components.o
                0x08003938                entry
 .text.main_thread_entry
                0x0800394a       0x18 build\kernel\src\components.o
                0x0800394a                main_thread_entry
 *fill*         0x08003962        0x2 00000000
 .text.rt_application_init
                0x08003964       0x4c build\kernel\src\components.o
                0x08003964                rt_application_init
 .text.rtthread_startup
                0x080039b0       0x2e build\kernel\src\components.o
                0x080039b0                rtthread_startup
 .text.rt_device_register
                0x080039de       0x54 build\kernel\src\device.o
                0x080039de                rt_device_register
 *fill*         0x08003a32        0x2 00000000
 .text.rt_device_find
                0x08003a34       0x90 build\kernel\src\device.o
                0x08003a34                rt_device_find
 .text.rt_device_open
                0x08003ac4      0x100 build\kernel\src\device.o
                0x08003ac4                rt_device_open
 .text.rt_device_close
                0x08003bc4       0x7c build\kernel\src\device.o
                0x08003bc4                rt_device_close
 .text.rt_device_read
                0x08003c40       0x68 build\kernel\src\device.o
                0x08003c40                rt_device_read
 .text.rt_device_write
                0x08003ca8       0x68 build\kernel\src\device.o
                0x08003ca8                rt_device_write
 .text.rt_device_set_rx_indicate
                0x08003d10       0x34 build\kernel\src\device.o
                0x08003d10                rt_device_set_rx_indicate
 .text.rt_list_remove
                0x08003d44       0x36 build\kernel\src\idle.o
 *fill*         0x08003d7a        0x2 00000000
 .text._has_defunct_thread
                0x08003d7c       0x2c build\kernel\src\idle.o
 .text.rt_thread_idle_excute
                0x08003da8       0xc4 build\kernel\src\idle.o
                0x08003da8                rt_thread_idle_excute
 .text.rt_thread_idle_entry
                0x08003e6c       0x20 build\kernel\src\idle.o
 .text.rt_thread_idle_init
                0x08003e8c       0x40 build\kernel\src\idle.o
                0x08003e8c                rt_thread_idle_init
 .text.rt_list_init
                0x08003ecc       0x22 build\kernel\src\ipc.o
 .text.rt_list_insert_before
                0x08003eee       0x32 build\kernel\src\ipc.o
 .text.rt_list_isempty
                0x08003f20       0x24 build\kernel\src\ipc.o
 .text.rt_ipc_object_init
                0x08003f44       0x1c build\kernel\src\ipc.o
 .text.rt_ipc_list_suspend
                0x08003f60       0x8e build\kernel\src\ipc.o
 .text.rt_ipc_list_resume
                0x08003fee       0x20 build\kernel\src\ipc.o
 *fill*         0x0800400e        0x2 00000000
 .text.rt_sem_init
                0x08004010       0x54 build\kernel\src\ipc.o
                0x08004010                rt_sem_init
 .text.rt_sem_take
                0x08004064      0x144 build\kernel\src\ipc.o
                0x08004064                rt_sem_take
 .text.rt_sem_release
                0x080041a8       0x68 build\kernel\src\ipc.o
                0x080041a8                rt_sem_release
 .text.rt_mutex_init
                0x08004210       0x64 build\kernel\src\ipc.o
                0x08004210                rt_mutex_init
 .text.rt_mutex_take
                0x08004274      0x1b4 build\kernel\src\ipc.o
                0x08004274                rt_mutex_take
 .text.rt_mutex_release
                0x08004428      0x15c build\kernel\src\ipc.o
                0x08004428                rt_mutex_release
 .text.rt_interrupt_enter
                0x08004584       0x40 build\kernel\src\irq.o
                0x08004584                rt_interrupt_enter
 .text.rt_interrupt_leave
                0x080045c4       0x40 build\kernel\src\irq.o
                0x080045c4                rt_interrupt_leave
 .text.rt_interrupt_get_nest
                0x08004604       0x18 build\kernel\src\irq.o
                0x08004604                rt_interrupt_get_nest
 .text.rt_set_errno
                0x0800461c       0x40 build\kernel\src\kservice.o
                0x0800461c                rt_set_errno
 .text.rt_memset
                0x0800465c       0xb6 build\kernel\src\kservice.o
                0x0800465c                rt_memset
 .text.rt_memcpy
                0x08004712       0xd2 build\kernel\src\kservice.o
                0x08004712                rt_memcpy
 .text.rt_memmove
                0x080047e4       0x82 build\kernel\src\kservice.o
                0x080047e4                rt_memmove
 .text.rt_strncpy
                0x08004866       0x64 build\kernel\src\kservice.o
                0x08004866                rt_strncpy
 .text.rt_strncmp
                0x080048ca       0x4a build\kernel\src\kservice.o
                0x080048ca                rt_strncmp
 .text.rt_strlen
                0x08004914       0x2e build\kernel\src\kservice.o
                0x08004914                rt_strlen
 *fill*         0x08004942        0x2 00000000
 .text.rt_show_version
                0x08004944       0x44 build\kernel\src\kservice.o
                0x08004944                rt_show_version
 .text.divide   0x08004988       0x68 build\kernel\src\kservice.o
 .text.skip_atoi
                0x080049f0       0x40 build\kernel\src\kservice.o
 .text.print_number
                0x08004a30      0x1d4 build\kernel\src\kservice.o
 .text.rt_vsnprintf
                0x08004c04      0x544 build\kernel\src\kservice.o
                0x08004c04                rt_vsnprintf
 .text.rt_console_get_device
                0x08005148       0x18 build\kernel\src\kservice.o
                0x08005148                rt_console_get_device
 .text.rt_console_set_device
                0x08005160       0x4c build\kernel\src\kservice.o
                0x08005160                rt_console_set_device
 .text.rt_hw_console_output
                0x080051ac       0x14 build\kernel\src\kservice.o
                0x080051ac                rt_hw_console_output
 .text.rt_kprintf
                0x080051c0       0x80 build\kernel\src\kservice.o
                0x080051c0                rt_kprintf
 .text.__rt_ffs
                0x08005240       0x70 build\kernel\src\kservice.o
                0x08005240                __rt_ffs
 .text.rt_assert_handler
                0x080052b0       0x4c build\kernel\src\kservice.o
                0x080052b0                rt_assert_handler
 .text.plug_holes
                0x080052fc      0x104 build\kernel\src\mem.o
 .text.rt_system_heap_init
                0x08005400      0x118 build\kernel\src\mem.o
                0x08005400                rt_system_heap_init
 .text.rt_malloc
                0x08005518      0x290 build\kernel\src\mem.o
                0x08005518                rt_malloc
 .text.rt_free  0x080057a8      0x188 build\kernel\src\mem.o
                0x080057a8                rt_free
 .text.list_mem
                0x08005930       0x44 build\kernel\src\mem.o
                0x08005930                list_mem
 .text.rt_list_insert_after
                0x08005974       0x32 build\kernel\src\object.o
 .text.rt_list_remove
                0x080059a6       0x36 build\kernel\src\object.o
 .text.rt_object_get_information
                0x080059dc       0x48 build\kernel\src\object.o
                0x080059dc                rt_object_get_information
 .text.rt_object_init
                0x08005a24       0x84 build\kernel\src\object.o
                0x08005a24                rt_object_init
 .text.rt_object_detach
                0x08005aa8       0x54 build\kernel\src\object.o
                0x08005aa8                rt_object_detach
 .text.rt_object_allocate
                0x08005afc       0xcc build\kernel\src\object.o
                0x08005afc                rt_object_allocate
 .text.rt_object_delete
                0x08005bc8       0x74 build\kernel\src\object.o
                0x08005bc8                rt_object_delete
 .text.rt_object_is_systemobject
                0x08005c3c       0x3c build\kernel\src\object.o
                0x08005c3c                rt_object_is_systemobject
 .text.rt_list_init
                0x08005c78       0x22 build\kernel\src\scheduler.o
 .text.rt_list_insert_before
                0x08005c9a       0x32 build\kernel\src\scheduler.o
 .text.rt_list_remove
                0x08005ccc       0x36 build\kernel\src\scheduler.o
 .text.rt_list_isempty
                0x08005d02       0x24 build\kernel\src\scheduler.o
 *fill*         0x08005d26        0x2 00000000
 .text._rt_scheduler_stack_check
                0x08005d28       0x98 build\kernel\src\scheduler.o
 .text.rt_system_scheduler_init
                0x08005dc0       0x54 build\kernel\src\scheduler.o
                0x08005dc0                rt_system_scheduler_init
 .text.rt_system_scheduler_start
                0x08005e14       0x3c build\kernel\src\scheduler.o
                0x08005e14                rt_system_scheduler_start
 .text.rt_schedule
                0x08005e50       0xd4 build\kernel\src\scheduler.o
                0x08005e50                rt_schedule
 .text.rt_schedule_insert_thread
                0x08005f24       0x80 build\kernel\src\scheduler.o
                0x08005f24                rt_schedule_insert_thread
 .text.rt_schedule_remove_thread
                0x08005fa4       0x70 build\kernel\src\scheduler.o
                0x08005fa4                rt_schedule_remove_thread
 .text.rt_enter_critical
                0x08006014       0x2c build\kernel\src\scheduler.o
                0x08006014                rt_enter_critical
 .text.rt_exit_critical
                0x08006040       0x48 build\kernel\src\scheduler.o
                0x08006040                rt_exit_critical
 .text.rt_list_init
                0x08006088       0x22 build\kernel\src\thread.o
 .text.rt_list_insert_after
                0x080060aa       0x32 build\kernel\src\thread.o
 .text.rt_list_insert_before
                0x080060dc       0x32 build\kernel\src\thread.o
 .text.rt_list_remove
                0x0800610e       0x36 build\kernel\src\thread.o
 .text.rt_thread_exit
                0x08006144       0x6c build\kernel\src\thread.o
                0x08006144                rt_thread_exit
 .text._rt_thread_init
                0x080061b0       0xf8 build\kernel\src\thread.o
 .text.rt_thread_init
                0x080062a8       0x6c build\kernel\src\thread.o
                0x080062a8                rt_thread_init
 .text.rt_thread_self
                0x08006314       0x18 build\kernel\src\thread.o
                0x08006314                rt_thread_self
 .text.rt_thread_startup
                0x0800632c       0x84 build\kernel\src\thread.o
                0x0800632c                rt_thread_startup
 .text.rt_thread_create
                0x080063b0       0x62 build\kernel\src\thread.o
                0x080063b0                rt_thread_create
 *fill*         0x08006412        0x2 00000000
 .text.rt_thread_delete
                0x08006414       0x70 build\kernel\src\thread.o
                0x08006414                rt_thread_delete
 .text.rt_thread_yield
                0x08006484       0x74 build\kernel\src\thread.o
                0x08006484                rt_thread_yield
 .text.rt_thread_sleep
                0x080064f8       0x74 build\kernel\src\thread.o
                0x080064f8                rt_thread_sleep
 .text.rt_thread_delay
                0x0800656c       0x18 build\kernel\src\thread.o
                0x0800656c                rt_thread_delay
 .text.rt_thread_control
                0x08006584       0xb8 build\kernel\src\thread.o
                0x08006584                rt_thread_control
 .text.rt_thread_suspend
                0x0800663c       0x8c build\kernel\src\thread.o
                0x0800663c                rt_thread_suspend
 .text.rt_thread_resume
                0x080066c8       0x7c build\kernel\src\thread.o
                0x080066c8                rt_thread_resume
 .text.rt_thread_timeout
                0x08006744       0x68 build\kernel\src\thread.o
                0x08006744                rt_thread_timeout
 .text.rt_list_init
                0x080067ac       0x22 build\kernel\src\timer.o
 .text.rt_list_insert_after
                0x080067ce       0x32 build\kernel\src\timer.o
 .text.rt_list_remove
                0x08006800       0x36 build\kernel\src\timer.o
 .text.rt_list_isempty
                0x08006836       0x24 build\kernel\src\timer.o
 .text._rt_timer_init
                0x0800685a       0x68 build\kernel\src\timer.o
 .text._rt_timer_remove
                0x080068c2       0x34 build\kernel\src\timer.o
 *fill*         0x080068f6        0x2 00000000
 .text.rt_timer_init
                0x080068f8       0x48 build\kernel\src\timer.o
                0x080068f8                rt_timer_init
 .text.rt_timer_detach
                0x08006940       0x44 build\kernel\src\timer.o
                0x08006940                rt_timer_detach
 .text.rt_timer_start
                0x08006984      0x1dc build\kernel\src\timer.o
                0x08006984                rt_timer_start
 .text.rt_timer_stop
                0x08006b60       0x74 build\kernel\src\timer.o
                0x08006b60                rt_timer_stop
 .text.rt_timer_control
                0x08006bd4       0x84 build\kernel\src\timer.o
                0x08006bd4                rt_timer_control
 .text.rt_timer_check
                0x08006c58       0xb8 build\kernel\src\timer.o
                0x08006c58                rt_timer_check
 .text.rt_system_timer_init
                0x08006d10       0x34 build\kernel\src\timer.o
                0x08006d10                rt_system_timer_init
 .text.rt_system_timer_thread_init
                0x08006d44        0xe build\kernel\src\timer.o
                0x08006d44                rt_system_timer_thread_init
 *fill*         0x08006d52        0x2 00000000
 .text.rt_hw_stack_init
                0x08006d54       0x90 build\kernel\libcpu\arm\cortex-m4\cpuport.o
                0x08006d54                rt_hw_stack_init
 .text.rt_hw_hard_fault_exception
                0x08006de4       0xc4 build\kernel\libcpu\arm\cortex-m4\cpuport.o
                0x08006de4                rt_hw_hard_fault_exception
 .text.finsh_get_prompt
                0x08006ea8       0x60 build\kernel\components\finsh\shell.o
                0x08006ea8                finsh_get_prompt
 .text.finsh_getchar
                0x08006f08       0x58 build\kernel\components\finsh\shell.o
 .text.finsh_rx_ind
                0x08006f60       0x3c build\kernel\components\finsh\shell.o
 .text.finsh_set_device
                0x08006f9c       0xd8 build\kernel\components\finsh\shell.o
                0x08006f9c                finsh_set_device
 .text.shell_auto_complete
                0x08007074       0x40 build\kernel\components\finsh\shell.o
 .text.shell_handle_history
                0x080070b4       0x34 build\kernel\components\finsh\shell.o
 .text.shell_push_history
                0x080070e8      0x15e build\kernel\components\finsh\shell.o
 *fill*         0x08007246        0x2 00000000
 .text.finsh_thread_entry
                0x08007248      0x5c0 build\kernel\components\finsh\shell.o
                0x08007248                finsh_thread_entry
 .text.finsh_system_function_init
                0x08007808       0x2c build\kernel\components\finsh\shell.o
                0x08007808                finsh_system_function_init
 .text.finsh_system_var_init
                0x08007834       0x2c build\kernel\components\finsh\shell.o
                0x08007834                finsh_system_var_init
 .text.finsh_system_init
                0x08007860       0xbc build\kernel\components\finsh\shell.o
                0x08007860                finsh_system_init
 .text.rt_list_isempty
                0x0800791c       0x24 build\kernel\components\finsh\cmd.o
 .text.rt_list_len
                0x08007940       0x36 build\kernel\components\finsh\cmd.o
 *fill*         0x08007976        0x2 00000000
 .text.hello    0x08007978       0x14 build\kernel\components\finsh\cmd.o
                0x08007978                hello
 .text.version  0x0800798c        0xe build\kernel\components\finsh\cmd.o
                0x0800798c                version
 .text.object_name_maxlen
                0x0800799a       0x6e build\kernel\components\finsh\cmd.o
 .text.object_split
                0x08007a08       0x28 build\kernel\components\finsh\cmd.o
 .text._list_thread
                0x08007a30      0x130 build\kernel\components\finsh\cmd.o
 .text.list_thread
                0x08007b60       0x22 build\kernel\components\finsh\cmd.o
                0x08007b60                list_thread
 *fill*         0x08007b82        0x2 00000000
 .text.show_wait_queue
                0x08007b84       0x50 build\kernel\components\finsh\cmd.o
 .text._list_sem
                0x08007bd4       0xd4 build\kernel\components\finsh\cmd.o
 .text.list_sem
                0x08007ca8       0x22 build\kernel\components\finsh\cmd.o
                0x08007ca8                list_sem
 *fill*         0x08007cca        0x2 00000000
 .text._list_event
                0x08007ccc       0xc4 build\kernel\components\finsh\cmd.o
 .text.list_event
                0x08007d90       0x22 build\kernel\components\finsh\cmd.o
                0x08007d90                list_event
 *fill*         0x08007db2        0x2 00000000
 .text._list_mutex
                0x08007db4       0x94 build\kernel\components\finsh\cmd.o
 .text.list_mutex
                0x08007e48       0x22 build\kernel\components\finsh\cmd.o
                0x08007e48                list_mutex
 *fill*         0x08007e6a        0x2 00000000
 .text._list_mailbox
                0x08007e6c       0xe4 build\kernel\components\finsh\cmd.o
 .text.list_mailbox
                0x08007f50       0x22 build\kernel\components\finsh\cmd.o
                0x08007f50                list_mailbox
 *fill*         0x08007f72        0x2 00000000
 .text._list_msgqueue
                0x08007f74       0xd4 build\kernel\components\finsh\cmd.o
 .text.list_msgqueue
                0x08008048       0x22 build\kernel\components\finsh\cmd.o
                0x08008048                list_msgqueue
 *fill*         0x0800806a        0x2 00000000
 .text._list_memheap
                0x0800806c       0x84 build\kernel\components\finsh\cmd.o
 .text.list_memheap
                0x080080f0       0x22 build\kernel\components\finsh\cmd.o
                0x080080f0                list_memheap
 *fill*         0x08008112        0x2 00000000
 .text._list_mempool
                0x08008114       0xd0 build\kernel\components\finsh\cmd.o
 .text.list_mempool
                0x080081e4       0x22 build\kernel\components\finsh\cmd.o
                0x080081e4                list_mempool
 *fill*         0x08008206        0x2 00000000
 .text._list_timer
                0x08008208       0xb0 build\kernel\components\finsh\cmd.o
 .text.list_timer
                0x080082b8       0x22 build\kernel\components\finsh\cmd.o
                0x080082b8                list_timer
 *fill*         0x080082da        0x2 00000000
 .text._list_device
                0x080082dc       0xa8 build\kernel\components\finsh\cmd.o
 .text.list_device
                0x08008384       0x22 build\kernel\components\finsh\cmd.o
                0x08008384                list_device
 *fill*         0x080083a6        0x2 00000000
 .text.list     0x080083a8       0x6c build\kernel\components\finsh\cmd.o
                0x080083a8                list
 .text.msh_is_used
                0x08008414       0x10 build\kernel\components\finsh\msh.o
                0x08008414                msh_is_used
 .text.msh_help
                0x08008424       0x7c build\kernel\components\finsh\msh.o
                0x08008424                msh_help
 .text.msh_split
                0x080084a0      0x170 build\kernel\components\finsh\msh.o
 .text.msh_get_cmd
                0x08008610       0x80 build\kernel\components\finsh\msh.o
 .text._msh_exec_cmd
                0x08008690       0xd4 build\kernel\components\finsh\msh.o
 .text.msh_exec
                0x08008764       0x84 build\kernel\components\finsh\msh.o
                0x08008764                msh_exec
 .text.str_common
                0x080087e8       0x4a build\kernel\components\finsh\msh.o
 *fill*         0x08008832        0x2 00000000
 .text.msh_auto_complete
                0x08008834       0xd0 build\kernel\components\finsh\msh.o
                0x08008834                msh_auto_complete
 .text.cmd_ps   0x08008904       0x18 build\kernel\components\finsh\msh_cmd.o
                0x08008904                cmd_ps
 .text.cmd_time
                0x0800891c       0x18 build\kernel\components\finsh\msh_cmd.o
                0x0800891c                cmd_time
 .text.cmd_free
                0x08008934       0x18 build\kernel\components\finsh\msh_cmd.o
                0x08008934                cmd_free
 .text._pin_read
                0x0800894c       0x60 build\kernel\components\drivers\misc\pin.o
 .text._pin_write
                0x080089ac       0x5c build\kernel\components\drivers\misc\pin.o
 .text._pin_control
                0x08008a08       0x58 build\kernel\components\drivers\misc\pin.o
 .text.rt_device_pin_register
                0x08008a60       0x74 build\kernel\components\drivers\misc\pin.o
                0x08008a60                rt_device_pin_register
 .text.rt_pin_attach_irq
                0x08008ad4       0x58 build\kernel\components\drivers\misc\pin.o
                0x08008ad4                rt_pin_attach_irq
 .text.rt_pin_irq_enable
                0x08008b2c       0x50 build\kernel\components\drivers\misc\pin.o
                0x08008b2c                rt_pin_irq_enable
 .text.rt_pin_mode
                0x08008b7c       0x40 build\kernel\components\drivers\misc\pin.o
                0x08008b7c                rt_pin_mode
 .text.rt_pin_write
                0x08008bbc       0x40 build\kernel\components\drivers\misc\pin.o
                0x08008bbc                rt_pin_write
 .text.rt_pin_read
                0x08008bfc       0x3c build\kernel\components\drivers\misc\pin.o
                0x08008bfc                rt_pin_read
 .text._serial_poll_rx
                0x08008c38       0x74 build\kernel\components\drivers\serial\serial.o
 .text._serial_poll_tx
                0x08008cac       0x7c build\kernel\components\drivers\serial\serial.o
 .text._serial_int_rx
                0x08008d28       0xd8 build\kernel\components\drivers\serial\serial.o
 .text._serial_int_tx
                0x08008e00       0x90 build\kernel\components\drivers\serial\serial.o
 .text._serial_fifo_calc_recved_len
                0x08008e90       0x88 build\kernel\components\drivers\serial\serial.o
 .text.rt_dma_calc_recved_len
                0x08008f18       0x18 build\kernel\components\drivers\serial\serial.o
 .text.rt_dma_recv_update_get_index
                0x08008f30       0xa4 build\kernel\components\drivers\serial\serial.o
 .text.rt_dma_recv_update_put_index
                0x08008fd4      0x10c build\kernel\components\drivers\serial\serial.o
 .text._serial_dma_rx
                0x080090e0      0x198 build\kernel\components\drivers\serial\serial.o
 .text._serial_dma_tx
                0x08009278       0x70 build\kernel\components\drivers\serial\serial.o
 .text.rt_serial_init
                0x080092e8       0x5c build\kernel\components\drivers\serial\serial.o
 .text.rt_serial_open
                0x08009344      0x35c build\kernel\components\drivers\serial\serial.o
 .text.rt_serial_close
                0x080096a0      0x1a8 build\kernel\components\drivers\serial\serial.o
 .text.rt_serial_read
                0x08009848       0x84 build\kernel\components\drivers\serial\serial.o
 .text.rt_serial_write
                0x080098cc       0x84 build\kernel\components\drivers\serial\serial.o
 .text.rt_serial_control
                0x08009950       0xd0 build\kernel\components\drivers\serial\serial.o
 .text.rt_hw_serial_register
                0x08009a20       0x9c build\kernel\components\drivers\serial\serial.o
                0x08009a20                rt_hw_serial_register
 .text.rt_hw_serial_isr
                0x08009abc      0x258 build\kernel\components\drivers\serial\serial.o
                0x08009abc                rt_hw_serial_isr
 .text.rt_spi_bus_register
                0x08009d14       0x44 build\kernel\components\drivers\spi\spi_core.o
                0x08009d14                rt_spi_bus_register
 .text.rt_spi_bus_attach_device
                0x08009d58       0x62 build\kernel\components\drivers\spi\spi_core.o
                0x08009d58                rt_spi_bus_attach_device
 *fill*         0x08009dba        0x2 00000000
 .text.rt_spi_configure
                0x08009dbc       0x98 build\kernel\components\drivers\spi\spi_core.o
                0x08009dbc                rt_spi_configure
 .text.rt_spi_send_then_recv
                0x08009e54      0x148 build\kernel\components\drivers\spi\spi_core.o
                0x08009e54                rt_spi_send_then_recv
 .text.rt_spi_transfer
                0x08009f9c      0x108 build\kernel\components\drivers\spi\spi_core.o
                0x08009f9c                rt_spi_transfer
 .text._spi_bus_device_read
                0x0800a0a4       0x58 build\kernel\components\drivers\spi\spi_dev.o
 .text._spi_bus_device_write
                0x0800a0fc       0x58 build\kernel\components\drivers\spi\spi_dev.o
 .text._spi_bus_device_control
                0x0800a154       0x26 build\kernel\components\drivers\spi\spi_dev.o
 *fill*         0x0800a17a        0x2 00000000
 .text.rt_spi_bus_device_init
                0x0800a17c       0x70 build\kernel\components\drivers\spi\spi_dev.o
                0x0800a17c                rt_spi_bus_device_init
 .text._spidev_device_read
                0x0800a1ec       0x58 build\kernel\components\drivers\spi\spi_dev.o
 .text._spidev_device_write
                0x0800a244       0x58 build\kernel\components\drivers\spi\spi_dev.o
 .text._spidev_device_control
                0x0800a29c       0x26 build\kernel\components\drivers\spi\spi_dev.o
 *fill*         0x0800a2c2        0x2 00000000
 .text.rt_spidev_device_init
                0x0800a2c4       0x70 build\kernel\components\drivers\spi\spi_dev.o
                0x0800a2c4                rt_spidev_device_init
 .text.rt_list_init
                0x0800a334       0x22 build\kernel\components\drivers\src\completion.o
 .text.rt_list_insert_before
                0x0800a356       0x32 build\kernel\components\drivers\src\completion.o
 .text.rt_list_isempty
                0x0800a388       0x24 build\kernel\components\drivers\src\completion.o
 .text.rt_completion_init
                0x0800a3ac       0x44 build\kernel\components\drivers\src\completion.o
                0x0800a3ac                rt_completion_init
 .text.rt_completion_wait
                0x0800a3f0       0xfc build\kernel\components\drivers\src\completion.o
                0x0800a3f0                rt_completion_wait
 .text.rt_completion_done
                0x0800a4ec       0x70 build\kernel\components\drivers\src\completion.o
                0x0800a4ec                rt_completion_done
 .text.rt_list_init
                0x0800a55c       0x22 build\kernel\components\drivers\src\dataqueue.o
 .text.rt_list_insert_before
                0x0800a57e       0x32 build\kernel\components\drivers\src\dataqueue.o
 .text.rt_list_isempty
                0x0800a5b0       0x24 build\kernel\components\drivers\src\dataqueue.o
 .text.rt_data_queue_init
                0x0800a5d4       0x84 build\kernel\components\drivers\src\dataqueue.o
                0x0800a5d4                rt_data_queue_init
 .text.rt_data_queue_push
                0x0800a658      0x194 build\kernel\components\drivers\src\dataqueue.o
                0x0800a658                rt_data_queue_push
 .text.rt_data_queue_pop
                0x0800a7ec      0x1e8 build\kernel\components\drivers\src\dataqueue.o
                0x0800a7ec                rt_data_queue_pop
 .text.rt_data_queue_peak
                0x0800a9d4       0xa0 build\kernel\components\drivers\src\dataqueue.o
                0x0800a9d4                rt_data_queue_peak
 .text.memcmp   0x0800aa74       0x64 c:/gnu tools arm embedded/7 2017-q4-major/bin/../lib/gcc/arm-none-eabi/7.2.1/../../../../arm-none-eabi/lib/thumb/v7e-m/fpv4-sp/hard\libc.a(lib_a-memcmp.o)
                0x0800aa74                memcmp
 .text.memset   0x0800aad8       0x94 c:/gnu tools arm embedded/7 2017-q4-major/bin/../lib/gcc/arm-none-eabi/7.2.1/../../../../arm-none-eabi/lib/thumb/v7e-m/fpv4-sp/hard\libc.a(lib_a-memset.o)
                0x0800aad8                memset
 .text.strncmp  0x0800ab6c       0x98 c:/gnu tools arm embedded/7 2017-q4-major/bin/../lib/gcc/arm-none-eabi/7.2.1/../../../../arm-none-eabi/lib/thumb/v7e-m/fpv4-sp/hard\libc.a(lib_a-strncmp.o)
                0x0800ab6c                strncmp
 *(.rodata)
 .rodata        0x0800ac04       0x3e build\applications\bsp_key.o
 *fill*         0x0800ac42        0x2 00000000
 .rodata        0x0800ac44        0x8 build\applications\main.o
 .rodata        0x0800ac4c        0x6 build\drivers\board.o
 *fill*         0x0800ac52        0x2 00000000
 .rodata        0x0800ac54        0x4 build\drivers\drv_gpio.o
 .rodata        0x0800ac58       0x34 build\drivers\drv_usart.o
 .rodata        0x0800ac8c       0x89 build\drivers\drv_spi.o
 *fill*         0x0800ad15        0x3 00000000
 .rodata        0x0800ad18       0xa3 build\drivers\icm20602.o
 *fill*         0x0800adbb        0x1 00000000
 .rodata        0x0800adbc       0x17 build\kernel\src\components.o
 *fill*         0x0800add3        0x1 00000000
 .rodata        0x0800add4       0x74 build\kernel\src\device.o
 .rodata        0x0800ae48       0x32 build\kernel\src\idle.o
 *fill*         0x0800ae7a        0x2 00000000
 .rodata        0x0800ae7c       0xda build\kernel\src\ipc.o
 *fill*         0x0800af56        0x2 00000000
 .rodata        0x0800af58       0xc7 build\kernel\src\kservice.o
 *fill*         0x0800b01f        0x1 00000000
 .rodata        0x0800b020      0x302 build\kernel\src\mem.o
 *fill*         0x0800b322        0x2 00000000
 .rodata        0x0800b324       0x81 build\kernel\src\object.o
 *fill*         0x0800b3a5        0x3 00000000
 .rodata        0x0800b3a8       0x65 build\kernel\src\scheduler.o
 *fill*         0x0800b40d        0x3 00000000
 .rodata        0x0800b410       0xdb build\kernel\src\thread.o
 *fill*         0x0800b4eb        0x1 00000000
 .rodata        0x0800b4ec       0x37 build\kernel\src\timer.o
 *fill*         0x0800b523        0x1 00000000
 .rodata        0x0800b524       0xae build\kernel\libcpu\arm\cortex-m4\cpuport.o
 *fill*         0x0800b5d2        0x2 00000000
 .rodata        0x0800b5d4       0x9b build\kernel\components\finsh\shell.o
 *fill*         0x0800b66f        0x1 00000000
 .rodata        0x0800b670      0x6d5 build\kernel\components\finsh\cmd.o
 *fill*         0x0800bd45        0x3 00000000
 .rodata        0x0800bd48       0x80 build\kernel\components\finsh\msh.o
 .rodata        0x0800bdc8       0x27 build\kernel\components\drivers\misc\pin.o
 *fill*         0x0800bdef        0x1 00000000
 .rodata        0x0800bdf0      0x126 build\kernel\components\drivers\serial\serial.o
 *fill*         0x0800bf16        0x2 00000000
 .rodata        0x0800bf18       0x49 build\kernel\components\drivers\spi\spi_core.o
 *fill*         0x0800bf61        0x3 00000000
 .rodata        0x0800bf64       0x63 build\kernel\components\drivers\spi\spi_dev.o
 *fill*         0x0800bfc7        0x1 00000000
 .rodata        0x0800bfc8       0x72 build\kernel\components\drivers\src\completion.o
 *fill*         0x0800c03a        0x2 00000000
 .rodata        0x0800c03c       0x64 build\kernel\components\drivers\src\dataqueue.o
 *(.rodata*)
 .rodata.pins   0x0800c0a0      0x650 build\drivers\drv_gpio.o
 .rodata.pin_irq_map
                0x0800c6f0       0x40 build\drivers\drv_gpio.o
 .rodata._stm32_pin_ops
                0x0800c730       0x18 build\drivers\drv_gpio.o
 .rodata.drv_uart_ops
                0x0800c748       0x14 build\drivers\drv_usart.o
 .rodata.__FUNCTION__.10441
                0x0800c75c        0xe build\drivers\drv_usart.o
 *fill*         0x0800c76a        0x2 00000000
 .rodata.__FUNCTION__.10461
                0x0800c76c        0xc build\drivers\drv_usart.o
 .rodata.__FUNCTION__.10470
                0x0800c778        0x9 build\drivers\drv_usart.o
 *fill*         0x0800c781        0x3 00000000
 .rodata.__FUNCTION__.10479
                0x0800c784        0x9 build\drivers\drv_usart.o
 *fill*         0x0800c78d        0x3 00000000
 .rodata.stm_spi_ops
                0x0800c790        0x8 build\drivers\drv_spi.o
                0x0800c790                stm_spi_ops
 .rodata.__FUNCTION__.10461
                0x0800c798        0x8 build\drivers\drv_spi.o
 .rodata.__FUNCTION__.10497
                0x0800c7a0       0x1c build\drivers\drv_spi.o
 .rodata.name   0x0800c7bc       0x1d build\drivers\icm20602.o
                0x0800c7bc                __fsym___cmd_icm_name
                0x0800c7c8                __fsym___cmd_icm_desc
 *fill*         0x0800c7d9        0x3 00000000
 .rodata.__FUNCTION__.7277
                0x0800c7dc       0x18 build\drivers\icm20602.o
 .rodata.AHBPrescTable
                0x0800c7f4       0x10 build\Libraries\CMSIS\Device\ST\STM32F4xx\Source\Templates\system_stm32f4xx.o
                0x0800c7f4                AHBPrescTable
 .rodata.APBPrescTable
                0x0800c804        0x8 build\Libraries\CMSIS\Device\ST\STM32F4xx\Source\Templates\system_stm32f4xx.o
                0x0800c804                APBPrescTable
 .rodata.__FUNCTION__.6614
                0x0800c80c       0x14 build\kernel\src\components.o
 .rodata.__FUNCTION__.6504
                0x0800c820        0xf build\kernel\src\device.o
 *fill*         0x0800c82f        0x1 00000000
 .rodata.__FUNCTION__.6527
                0x0800c830        0xf build\kernel\src\device.o
 *fill*         0x0800c83f        0x1 00000000
 .rodata.__FUNCTION__.6532
                0x0800c840       0x10 build\kernel\src\device.o
 .rodata.__FUNCTION__.6539
                0x0800c850        0xf build\kernel\src\device.o
 *fill*         0x0800c85f        0x1 00000000
 .rodata.__FUNCTION__.6546
                0x0800c860       0x10 build\kernel\src\device.o
 .rodata.__FUNCTION__.6559
                0x0800c870       0x1a build\kernel\src\device.o
 *fill*         0x0800c88a        0x2 00000000
 .rodata.__FUNCTION__.6578
                0x0800c88c       0x16 build\kernel\src\idle.o
 *fill*         0x0800c8a2        0x2 00000000
 .rodata.__FUNCTION__.6600
                0x0800c8a4        0xc build\kernel\src\ipc.o
 .rodata.__FUNCTION__.6624
                0x0800c8b0        0xc build\kernel\src\ipc.o
 .rodata.__FUNCTION__.6648
                0x0800c8bc        0xe build\kernel\src\ipc.o
 *fill*         0x0800c8ca        0x2 00000000
 .rodata.__FUNCTION__.6672
                0x0800c8cc        0xe build\kernel\src\ipc.o
 *fill*         0x0800c8da        0x2 00000000
 .rodata.__FUNCTION__.6682
                0x0800c8dc       0x11 build\kernel\src\ipc.o
 *fill*         0x0800c8ed        0x3 00000000
 .rodata.__lowest_bit_bitmap
                0x0800c8f0      0x100 build\kernel\src\kservice.o
                0x0800c8f0                __lowest_bit_bitmap
 .rodata.large_digits.6733
                0x0800c9f0       0x11 build\kernel\src\kservice.o
 *fill*         0x0800ca01        0x3 00000000
 .rodata.small_digits.6732
                0x0800ca04       0x11 build\kernel\src\kservice.o
 *fill*         0x0800ca15        0x3 00000000
 .rodata.name   0x0800ca18       0x2a build\kernel\src\mem.o
                0x0800ca18                __fsym_list_mem_name
                0x0800ca24                __fsym_list_mem_desc
 *fill*         0x0800ca42        0x2 00000000
 .rodata.__FUNCTION__.6591
                0x0800ca44        0xb build\kernel\src\mem.o
 *fill*         0x0800ca4f        0x1 00000000
 .rodata.__FUNCTION__.6600
                0x0800ca50       0x14 build\kernel\src\mem.o
 .rodata.__FUNCTION__.6609
                0x0800ca64        0xa build\kernel\src\mem.o
 *fill*         0x0800ca6e        0x2 00000000
 .rodata.__FUNCTION__.6640
                0x0800ca70        0x8 build\kernel\src\mem.o
 .rodata.__FUNCTION__.6620
                0x0800ca78        0xf build\kernel\src\object.o
 *fill*         0x0800ca87        0x1 00000000
 .rodata.__FUNCTION__.6625
                0x0800ca88       0x11 build\kernel\src\object.o
 *fill*         0x0800ca99        0x3 00000000
 .rodata.__FUNCTION__.6634
                0x0800ca9c       0x13 build\kernel\src\object.o
 *fill*         0x0800caaf        0x1 00000000
 .rodata.__FUNCTION__.6639
                0x0800cab0       0x11 build\kernel\src\object.o
 *fill*         0x0800cac1        0x3 00000000
 .rodata.__FUNCTION__.6643
                0x0800cac4       0x1a build\kernel\src\object.o
 *fill*         0x0800cade        0x2 00000000
 .rodata.__FUNCTION__.6578
                0x0800cae0       0x1a build\kernel\src\scheduler.o
 *fill*         0x0800cafa        0x2 00000000
 .rodata.__FUNCTION__.6612
                0x0800cafc       0x1a build\kernel\src\scheduler.o
 *fill*         0x0800cb16        0x2 00000000
 .rodata.__FUNCTION__.6617
                0x0800cb18       0x1a build\kernel\src\scheduler.o
 *fill*         0x0800cb32        0x2 00000000
 .rodata.__FUNCTION__.6597
                0x0800cb34       0x10 build\kernel\src\thread.o
 .rodata.__FUNCTION__.6609
                0x0800cb44        0xf build\kernel\src\thread.o
 *fill*         0x0800cb53        0x1 00000000
 .rodata.__FUNCTION__.6616
                0x0800cb54       0x12 build\kernel\src\thread.o
 *fill*         0x0800cb66        0x2 00000000
 .rodata.__FUNCTION__.6637
                0x0800cb68       0x11 build\kernel\src\thread.o
 *fill*         0x0800cb79        0x3 00000000
 .rodata.__FUNCTION__.6648
                0x0800cb7c       0x10 build\kernel\src\thread.o
 .rodata.__FUNCTION__.6658
                0x0800cb8c       0x12 build\kernel\src\thread.o
 *fill*         0x0800cb9e        0x2 00000000
 .rodata.__FUNCTION__.6668
                0x0800cba0       0x12 build\kernel\src\thread.o
 *fill*         0x0800cbb2        0x2 00000000
 .rodata.__FUNCTION__.6673
                0x0800cbb4       0x11 build\kernel\src\thread.o
 *fill*         0x0800cbc5        0x3 00000000
 .rodata.__FUNCTION__.6678
                0x0800cbc8       0x12 build\kernel\src\thread.o
 *fill*         0x0800cbda        0x2 00000000
 .rodata.__FUNCTION__.6603
                0x0800cbdc        0xe build\kernel\src\timer.o
 *fill*         0x0800cbea        0x2 00000000
 .rodata.__FUNCTION__.6608
                0x0800cbec       0x10 build\kernel\src\timer.o
 .rodata.__FUNCTION__.6632
                0x0800cbfc        0xf build\kernel\src\timer.o
 *fill*         0x0800cc0b        0x1 00000000
 .rodata.__FUNCTION__.6649
                0x0800cc0c        0xe build\kernel\src\timer.o
 *fill*         0x0800cc1a        0x2 00000000
 .rodata.__FUNCTION__.6655
                0x0800cc1c       0x11 build\kernel\src\timer.o
 *fill*         0x0800cc2d        0x3 00000000
 .rodata.__FUNCTION__.7619
                0x0800cc30        0xe build\kernel\components\finsh\shell.o
 *fill*         0x0800cc3e        0x2 00000000
 .rodata.__FUNCTION__.7627
                0x0800cc40        0xd build\kernel\components\finsh\shell.o
 *fill*         0x0800cc4d        0x3 00000000
 .rodata.__FUNCTION__.7632
                0x0800cc50       0x11 build\kernel\components\finsh\shell.o
 *fill*         0x0800cc61        0x3 00000000
 .rodata.name   0x0800cc64      0x3d6 build\kernel\components\finsh\cmd.o
                0x0800cc64                __fsym_hello_name
                0x0800cc6c                __fsym_hello_desc
                0x0800cc7c                __fsym_version_name
                0x0800cc84                __fsym_version_desc
                0x0800cca8                __fsym___cmd_version_name
                0x0800ccb8                __fsym___cmd_version_desc
                0x0800ccdc                __fsym_list_thread_name
                0x0800cce8                __fsym_list_thread_desc
                0x0800ccf4                __fsym___cmd_list_thread_name
                0x0800cd08                __fsym___cmd_list_thread_desc
                0x0800cd14                __fsym_list_sem_name
                0x0800cd20                __fsym_list_sem_desc
                0x0800cd3c                __fsym___cmd_list_sem_name
                0x0800cd4c                __fsym___cmd_list_sem_desc
                0x0800cd68                __fsym_list_event_name
                0x0800cd74                __fsym_list_event_desc
                0x0800cd8c                __fsym___cmd_list_event_name
                0x0800cda0                __fsym___cmd_list_event_desc
                0x0800cdb8                __fsym_list_mutex_name
                0x0800cdc4                __fsym_list_mutex_desc
                0x0800cddc                __fsym___cmd_list_mutex_name
                0x0800cdf0                __fsym___cmd_list_mutex_desc
                0x0800ce08                __fsym_list_mailbox_name
                0x0800ce18                __fsym_list_mailbox_desc
                0x0800ce30                __fsym___cmd_list_mailbox_name
                0x0800ce44                __fsym___cmd_list_mailbox_desc
                0x0800ce5c                __fsym_list_msgqueue_name
                0x0800ce6c                __fsym_list_msgqueue_desc
                0x0800ce8c                __fsym___cmd_list_msgqueue_name
                0x0800cea0                __fsym___cmd_list_msgqueue_desc
                0x0800cec0                __fsym_list_memheap_name
                0x0800ced0                __fsym_list_memheap_desc
                0x0800ceec                __fsym___cmd_list_memheap_name
                0x0800cf00                __fsym___cmd_list_memheap_desc
                0x0800cf1c                __fsym_list_mempool_name
                0x0800cf2c                __fsym_list_mempool_desc
                0x0800cf48                __fsym___cmd_list_mempool_name
                0x0800cf5c                __fsym___cmd_list_mempool_desc
                0x0800cf78                __fsym_list_timer_name
                0x0800cf84                __fsym_list_timer_desc
                0x0800cf9c                __fsym___cmd_list_timer_name
                0x0800cfb0                __fsym___cmd_list_timer_desc
                0x0800cfc8                __fsym_list_device_name
                0x0800cfd4                __fsym_list_device_desc
                0x0800cfec                __fsym___cmd_list_device_name
                0x0800d000                __fsym___cmd_list_device_desc
                0x0800d018                __fsym_list_name
                0x0800d020                __fsym_list_desc
 *fill*         0x0800d03a        0x2 00000000
 .rodata.name   0x0800d03c       0x22 build\kernel\components\finsh\msh.o
                0x0800d03c                __fsym___cmd_help_name
                0x0800d048                __fsym___cmd_help_desc
 *fill*         0x0800d05e        0x2 00000000
 .rodata.__FUNCTION__.7596
                0x0800d060        0xe build\kernel\components\finsh\msh.o
 *fill*         0x0800d06e        0x2 00000000
 .rodata.name   0x0800d070       0x81 build\kernel\components\finsh\msh_cmd.o
                0x0800d070                __fsym___cmd_ps_name
                0x0800d07c                __fsym___cmd_ps_desc
                0x0800d098                __fsym___cmd_time_name
                0x0800d0a4                __fsym___cmd_time_desc
                0x0800d0c0                __fsym___cmd_free_name
                0x0800d0cc                __fsym___cmd_free_desc
 *fill*         0x0800d0f1        0x3 00000000
 .rodata.name   0x0800d0f4       0x6e build\kernel\components\drivers\misc\pin.o
                0x0800d0f4                __fsym_pinMode_name
                0x0800d0fc                __fsym_pinMode_desc
                0x0800d114                __fsym_pinWrite_name
                0x0800d120                __fsym_pinWrite_desc
                0x0800d13c                __fsym_pinRead_name
                0x0800d144                __fsym_pinRead_desc
 *fill*         0x0800d162        0x2 00000000
 .rodata.__FUNCTION__.7900
                0x0800d164        0xa build\kernel\components\drivers\misc\pin.o
 *fill*         0x0800d16e        0x2 00000000
 .rodata.__FUNCTION__.7909
                0x0800d170        0xb build\kernel\components\drivers\misc\pin.o
 *fill*         0x0800d17b        0x1 00000000
 .rodata.__FUNCTION__.7917
                0x0800d17c        0xd build\kernel\components\drivers\misc\pin.o
 *fill*         0x0800d189        0x3 00000000
 .rodata.__FUNCTION__.7930
                0x0800d18c       0x12 build\kernel\components\drivers\misc\pin.o
 *fill*         0x0800d19e        0x2 00000000
 .rodata.__FUNCTION__.7939
                0x0800d1a0       0x12 build\kernel\components\drivers\misc\pin.o
 *fill*         0x0800d1b2        0x2 00000000
 .rodata.__FUNCTION__.7944
                0x0800d1b4        0xc build\kernel\components\drivers\misc\pin.o
 .rodata.__FUNCTION__.7952
                0x0800d1c0        0xd build\kernel\components\drivers\misc\pin.o
 *fill*         0x0800d1cd        0x3 00000000
 .rodata.__FUNCTION__.7959
                0x0800d1d0        0xc build\kernel\components\drivers\misc\pin.o
 .rodata.__FUNCTION__.7280
                0x0800d1dc       0x1d build\kernel\components\drivers\serial\serial.o
 *fill*         0x0800d1f9        0x3 00000000
 .rodata.__FUNCTION__.7289
                0x0800d1fc       0x1d build\kernel\components\drivers\serial\serial.o
 *fill*         0x0800d219        0x3 00000000
 .rodata.__FUNCTION__.7295
                0x0800d21c       0x1d build\kernel\components\drivers\serial\serial.o
 *fill*         0x0800d239        0x3 00000000
 .rodata.__FUNCTION__.7321
                0x0800d23c        0xf build\kernel\components\drivers\serial\serial.o
 *fill*         0x0800d24b        0x1 00000000
 .rodata.__FUNCTION__.7328
                0x0800d24c        0xf build\kernel\components\drivers\serial\serial.o
 *fill*         0x0800d25b        0x1 00000000
 .rodata.__FUNCTION__.7338
                0x0800d25c       0x10 build\kernel\components\drivers\serial\serial.o
 .rodata.__FUNCTION__.7351
                0x0800d26c        0xf build\kernel\components\drivers\serial\serial.o
 *fill*         0x0800d27b        0x1 00000000
 .rodata.__FUNCTION__.7259
                0x0800d27c        0xf build\kernel\components\drivers\serial\serial.o
 *fill*         0x0800d28b        0x1 00000000
 .rodata.__FUNCTION__.7302
                0x0800d28c        0xf build\kernel\components\drivers\serial\serial.o
 *fill*         0x0800d29b        0x1 00000000
 .rodata.__FUNCTION__.7238
                0x0800d29c       0x10 build\kernel\components\drivers\serial\serial.o
 .rodata.__FUNCTION__.7359
                0x0800d2ac       0x10 build\kernel\components\drivers\serial\serial.o
 .rodata.__FUNCTION__.7272
                0x0800d2bc        0xf build\kernel\components\drivers\serial\serial.o
 *fill*         0x0800d2cb        0x1 00000000
 .rodata.__FUNCTION__.7248
                0x0800d2cc       0x10 build\kernel\components\drivers\serial\serial.o
 .rodata.__FUNCTION__.7367
                0x0800d2dc       0x12 build\kernel\components\drivers\serial\serial.o
 *fill*         0x0800d2ee        0x2 00000000
 .rodata.__FUNCTION__.7382
                0x0800d2f0       0x16 build\kernel\components\drivers\serial\serial.o
 *fill*         0x0800d306        0x2 00000000
 .rodata.__FUNCTION__.7391
                0x0800d308       0x11 build\kernel\components\drivers\serial\serial.o
 *fill*         0x0800d319        0x3 00000000
 .rodata.__FUNCTION__.6882
                0x0800d31c       0x11 build\kernel\components\drivers\spi\spi_core.o
 *fill*         0x0800d32d        0x3 00000000
 .rodata.__FUNCTION__.6903
                0x0800d330       0x16 build\kernel\components\drivers\spi\spi_core.o
 *fill*         0x0800d346        0x2 00000000
 .rodata.__FUNCTION__.6913
                0x0800d348       0x10 build\kernel\components\drivers\spi\spi_core.o
 .rodata.__FUNCTION__.6864
                0x0800d358       0x15 build\kernel\components\drivers\spi\spi_dev.o
 *fill*         0x0800d36d        0x3 00000000
 .rodata.__FUNCTION__.6872
                0x0800d370       0x16 build\kernel\components\drivers\spi\spi_dev.o
 *fill*         0x0800d386        0x2 00000000
 .rodata.__FUNCTION__.6886
                0x0800d388       0x17 build\kernel\components\drivers\spi\spi_dev.o
 *fill*         0x0800d39f        0x1 00000000
 .rodata.__FUNCTION__.6894
                0x0800d3a0       0x14 build\kernel\components\drivers\spi\spi_dev.o
 .rodata.__FUNCTION__.6902
                0x0800d3b4       0x15 build\kernel\components\drivers\spi\spi_dev.o
 *fill*         0x0800d3c9        0x3 00000000
 .rodata.__FUNCTION__.6916
                0x0800d3cc       0x16 build\kernel\components\drivers\spi\spi_dev.o
 *fill*         0x0800d3e2        0x2 00000000
 .rodata.__FUNCTION__.7235
                0x0800d3e4       0x13 build\kernel\components\drivers\src\completion.o
 *fill*         0x0800d3f7        0x1 00000000
 .rodata.__FUNCTION__.7243
                0x0800d3f8       0x13 build\kernel\components\drivers\src\completion.o
 *fill*         0x0800d40b        0x1 00000000
 .rodata.__FUNCTION__.7250
                0x0800d40c       0x13 build\kernel\components\drivers\src\completion.o
 *fill*         0x0800d41f        0x1 00000000
 .rodata.__FUNCTION__.7241
                0x0800d420       0x13 build\kernel\components\drivers\src\dataqueue.o
 *fill*         0x0800d433        0x1 00000000
 .rodata.__FUNCTION__.7251
                0x0800d434       0x13 build\kernel\components\drivers\src\dataqueue.o
 *fill*         0x0800d447        0x1 00000000
 .rodata.__FUNCTION__.7266
                0x0800d448       0x12 build\kernel\components\drivers\src\dataqueue.o
 *fill*         0x0800d45a        0x2 00000000
 .rodata.__FUNCTION__.7278
                0x0800d45c       0x13 build\kernel\components\drivers\src\dataqueue.o
 *(.glue_7)
 .glue_7        0x0800d46f        0x0 linker stubs
 *(.glue_7t)
 .glue_7t       0x0800d46f        0x0 linker stubs
 *(.gnu.linkonce.t*)
                0x0800d470                . = ALIGN (0x4)
 *fill*         0x0800d46f        0x1 00000000
                0x0800d470                __fsymtab_start = .
 *(FSymTab)
 FSymTab        0x0800d470        0xc build\drivers\icm20602.o
                0x0800d470                __fsym___cmd_icm
 FSymTab        0x0800d47c        0xc build\kernel\src\mem.o
                0x0800d47c                __fsym_list_mem
 FSymTab        0x0800d488      0x120 build\kernel\components\finsh\cmd.o
                0x0800d488                __fsym_hello
                0x0800d494                __fsym_version
                0x0800d4a0                __fsym___cmd_version
                0x0800d4ac                __fsym_list_thread
                0x0800d4b8                __fsym___cmd_list_thread
                0x0800d4c4                __fsym_list_sem
                0x0800d4d0                __fsym___cmd_list_sem
                0x0800d4dc                __fsym_list_event
                0x0800d4e8                __fsym___cmd_list_event
                0x0800d4f4                __fsym_list_mutex
                0x0800d500                __fsym___cmd_list_mutex
                0x0800d50c                __fsym_list_mailbox
                0x0800d518                __fsym___cmd_list_mailbox
                0x0800d524                __fsym_list_msgqueue
                0x0800d530                __fsym___cmd_list_msgqueue
                0x0800d53c                __fsym_list_memheap
                0x0800d548                __fsym___cmd_list_memheap
                0x0800d554                __fsym_list_mempool
                0x0800d560                __fsym___cmd_list_mempool
                0x0800d56c                __fsym_list_timer
                0x0800d578                __fsym___cmd_list_timer
                0x0800d584                __fsym_list_device
                0x0800d590                __fsym___cmd_list_device
                0x0800d59c                __fsym_list
 FSymTab        0x0800d5a8        0xc build\kernel\components\finsh\msh.o
                0x0800d5a8                __fsym___cmd_help
 FSymTab        0x0800d5b4       0x24 build\kernel\components\finsh\msh_cmd.o
                0x0800d5b4                __fsym___cmd_ps
                0x0800d5c0                __fsym___cmd_time
                0x0800d5cc                __fsym___cmd_free
 FSymTab        0x0800d5d8       0x24 build\kernel\components\drivers\misc\pin.o
                0x0800d5d8                __fsym_pinMode
                0x0800d5e4                __fsym_pinWrite
                0x0800d5f0                __fsym_pinRead
                0x0800d5fc                __fsymtab_end = .
                0x0800d5fc                . = ALIGN (0x4)
                0x0800d5fc                __vsymtab_start = .
 *(VSymTab)
                0x0800d5fc                __vsymtab_end = .
                0x0800d5fc                . = ALIGN (0x4)
                0x0800d5fc                . = ALIGN (0x4)
                0x0800d5fc                __rt_init_start = .
 *(SORT_BY_NAME(.rti_fn*))
 .rti_fn.0      0x0800d5fc        0x4 build\kernel\src\components.o
                0x0800d5fc                __rt_init_rti_start
 .rti_fn.0.end  0x0800d600        0x4 build\kernel\src\components.o
                0x0800d600                __rt_init_rti_board_start
 .rti_fn.1      0x0800d604        0x4 build\drivers\drv_gpio.o
                0x0800d604                __rt_init_rt_hw_pin_init
 .rti_fn.1      0x0800d608        0x4 build\drivers\drv_usart.o
                0x0800d608                __rt_init_hw_usart_init
 .rti_fn.1      0x0800d60c        0x4 build\drivers\drv_spi.o
                0x0800d60c                __rt_init_stm32_hw_spi_init
 .rti_fn.1      0x0800d610        0x4 build\drivers\icm20602.o
                0x0800d610                __rt_init_rt_hw_icm20602_spi_init
 .rti_fn.1.end  0x0800d614        0x4 build\kernel\src\components.o
                0x0800d614                __rt_init_rti_board_end
 .rti_fn.6      0x0800d618        0x4 build\kernel\components\finsh\shell.o
                0x0800d618                __rt_init_finsh_system_init
 .rti_fn.6.end  0x0800d61c        0x4 build\kernel\src\components.o
                0x0800d61c                __rt_init_rti_end
                0x0800d620                __rt_init_end = .
                0x0800d620                . = ALIGN (0x4)
                0x0800d620                . = ALIGN (0x4)
                0x0800d620                _etext = .
                0x0800d620                __exidx_start = .

.vfp11_veneer   0x0800d620        0x0
 .vfp11_veneer  0x0800d620        0x0 linker stubs

.v4_bx          0x0800d620        0x0
 .v4_bx         0x0800d620        0x0 linker stubs

.init           0x0800d620        0x4
 .init          0x0800d620        0x4 c:/gnu tools arm embedded/7 2017-q4-major/bin/../lib/gcc/arm-none-eabi/7.2.1/thumb/v7e-m/fpv4-sp/hard/crti.o
                0x0800d620                _init

.fini           0x0800d624        0x4
 .fini          0x0800d624        0x4 c:/gnu tools arm embedded/7 2017-q4-major/bin/../lib/gcc/arm-none-eabi/7.2.1/thumb/v7e-m/fpv4-sp/hard/crti.o
                0x0800d624                _fini

.iplt           0x0800d628        0x0
 .iplt          0x0800d628        0x0 build\applications\bsp_key.o

.ARM.exidx      0x0800d628        0x8
 *(.ARM.exidx* .gnu.linkonce.armexidx.*)
 .ARM.exidx     0x0800d628        0x8 c:/gnu tools arm embedded/7 2017-q4-major/bin/../lib/gcc/arm-none-eabi/7.2.1/thumb/v7e-m/fpv4-sp/hard\libgcc.a(_udivmoddi4.o)
                0x0800d630                _sidata = .
                0x0800d630                __exidx_end = .

.rel.dyn        0x0800d630        0x0
 .rel.iplt      0x0800d630        0x0 build\applications\bsp_key.o

.data           0x20000000      0x164 load address 0x0800d630
                0x20000000                . = ALIGN (0x4)
                0x20000000                _sdata = .
 *(.data)
 *(.data.*)
 .data.pin_irq_hdr_tab
                0x20000000       0xc0 build\drivers\drv_gpio.o
                0x20000000                pin_irq_hdr_tab
 .data.SystemCoreClock
                0x200000c0        0x4 build\Libraries\CMSIS\Device\ST\STM32F4xx\Source\Templates\system_stm32f4xx.o
                0x200000c0                SystemCoreClock
 .data.rt_object_container
                0x200000c4       0xa0 build\kernel\src\object.o
 *(.gnu.linkonce.d*)
                0x20000164                . = ALIGN (0x4)
                0x20000164                _edata = .

.igot.plt       0x20000164        0x0 load address 0x0800d794
 .igot.plt      0x20000164        0x0 build\applications\bsp_key.o

.stack          0x20000164      0x200 load address 0x0800d794
                0x20000364                . = (. + _system_stack_size)
 *fill*         0x20000164      0x200 
                0x20000364                . = ALIGN (0x4)
                0x20000364                _estack = .
                0x20000364                __bss_start = .

.bss            0x20000364     0x171c load address 0x0800d994
                0x20000364                . = ALIGN (0x4)
                0x20000364                _sbss = .
 *(.bss)
 *(.bss.*)
 .bss.uart1     0x20000364       0x44 build\drivers\drv_usart.o
 .bss._accel_scale
                0x200003a8        0x4 build\drivers\icm20602.o
 .bss._gyro_scale
                0x200003ac        0x4 build\drivers\icm20602.o
 .bss.icm20602_spi_device
                0x200003b0        0x4 build\drivers\icm20602.o
 .bss.rt_tick   0x200003b4        0x4 build\kernel\src\clock.o
 .bss.idle      0x200003b8       0x80 build\kernel\src\idle.o
 .bss.rt_thread_stack
                0x20000438      0x100 build\kernel\src\idle.o
 .bss.rt_thread_idle_hook
                0x20000538        0x4 build\kernel\src\idle.o
 .bss.rt_interrupt_enter_hook
                0x2000053c        0x4 build\kernel\src\irq.o
 .bss.rt_interrupt_leave_hook
                0x20000540        0x4 build\kernel\src\irq.o
 .bss.__rt_errno
                0x20000544        0x4 build\kernel\src\kservice.o
 .bss._console_device
                0x20000548        0x4 build\kernel\src\kservice.o
 .bss.rt_log_buf.6843
                0x2000054c       0x80 build\kernel\src\kservice.o
 .bss.rt_malloc_hook
                0x200005cc        0x4 build\kernel\src\mem.o
 .bss.rt_free_hook
                0x200005d0        0x4 build\kernel\src\mem.o
 .bss.heap_ptr  0x200005d4        0x4 build\kernel\src\mem.o
 .bss.heap_end  0x200005d8        0x4 build\kernel\src\mem.o
 .bss.lfree     0x200005dc        0x4 build\kernel\src\mem.o
 .bss.heap_sem  0x200005e0       0x20 build\kernel\src\mem.o
 .bss.mem_size_aligned
                0x20000600        0x4 build\kernel\src\mem.o
 .bss.used_mem  0x20000604        0x4 build\kernel\src\mem.o
 .bss.max_mem   0x20000608        0x4 build\kernel\src\mem.o
 .bss.rt_object_attach_hook
                0x2000060c        0x4 build\kernel\src\object.o
 .bss.rt_object_detach_hook
                0x20000610        0x4 build\kernel\src\object.o
 .bss.rt_scheduler_lock_nest
                0x20000614        0x2 build\kernel\src\scheduler.o
 *fill*         0x20000616        0x2 
 .bss.rt_scheduler_hook
                0x20000618        0x4 build\kernel\src\scheduler.o
 .bss.rt_thread_suspend_hook
                0x2000061c        0x4 build\kernel\src\thread.o
 .bss.rt_thread_resume_hook
                0x20000620        0x4 build\kernel\src\thread.o
 .bss.rt_thread_inited_hook
                0x20000624        0x4 build\kernel\src\thread.o
 .bss.rt_timer_list
                0x20000628        0x8 build\kernel\src\timer.o
 .bss.rt_timer_timeout_hook
                0x20000630        0x4 build\kernel\src\timer.o
 .bss.random_nr.6631
                0x20000634        0x4 build\kernel\src\timer.o
 .bss.rt_exception_hook
                0x20000638        0x4 build\kernel\libcpu\arm\cortex-m4\cpuport.o
 .bss.finsh_thread
                0x2000063c       0x80 build\kernel\components\finsh\shell.o
 .bss.finsh_thread_stack
                0x200006bc     0x1000 build\kernel\components\finsh\shell.o
 .bss.finsh_prompt.7614
                0x200016bc       0x81 build\kernel\components\finsh\shell.o
 *fill*         0x2000173d        0x3 
 .bss._syscall_table_begin
                0x20001740        0x4 build\kernel\components\finsh\symbol.o
                0x20001740                _syscall_table_begin
 .bss._syscall_table_end
                0x20001744        0x4 build\kernel\components\finsh\symbol.o
                0x20001744                _syscall_table_end
 .bss._sysvar_table_begin
                0x20001748        0x4 build\kernel\components\finsh\symbol.o
                0x20001748                _sysvar_table_begin
 .bss._sysvar_table_end
                0x2000174c        0x4 build\kernel\components\finsh\symbol.o
                0x2000174c                _sysvar_table_end
 .bss._hw_pin   0x20001750       0x44 build\kernel\components\drivers\misc\pin.o
 *(COMMON)
 COMMON         0x20001794       0x54 build\drivers\drv_usart.o
                0x20001794                serial1
 COMMON         0x200017e8      0x15c build\drivers\drv_spi.o
                0x200017e8                _spi1
                0x200017f0                _spi_bus2
                0x2000185c                _spi_bus3
                0x200018c8                _spi3
                0x200018d0                _spi2
                0x200018d8                _spi_bus1
 COMMON         0x20001944        0x4 build\Libraries\STM32F4xx_HAL_Driver\Src\stm32f4xx_hal.o