Archive member included to satisfy reference by file (symbol)

c:/gnu tools arm embedded/5.4 2016q3/bin/../lib/gcc/arm-none-eabi/5.4.1/armv7e-m/fpu\libgcc.a(_aeabi_uldivmod.o)
                              build\Libraries\STM32F4xx_HAL_Driver\Src\stm32f4xx_hal_rcc.o (__aeabi_uldivmod)
c:/gnu tools arm embedded/5.4 2016q3/bin/../lib/gcc/arm-none-eabi/5.4.1/armv7e-m/fpu\libgcc.a(_udivmoddi4.o)
                              c:/gnu tools arm embedded/5.4 2016q3/bin/../lib/gcc/arm-none-eabi/5.4.1/armv7e-m/fpu\libgcc.a(_aeabi_uldivmod.o) (__udivmoddi4)
c:/gnu tools arm embedded/5.4 2016q3/bin/../lib/gcc/arm-none-eabi/5.4.1/armv7e-m/fpu\libgcc.a(_dvmd_tls.o)
                              c:/gnu tools arm embedded/5.4 2016q3/bin/../lib/gcc/arm-none-eabi/5.4.1/armv7e-m/fpu\libgcc.a(_aeabi_uldivmod.o) (__aeabi_ldiv0)
c:/gnu tools arm embedded/5.4 2016q3/bin/../lib/gcc/arm-none-eabi/5.4.1/../../../../arm-none-eabi/lib/armv7e-m/fpu\libc.a(lib_a-exit.o)
                              c:/gnu tools arm embedded/5.4 2016q3/bin/../lib/gcc/arm-none-eabi/5.4.1/../../../../arm-none-eabi/lib/armv7e-m/fpu/crt0.o (exit)
c:/gnu tools arm embedded/5.4 2016q3/bin/../lib/gcc/arm-none-eabi/5.4.1/../../../../arm-none-eabi/lib/armv7e-m/fpu\libc.a(lib_a-impure.o)
                              c:/gnu tools arm embedded/5.4 2016q3/bin/../lib/gcc/arm-none-eabi/5.4.1/../../../../arm-none-eabi/lib/armv7e-m/fpu\libc.a(lib_a-exit.o) (_global_impure_ptr)
c:/gnu tools arm embedded/5.4 2016q3/bin/../lib/gcc/arm-none-eabi/5.4.1/../../../../arm-none-eabi/lib/armv7e-m/fpu\libc.a(lib_a-init.o)
                              c:/gnu tools arm embedded/5.4 2016q3/bin/../lib/gcc/arm-none-eabi/5.4.1/../../../../arm-none-eabi/lib/armv7e-m/fpu/crt0.o (__libc_init_array)
c:/gnu tools arm embedded/5.4 2016q3/bin/../lib/gcc/arm-none-eabi/5.4.1/../../../../arm-none-eabi/lib/armv7e-m/fpu\libc.a(lib_a-memcmp.o)
                              build\kernel\components\finsh\shell.o (memcmp)
c:/gnu tools arm embedded/5.4 2016q3/bin/../lib/gcc/arm-none-eabi/5.4.1/../../../../arm-none-eabi/lib/armv7e-m/fpu\libc.a(lib_a-memcpy.o)
                              build\kernel\components\finsh\shell.o (memcpy)
c:/gnu tools arm embedded/5.4 2016q3/bin/../lib/gcc/arm-none-eabi/5.4.1/../../../../arm-none-eabi/lib/armv7e-m/fpu\libc.a(lib_a-memset.o)
                              c:/gnu tools arm embedded/5.4 2016q3/bin/../lib/gcc/arm-none-eabi/5.4.1/../../../../arm-none-eabi/lib/armv7e-m/fpu/crt0.o (memset)
c:/gnu tools arm embedded/5.4 2016q3/bin/../lib/gcc/arm-none-eabi/5.4.1/../../../../arm-none-eabi/lib/armv7e-m/fpu\libc.a(lib_a-strlen.o)
                              build\kernel\components\finsh\shell.o (strlen)
c:/gnu tools arm embedded/5.4 2016q3/bin/../lib/gcc/arm-none-eabi/5.4.1/../../../../arm-none-eabi/lib/armv7e-m/fpu\libc.a(lib_a-strncmp.o)
                              build\kernel\components\finsh\cmd.o (strncmp)
c:/gnu tools arm embedded/5.4 2016q3/bin/../lib/gcc/arm-none-eabi/5.4.1/../../../../arm-none-eabi/lib/armv7e-m/fpu\libc.a(lib_a-__call_atexit.o)
                              c:/gnu tools arm embedded/5.4 2016q3/bin/../lib/gcc/arm-none-eabi/5.4.1/../../../../arm-none-eabi/lib/armv7e-m/fpu\libc.a(lib_a-exit.o) (__call_exitprocs)
c:/gnu tools arm embedded/5.4 2016q3/bin/../lib/gcc/arm-none-eabi/5.4.1/../../../../arm-none-eabi/lib/armv7e-m/fpu\libc.a(lib_a-atexit.o)
                              c:/gnu tools arm embedded/5.4 2016q3/bin/../lib/gcc/arm-none-eabi/5.4.1/../../../../arm-none-eabi/lib/armv7e-m/fpu\libc.a(lib_a-__call_atexit.o) (atexit)
c:/gnu tools arm embedded/5.4 2016q3/bin/../lib/gcc/arm-none-eabi/5.4.1/../../../../arm-none-eabi/lib/armv7e-m/fpu\libc.a(lib_a-fini.o)
                              c:/gnu tools arm embedded/5.4 2016q3/bin/../lib/gcc/arm-none-eabi/5.4.1/../../../../arm-none-eabi/lib/armv7e-m/fpu\libc.a(lib_a-__call_atexit.o) (__libc_fini_array)
c:/gnu tools arm embedded/5.4 2016q3/bin/../lib/gcc/arm-none-eabi/5.4.1/../../../../arm-none-eabi/lib/armv7e-m/fpu\libc.a(lib_a-__atexit.o)
                              c:/gnu tools arm embedded/5.4 2016q3/bin/../lib/gcc/arm-none-eabi/5.4.1/../../../../arm-none-eabi/lib/armv7e-m/fpu\libc.a(lib_a-atexit.o) (__register_exitproc)

Allocating common symbols
Common symbol       size              file

rt_interrupt_to_thread
                    0x4               build\kernel\libcpu\arm\cortex-m4\cpuport.o
rt_interrupt_from_thread
                    0x4               build\kernel\libcpu\arm\cortex-m4\cpuport.o
_spi1               0x8               build\drivers\drv_spi.o
shell               0x4               build\kernel\components\finsh\shell.o
rt_thread_switch_interrupt_flag
                    0x4               build\kernel\libcpu\arm\cortex-m4\cpuport.o
_spi_bus2           0x6c              build\drivers\drv_spi.o
uwTick              0x4               build\Libraries\STM32F4xx_HAL_Driver\Src\stm32f4xx_hal.o
[...]
Memory Configuration

Name             Origin             Length             Attributes
CODE             0x08000000         0x00080000         xr
DATA             0x20000000         0x00030000         rw
*default*        0x00000000         0xffffffff

Linker script and memory map

LOAD c:/gnu tools arm embedded/5.4 2016q3/bin/../lib/gcc/arm-none-eabi/5.4.1/armv7e-m/fpu/crti.o
LOAD c:/gnu tools arm embedded/5.4 2016q3/bin/../lib/gcc/arm-none-eabi/5.4.1/armv7e-m/fpu/crtbegin.o
LOAD c:/gnu tools arm embedded/5.4 2016q3/bin/../lib/gcc/arm-none-eabi/5.4.1/../../../../arm-none-eabi/lib/armv7e-m/fpu/crt0.o
LOAD build\applications\bsp_key.o
LOAD build\applications\bsp_led.o
LOAD build\applications\bsp_sensor.o
LOAD build\applications\main.o
LOAD build\drivers\board.o
LOAD build\drivers\stm32f4xx_it.o
LOAD build\drivers\drv_gpio.o
LOAD build\drivers\drv_usart.o
LOAD build\drivers\drv_spi.o
LOAD build\drivers\drv_spi_mpu9250.o
LOAD build\Libraries\CMSIS\Device\ST\STM32F4xx\Source\Templates\system_stm32f4xx.o
LOAD build\Libraries\CMSIS\Device\ST\STM32F4xx\Source\Templates\gcc\startup_stm32f407xx.o
LOAD build\Libraries\STM32F4xx_HAL_Driver\Src\stm32f4xx_hal.o
LOAD build\Libraries\STM32F4xx_HAL_Driver\Src\stm32f4xx_hal_adc.o
LOAD build\Libraries\STM32F4xx_HAL_Driver\Src\stm32f4xx_hal_adc_ex.o
LOAD build\Libraries\STM32F4xx_HAL_Driver\Src\stm32f4xx_hal_can.o
LOAD build\Libraries\STM32F4xx_HAL_Driver\Src\stm32f4xx_hal_cec.o
LOAD build\Libraries\STM32F4xx_HAL_Driver\Src\stm32f4xx_hal_cortex.o
LOAD build\Libraries\STM32F4xx_HAL_Driver\Src\stm32f4xx_hal_crc.o
LOAD build\Libraries\STM32F4xx_HAL_Driver\Src\stm32f4xx_hal_cryp.o
LOAD build\Libraries\STM32F4xx_HAL_Driver\Src\stm32f4xx_hal_cryp_ex.o
LOAD build\Libraries\STM32F4xx_HAL_Driver\Src\stm32f4xx_hal_dac.o
LOAD build\Libraries\STM32F4xx_HAL_Driver\Src\stm32f4xx_hal_dac_ex.o
LOAD build\Libraries\STM32F4xx_HAL_Driver\Src\stm32f4xx_hal_dcmi.o
LOAD build\Libraries\STM32F4xx_HAL_Driver\Src\stm32f4xx_hal_dcmi_ex.o
LOAD build\Libraries\STM32F4xx_HAL_Driver\Src\stm32f4xx_hal_dfsdm.o
LOAD build\Libraries\STM32F4xx_HAL_Driver\Src\stm32f4xx_hal_dma.o
LOAD build\Libraries\STM32F4xx_HAL_Driver\Src\stm32f4xx_hal_dma2d.o
LOAD build\Libraries\STM32F4xx_HAL_Driver\Src\stm32f4xx_hal_dma_ex.o
LOAD build\Libraries\STM32F4xx_HAL_Driver\Src\stm32f4xx_hal_dsi.o
LOAD build\Libraries\STM32F4xx_HAL_Driver\Src\stm32f4xx_hal_eth.o
LOAD build\Libraries\STM32F4xx_HAL_Driver\Src\stm32f4xx_hal_flash.o
LOAD build\Libraries\STM32F4xx_HAL_Driver\Src\stm32f4xx_hal_flash_ex.o
LOAD build\Libraries\STM32F4xx_HAL_Driver\Src\stm32f4xx_hal_flash_ramfunc.o
LOAD build\Libraries\STM32F4xx_HAL_Driver\Src\stm32f4xx_hal_fmpi2c.o
LOAD build\Libraries\STM32F4xx_HAL_Driver\Src\stm32f4xx_hal_fmpi2c_ex.o
LOAD build\Libraries\STM32F4xx_HAL_Driver\Src\stm32f4xx_hal_gpio.o
LOAD build\Libraries\STM32F4xx_HAL_Driver\Src\stm32f4xx_hal_hash.o
LOAD build\Libraries\STM32F4xx_HAL_Driver\Src\stm32f4xx_hal_hash_ex.o
LOAD build\Libraries\STM32F4xx_HAL_Driver\Src\stm32f4xx_hal_hcd.o
LOAD build\Libraries\STM32F4xx_HAL_Driver\Src\stm32f4xx_hal_i2c.o
LOAD build\Libraries\STM32F4xx_HAL_Driver\Src\stm32f4xx_hal_i2c_ex.o
LOAD build\Libraries\STM32F4xx_HAL_Driver\Src\stm32f4xx_hal_i2s.o
LOAD build\Libraries\STM32F4xx_HAL_Driver\Src\stm32f4xx_hal_i2s_ex.o
LOAD build\Libraries\STM32F4xx_HAL_Driver\Src\stm32f4xx_hal_irda.o
LOAD build\Libraries\STM32F4xx_HAL_Driver\Src\stm32f4xx_hal_iwdg.o
LOAD build\Libraries\STM32F4xx_HAL_Driver\Src\stm32f4xx_hal_lptim.o
LOAD build\Libraries\STM32F4xx_HAL_Driver\Src\stm32f4xx_hal_ltdc.o
LOAD build\Libraries\STM32F4xx_HAL_Driver\Src\stm32f4xx_hal_ltdc_ex.o
LOAD build\Libraries\STM32F4xx_HAL_Driver\Src\stm32f4xx_hal_mmc.o
LOAD build\Libraries\STM32F4xx_HAL_Driver\Src\stm32f4xx_hal_nand.o
LOAD build\Libraries\STM32F4xx_HAL_Driver\Src\stm32f4xx_hal_nor.o
LOAD build\Libraries\STM32F4xx_HAL_Driver\Src\stm32f4xx_hal_pccard.o
LOAD build\Libraries\STM32F4xx_HAL_Driver\Src\stm32f4xx_hal_pcd.o
LOAD build\Libraries\STM32F4xx_HAL_Driver\Src\stm32f4xx_hal_pcd_ex.o
LOAD build\Libraries\STM32F4xx_HAL_Driver\Src\stm32f4xx_hal_pwr.o
LOAD build\Libraries\STM32F4xx_HAL_Driver\Src\stm32f4xx_hal_pwr_ex.o
LOAD build\Libraries\STM32F4xx_HAL_Driver\Src\stm32f4xx_hal_qspi.o
LOAD build\Libraries\STM32F4xx_HAL_Driver\Src\stm32f4xx_hal_rcc.o
LOAD build\Libraries\STM32F4xx_HAL_Driver\Src\stm32f4xx_hal_rcc_ex.o
LOAD build\Libraries\STM32F4xx_HAL_Driver\Src\stm32f4xx_hal_rng.o
LOAD build\Libraries\STM32F4xx_HAL_Driver\Src\stm32f4xx_hal_rtc.o
LOAD build\Libraries\STM32F4xx_HAL_Driver\Src\stm32f4xx_hal_rtc_ex.o
LOAD build\Libraries\STM32F4xx_HAL_Driver\Src\stm32f4xx_hal_sai.o
LOAD build\Libraries\STM32F4xx_HAL_Driver\Src\stm32f4xx_hal_sai_ex.o
LOAD build\Libraries\STM32F4xx_HAL_Driver\Src\stm32f4xx_hal_sd.o
LOAD build\Libraries\STM32F4xx_HAL_Driver\Src\stm32f4xx_hal_sdram.o
LOAD build\Libraries\STM32F4xx_HAL_Driver\Src\stm32f4xx_hal_smartcard.o
LOAD build\Libraries\STM32F4xx_HAL_Driver\Src\stm32f4xx_hal_spdifrx.o
LOAD build\Libraries\STM32F4xx_HAL_Driver\Src\stm32f4xx_hal_spi.o
LOAD build\Libraries\STM32F4xx_HAL_Driver\Src\stm32f4xx_hal_sram.o
LOAD build\Libraries\STM32F4xx_HAL_Driver\Src\stm32f4xx_hal_tim.o
LOAD build\Libraries\STM32F4xx_HAL_Driver\Src\stm32f4xx_hal_tim_ex.o
LOAD build\Libraries\STM32F4xx_HAL_Driver\Src\stm32f4xx_hal_uart.o
LOAD build\Libraries\STM32F4xx_HAL_Driver\Src\stm32f4xx_hal_usart.o
LOAD build\Libraries\STM32F4xx_HAL_Driver\Src\stm32f4xx_hal_wwdg.o
LOAD build\Libraries\STM32F4xx_HAL_Driver\Src\stm32f4xx_ll_adc.o
LOAD build\Libraries\STM32F4xx_HAL_Driver\Src\stm32f4xx_ll_crc.o
LOAD build\Libraries\STM32F4xx_HAL_Driver\Src\stm32f4xx_ll_dac.o
LOAD build\Libraries\STM32F4xx_HAL_Driver\Src\stm32f4xx_ll_dma.o
LOAD build\Libraries\STM32F4xx_HAL_Driver\Src\stm32f4xx_ll_dma2d.o
LOAD build\Libraries\STM32F4xx_HAL_Driver\Src\stm32f4xx_ll_exti.o
LOAD build\Libraries\STM32F4xx_HAL_Driver\Src\stm32f4xx_ll_fmc.o
LOAD build\Libraries\STM32F4xx_HAL_Driver\Src\stm32f4xx_ll_fsmc.o
LOAD build\Libraries\STM32F4xx_HAL_Driver\Src\stm32f4xx_ll_gpio.o
LOAD build\Libraries\STM32F4xx_HAL_Driver\Src\stm32f4xx_ll_i2c.o
LOAD build\Libraries\STM32F4xx_HAL_Driver\Src\stm32f4xx_ll_lptim.o
LOAD build\Libraries\STM32F4xx_HAL_Driver\Src\stm32f4xx_ll_pwr.o
LOAD build\Libraries\STM32F4xx_HAL_Driver\Src\stm32f4xx_ll_rcc.o
LOAD build\Libraries\STM32F4xx_HAL_Driver\Src\stm32f4xx_ll_rng.o
LOAD build\Libraries\STM32F4xx_HAL_Driver\Src\stm32f4xx_ll_rtc.o
LOAD build\Libraries\STM32F4xx_HAL_Driver\Src\stm32f4xx_ll_sdmmc.o
LOAD build\Libraries\STM32F4xx_HAL_Driver\Src\stm32f4xx_ll_spi.o
LOAD build\Libraries\STM32F4xx_HAL_Driver\Src\stm32f4xx_ll_tim.o
LOAD build\Libraries\STM32F4xx_HAL_Driver\Src\stm32f4xx_ll_usart.o
LOAD build\Libraries\STM32F4xx_HAL_Driver\Src\stm32f4xx_ll_usb.o
LOAD build\Libraries\STM32F4xx_HAL_Driver\Src\stm32f4xx_ll_utils.o
LOAD build\kernel\src\clock.o
LOAD build\kernel\src\components.o
LOAD build\kernel\src\device.o
LOAD build\kernel\src\idle.o
LOAD build\kernel\src\ipc.o
LOAD build\kernel\src\irq.o
LOAD build\kernel\src\kservice.o
LOAD build\kernel\src\mem.o
LOAD build\kernel\src\memheap.o
LOAD build\kernel\src\mempool.o
LOAD build\kernel\src\object.o
LOAD build\kernel\src\scheduler.o
LOAD build\kernel\src\signal.o
LOAD build\kernel\src\thread.o
LOAD build\kernel\src\timer.o
LOAD build\kernel\libcpu\arm\cortex-m4\cpuport.o
LOAD build\kernel\libcpu\arm\cortex-m4\context_gcc.o
LOAD build\kernel\libcpu\arm\common\backtrace.o
LOAD build\kernel\libcpu\arm\common\div0.o
LOAD build\kernel\libcpu\arm\common\showmem.o
LOAD build\kernel\components\finsh\shell.o
LOAD build\kernel\components\finsh\symbol.o
LOAD build\kernel\components\finsh\cmd.o
LOAD build\kernel\components\finsh\msh.o
LOAD build\kernel\components\finsh\msh_cmd.o
LOAD build\kernel\components\finsh\msh_file.o
LOAD build\kernel\components\drivers\misc\pin.o
LOAD build\kernel\components\drivers\serial\serial.o
LOAD build\kernel\components\drivers\spi\spi_core.o
LOAD build\kernel\components\drivers\spi\spi_dev.o
LOAD build\kernel\components\drivers\src\completion.o
LOAD build\kernel\components\drivers\src\dataqueue.o
LOAD build\kernel\components\drivers\src\pipe.o
LOAD build\kernel\components\drivers\src\ringbuffer.o
LOAD build\kernel\components\drivers\src\waitqueue.o
LOAD build\kernel\components\drivers\src\workqueue.o
START GROUP
LOAD c:/gnu tools arm embedded/5.4 2016q3/bin/../lib/gcc/arm-none-eabi/5.4.1/armv7e-m/fpu\libgcc.a
LOAD c:/gnu tools arm embedded/5.4 2016q3/bin/../lib/gcc/arm-none-eabi/5.4.1/../../../../arm-none-eabi/lib/armv7e-m/fpu\libc.a
END GROUP
LOAD c:/gnu tools arm embedded/5.4 2016q3/bin/../lib/gcc/arm-none-eabi/5.4.1/armv7e-m/fpu/crtend.o
LOAD c:/gnu tools arm embedded/5.4 2016q3/bin/../lib/gcc/arm-none-eabi/5.4.1/armv7e-m/fpu/crtn.o
                0x00000200                _system_stack_size = 0x200

.text           0x08000000     0xd4bc
                0x08000000                . = ALIGN (0x4)
                0x08000000                _stext = .
 *(.isr_vector)
 .isr_vector    0x08000000      0x188 build\Libraries\CMSIS\Device\ST\STM32F4xx\Source\Templates\gcc\startup_stm32f407xx.o
                0x08000000                g_pfnVectors
                0x08000188                . = ALIGN (0x4)
 *(.text)
 .text          0x08000188      0x114 build\kernel\libcpu\arm\cortex-m4\context_gcc.o
                0x08000188                rt_hw_interrupt_disable
                0x08000190                rt_hw_interrupt_enable
                0x08000196                rt_hw_context_switch_interrupt
                0x08000196                rt_hw_context_switch
                0x080001b6                PendSV_Handler
                0x08000222                rt_hw_context_switch_to
                0x0800026a                rt_hw_interrupt_thread_switch
                0x0800026e                HardFault_Handler
 .text          0x0800029c       0x30 c:/gnu tools arm embedded/5.4 2016q3/bin/../lib/gcc/arm-none-eabi/5.4.1/armv7e-m/fpu\libgcc.a(_aeabi_uldivmod.o)
                0x0800029c                __aeabi_uldivmod
 .text          0x080002cc      0x2e4 c:/gnu tools arm embedded/5.4 2016q3/bin/../lib/gcc/arm-none-eabi/5.4.1/armv7e-m/fpu\libgcc.a(_udivmoddi4.o)
                0x080002cc                __udivmoddi4
 .text          0x080005b0        0x4 c:/gnu tools arm embedded/5.4 2016q3/bin/../lib/gcc/arm-none-eabi/5.4.1/armv7e-m/fpu\libgcc.a(_dvmd_tls.o)
                0x080005b0                __aeabi_idiv0
                0x080005b0                __aeabi_ldiv0
 .text          0x080005b4      0x134 c:/gnu tools arm embedded/5.4 2016q3/bin/../lib/gcc/arm-none-eabi/5.4.1/../../../../arm-none-eabi/lib/armv7e-m/fpu\libc.a(lib_a-memcpy.o)
                0x080005b4                memcpy
 *fill*         0x080006e8       0x18 00000000
 .text          0x08000700       0xdc c:/gnu tools arm embedded/5.4 2016q3/bin/../lib/gcc/arm-none-eabi/5.4.1/../../../../arm-none-eabi/lib/armv7e-m/fpu\libc.a(lib_a-strlen.o)
                0x08000700                strlen
 *(.text.*)
 .text.key_exti_callback
                0x080007dc       0x20 build\applications\bsp_key.o
                0x080007dc                key_exti_callback
 .text.key_irq_thread_entry
                0x080007fc       0x34 build\applications\bsp_key.o
                0x080007fc                key_irq_thread_entry
 .text.led_thread_entry
                0x08000830       0x5c build\applications\bsp_led.o
                0x08000830                led_thread_entry
 .text.sensor_thread_entry
                0x0800088c       0x38 build\applications\bsp_sensor.o
                0x0800088c                sensor_thread_entry
 .text.main     0x080008c4       0x94 build\applications\main.o
                0x080008c4                main
 .text.SystemClock_Config
                0x08000958      0x220 build\drivers\board.o
 .text.SysTick_Handler
                0x08000b78       0x18 build\drivers\board.o
                0x08000b78                SysTick_Handler
 .text.HAL_InitTick
                0x08000b90       0x38 build\drivers\board.o
                0x08000b90                HAL_InitTick
 .text.HAL_MspInit
                0x08000bc8       0x64 build\drivers\board.o
                0x08000bc8                HAL_MspInit
 .text.rt_hw_board_init
                0x08000c2c       0x30 build\drivers\board.o
                0x08000c2c                rt_hw_board_init
 .text.NMI_Handler
                0x08000c5c       0x10 build\drivers\stm32f4xx_it.o
                0x08000c5c                NMI_Handler
 .text.MemManage_Handler
                0x08000c6c        0x8 build\drivers\stm32f4xx_it.o
                0x08000c6c                MemManage_Handler
 .text.BusFault_Handler
                0x08000c74        0x8 build\drivers\stm32f4xx_it.o
                0x08000c74                BusFault_Handler
 .text.UsageFault_Handler
                0x08000c7c        0x8 build\drivers\stm32f4xx_it.o
                0x08000c7c                UsageFault_Handler
 .text.SVC_Handler
                0x08000c84       0x10 build\drivers\stm32f4xx_it.o
                0x08000c84                SVC_Handler
 .text.GPIOA_CLK_ENABLE
                0x08000c94       0x34 build\drivers\drv_gpio.o
 .text.GPIOB_CLK_ENABLE
                0x08000cc8       0x34 build\drivers\drv_gpio.o
 .text.GPIOC_CLK_ENABLE
                0x08000cfc       0x34 build\drivers\drv_gpio.o
 .text.GPIOD_CLK_ENABLE
                0x08000d30       0x34 build\drivers\drv_gpio.o
 .text.GPIOE_CLK_ENABLE
                0x08000d64       0x34 build\drivers\drv_gpio.o
 .text.get_pin  0x08000d98       0x40 build\drivers\drv_gpio.o
                0x08000d98                get_pin
 .text.stm32_pin_write
                0x08000dd8       0x3c build\drivers\drv_gpio.o
                0x08000dd8                stm32_pin_write
 .text.stm32_pin_read
                0x08000e14       0x44 build\drivers\drv_gpio.o
                0x08000e14                stm32_pin_read
 .text.stm32_pin_mode
                0x08000e58       0xa0 build\drivers\drv_gpio.o
                0x08000e58                stm32_pin_mode
 .text.bit2bitno
                0x08000ef8       0x40 build\drivers\drv_gpio.o
 .text.get_pin_irq_map
                0x08000f38       0x34 build\drivers\drv_gpio.o
 .text.stm32_pin_attach_irq
                0x08000f6c      0x148 build\drivers\drv_gpio.o
                0x08000f6c                stm32_pin_attach_irq
 .text.stm32_pin_dettach_irq
                0x080010b4       0xd0 build\drivers\drv_gpio.o
                0x080010b4                stm32_pin_dettach_irq
 .text.stm32_pin_irq_enable
                0x08001184      0x140 build\drivers\drv_gpio.o
                0x08001184                stm32_pin_irq_enable
 .text.rt_hw_pin_init
                0x080012c4       0x24 build\drivers\drv_gpio.o
                0x080012c4                rt_hw_pin_init
 .text.pin_irq_hdr
                0x080012e8       0x54 build\drivers\drv_gpio.o
 .text.HAL_GPIO_EXTI_Callback
                0x0800133c       0x24 build\drivers\drv_gpio.o
                0x0800133c                HAL_GPIO_EXTI_Callback
 .text.EXTI0_IRQHandler
                0x08001360       0x18 build\drivers\drv_gpio.o
                0x08001360                EXTI0_IRQHandler
 .text.EXTI1_IRQHandler
                0x08001378       0x18 build\drivers\drv_gpio.o
                0x08001378                EXTI1_IRQHandler
 .text.EXTI2_IRQHandler
                0x08001390       0x18 build\drivers\drv_gpio.o
                0x08001390                EXTI2_IRQHandler
 .text.EXTI3_IRQHandler
                0x080013a8       0x18 build\drivers\drv_gpio.o
                0x080013a8                EXTI3_IRQHandler
 .text.EXTI4_IRQHandler
                0x080013c0       0x18 build\drivers\drv_gpio.o
                0x080013c0                EXTI4_IRQHandler
 .text.EXTI9_5_IRQHandler
                0x080013d8       0x34 build\drivers\drv_gpio.o
                0x080013d8                EXTI9_5_IRQHandler
 .text.EXTI15_10_IRQHandler
                0x0800140c       0x40 build\drivers\drv_gpio.o
                0x0800140c                EXTI15_10_IRQHandler
 .text.NVIC_EnableIRQ
                0x0800144c       0x34 build\drivers\drv_usart.o
 .text.NVIC_DisableIRQ
                0x08001480       0x34 build\drivers\drv_usart.o
 .text.drv_configure
                0x080014b4      0x108 build\drivers\drv_usart.o
 .text.drv_control
                0x080015bc       0x7c build\drivers\drv_usart.o
 .text.drv_putc
                0x08001638       0x4c build\drivers\drv_usart.o
 .text.drv_getc
                0x08001684       0x50 build\drivers\drv_usart.o
 .text.USART1_IRQHandler
                0x080016d4       0x50 build\drivers\drv_usart.o
                0x080016d4                USART1_IRQHandler
 .text.HAL_UART_MspInit
                0x08001724      0x154 build\drivers\drv_usart.o
                0x08001724                HAL_UART_MspInit
 .text.hw_usart_init
                0x08001878       0x68 build\drivers\drv_usart.o
                0x08001878                hw_usart_init
 .text.stm32_spi_init
                0x080018e0      0x198 build\drivers\drv_spi.o
 .text.spitxrx1b
                0x08001a78       0xb0 build\drivers\drv_spi.o
 .text.spixfer  0x08001b28      0x120 build\drivers\drv_spi.o
 .text.spi_configure
                0x08001c48       0x30 build\drivers\drv_spi.o
                0x08001c48                spi_configure
 .text.stm32_spi_register_bus
                0x08001c78       0x90 build\drivers\drv_spi.o
                0x08001c78                stm32_spi_register_bus
 .text.stm32_spi_bus_attach_device
                0x08001d08       0x7c build\drivers\drv_spi.o
                0x08001d08                stm32_spi_bus_attach_device
 .text.stm32_hw_spi_init
                0x08001d84       0x28 build\drivers\drv_spi.o
                0x08001d84                stm32_hw_spi_init
 .text.HAL_SPI_MspInit
                0x08001dac      0x15c build\drivers\drv_spi.o
                0x08001dac                HAL_SPI_MspInit
 .text.rt_spi_send
                0x08001f08       0x24 build\drivers\drv_spi_mpu9250.o
 .text.getDeviceID
                0x08001f2c       0x4c build\drivers\drv_spi_mpu9250.o
                0x08001f2c                getDeviceID
 .text.mpu9250_write_cmd
                0x08001f78       0x34 build\drivers\drv_spi_mpu9250.o
                0x08001f78                mpu9250_write_cmd
 .text.mpu9250_readData
                0x08001fac       0x3c build\drivers\drv_spi_mpu9250.o
                0x08001fac                mpu9250_readData
 .text.mpu9250_device_initialization
                0x08001fe8       0xe0 build\drivers\drv_spi_mpu9250.o
                0x08001fe8                mpu9250_device_initialization
 .text.rt_hw_mpu9250_spi_init
                0x080020c8       0x8c build\drivers\drv_spi_mpu9250.o
                0x080020c8                rt_hw_mpu9250_spi_init
 .text.SystemInit
                0x08002154       0x6c build\Libraries\CMSIS\Device\ST\STM32F4xx\Source\Templates\system_stm32f4xx.o
                0x08002154                SystemInit
 .text.Reset_Handler
                0x080021c0       0x4c build\Libraries\CMSIS\Device\ST\STM32F4xx\Source\Templates\gcc\startup_stm32f407xx.o
                0x080021c0                Reset_Handler
 .text.Default_Handler
                0x0800220c        0x2 build\Libraries\CMSIS\Device\ST\STM32F4xx\Source\Templates\gcc\startup_stm32f407xx.o
                0x0800220c                RTC_Alarm_IRQHandler
                0x0800220c                HASH_RNG_IRQHandler
                0x0800220c                TIM8_CC_IRQHandler
                0x0800220c                DebugMon_Handler
                0x0800220c                TIM1_CC_IRQHandler
                0x0800220c                DMA2_Stream5_IRQHandler
                0x0800220c                DMA1_Stream5_IRQHandler
                0x0800220c                PVD_IRQHandler
                0x0800220c                SDIO_IRQHandler
                0x0800220c                TAMP_STAMP_IRQHandler
                0x0800220c                CAN2_RX1_IRQHandler
                0x0800220c                TIM8_TRG_COM_TIM14_IRQHandler
                0x0800220c                TIM1_UP_TIM10_IRQHandler
                0x0800220c                TIM8_UP_TIM13_IRQHandler
                0x0800220c                I2C3_ER_IRQHandler
                0x0800220c                I2C2_EV_IRQHandler
                0x0800220c                DMA1_Stream2_IRQHandler
                0x0800220c                CAN1_RX0_IRQHandler
                0x0800220c                FPU_IRQHandler
                0x0800220c                OTG_HS_WKUP_IRQHandler
                0x0800220c                CAN2_SCE_IRQHandler
                0x0800220c                DMA2_Stream2_IRQHandler
                0x0800220c                SPI1_IRQHandler
                0x0800220c                TIM6_DAC_IRQHandler
                0x0800220c                TIM1_BRK_TIM9_IRQHandler
                0x0800220c                DCMI_IRQHandler
                0x0800220c                CAN2_RX0_IRQHandler
                0x0800220c                DMA2_Stream3_IRQHandler
                0x0800220c                USART6_IRQHandler
                0x0800220c                USART3_IRQHandler
                0x0800220c                CAN1_RX1_IRQHandler
                0x0800220c                UART5_IRQHandler
                0x0800220c                DMA2_Stream0_IRQHandler
                0x0800220c                TIM4_IRQHandler
                0x0800220c                I2C1_EV_IRQHandler
                0x0800220c                DMA1_Stream6_IRQHandler
                0x0800220c                DMA1_Stream1_IRQHandler
                0x0800220c                UART4_IRQHandler
                0x0800220c                TIM3_IRQHandler
                0x0800220c                RCC_IRQHandler
                0x0800220c                TIM8_BRK_TIM12_IRQHandler
                0x0800220c                Default_Handler
                0x0800220c                ADC_IRQHandler
                0x0800220c                DMA1_Stream7_IRQHandler
                0x0800220c                TIM7_IRQHandler
                0x0800220c                CAN2_TX_IRQHandler
                0x0800220c                TIM5_IRQHandler
                0x0800220c                DMA2_Stream7_IRQHandler
                0x0800220c                I2C3_EV_IRQHandler
                0x0800220c                RTC_WKUP_IRQHandler
                0x0800220c                ETH_WKUP_IRQHandler
                0x0800220c                SPI2_IRQHandler
                0x0800220c                OTG_HS_EP1_IN_IRQHandler
                0x0800220c                DMA1_Stream0_IRQHandler
                0x0800220c                CAN1_TX_IRQHandler
                0x0800220c                FSMC_IRQHandler
                0x0800220c                ETH_IRQHandler
                0x0800220c                OTG_HS_EP1_OUT_IRQHandler
                0x0800220c                WWDG_IRQHandler
                0x0800220c                TIM2_IRQHandler
                0x0800220c                OTG_FS_WKUP_IRQHandler
                0x0800220c                TIM1_TRG_COM_TIM11_IRQHandler
                0x0800220c                OTG_HS_IRQHandler
                0x0800220c                USART2_IRQHandler
                0x0800220c                I2C2_ER_IRQHandler
                0x0800220c                DMA2_Stream1_IRQHandler
                0x0800220c                CAN1_SCE_IRQHandler
                0x0800220c                FLASH_IRQHandler
                0x0800220c                DMA2_Stream4_IRQHandler
                0x0800220c                OTG_FS_IRQHandler
                0x0800220c                SPI3_IRQHandler
                0x0800220c                DMA1_Stream4_IRQHandler
                0x0800220c                I2C1_ER_IRQHandler
                0x0800220c                DMA2_Stream6_IRQHandler
                0x0800220c                DMA1_Stream3_IRQHandler
 *fill*         0x0800220e        0x2 00000000
 .text.HAL_Init
                0x08002210       0x44 build\Libraries\STM32F4xx_HAL_Driver\Src\stm32f4xx_hal.o
                0x08002210                HAL_Init
 .text.HAL_IncTick
                0x08002254       0x1c build\Libraries\STM32F4xx_HAL_Driver\Src\stm32f4xx_hal.o
                0x08002254                HAL_IncTick
 .text.HAL_GetTick
                0x08002270       0x18 build\Libraries\STM32F4xx_HAL_Driver\Src\stm32f4xx_hal.o
                0x08002270                HAL_GetTick
 .text.NVIC_SetPriorityGrouping
                0x08002288       0x48 build\Libraries\STM32F4xx_HAL_Driver\Src\stm32f4xx_hal_cortex.o
 .text.NVIC_GetPriorityGrouping
                0x080022d0       0x1c build\Libraries\STM32F4xx_HAL_Driver\Src\stm32f4xx_hal_cortex.o
 .text.NVIC_EnableIRQ
                0x080022ec       0x34 build\Libraries\STM32F4xx_HAL_Driver\Src\stm32f4xx_hal_cortex.o
 .text.NVIC_DisableIRQ
                0x08002320       0x34 build\Libraries\STM32F4xx_HAL_Driver\Src\stm32f4xx_hal_cortex.o
 .text.NVIC_SetPriority
                0x08002354       0x54 build\Libraries\STM32F4xx_HAL_Driver\Src\stm32f4xx_hal_cortex.o
 .text.NVIC_EncodePriority
                0x080023a8       0x64 build\Libraries\STM32F4xx_HAL_Driver\Src\stm32f4xx_hal_cortex.o
 .text.SysTick_Config
                0x0800240c       0x44 build\Libraries\STM32F4xx_HAL_Driver\Src\stm32f4xx_hal_cortex.o
 .text.HAL_NVIC_SetPriorityGrouping
                0x08002450       0x18 build\Libraries\STM32F4xx_HAL_Driver\Src\stm32f4xx_hal_cortex.o
                0x08002450                HAL_NVIC_SetPriorityGrouping
 .text.HAL_NVIC_SetPriority
                0x08002468       0x38 build\Libraries\STM32F4xx_HAL_Driver\Src\stm32f4xx_hal_cortex.o
                0x08002468                HAL_NVIC_SetPriority
 .text.HAL_NVIC_EnableIRQ
                0x080024a0       0x1c build\Libraries\STM32F4xx_HAL_Driver\Src\stm32f4xx_hal_cortex.o
                0x080024a0                HAL_NVIC_EnableIRQ
 .text.HAL_NVIC_DisableIRQ
                0x080024bc       0x1c build\Libraries\STM32F4xx_HAL_Driver\Src\stm32f4xx_hal_cortex.o
                0x080024bc                HAL_NVIC_DisableIRQ
 .text.HAL_SYSTICK_Config
                0x080024d8       0x18 build\Libraries\STM32F4xx_HAL_Driver\Src\stm32f4xx_hal_cortex.o
                0x080024d8                HAL_SYSTICK_Config
 .text.HAL_GPIO_Init
                0x080024f0      0x334 build\Libraries\STM32F4xx_HAL_Driver\Src\stm32f4xx_hal_gpio.o
                0x080024f0                HAL_GPIO_Init
 .text.HAL_GPIO_ReadPin
                0x08002824       0x30 build\Libraries\STM32F4xx_HAL_Driver\Src\stm32f4xx_hal_gpio.o
                0x08002824                HAL_GPIO_ReadPin
 .text.HAL_GPIO_WritePin
                0x08002854       0x34 build\Libraries\STM32F4xx_HAL_Driver\Src\stm32f4xx_hal_gpio.o
                0x08002854                HAL_GPIO_WritePin
 .text.HAL_GPIO_EXTI_IRQHandler
                0x08002888       0x30 build\Libraries\STM32F4xx_HAL_Driver\Src\stm32f4xx_hal_gpio.o
                0x08002888                HAL_GPIO_EXTI_IRQHandler
 .text.HAL_RCC_OscConfig
                0x080028b8      0x450 build\Libraries\STM32F4xx_HAL_Driver\Src\stm32f4xx_hal_rcc.o
                0x080028b8                HAL_RCC_OscConfig
 .text.HAL_RCC_ClockConfig
                0x08002d08      0x1c4 build\Libraries\STM32F4xx_HAL_Driver\Src\stm32f4xx_hal_rcc.o
                0x08002d08                HAL_RCC_ClockConfig
 .text.HAL_RCC_GetSysClockFreq
                0x08002ecc      0x1ac build\Libraries\STM32F4xx_HAL_Driver\Src\stm32f4xx_hal_rcc.o
                0x08002ecc                HAL_RCC_GetSysClockFreq
 .text.HAL_RCC_GetHCLKFreq
                0x08003078       0x18 build\Libraries\STM32F4xx_HAL_Driver\Src\stm32f4xx_hal_rcc.o
                0x08003078                HAL_RCC_GetHCLKFreq
 .text.HAL_RCC_GetPCLK1Freq
                0x08003090       0x28 build\Libraries\STM32F4xx_HAL_Driver\Src\stm32f4xx_hal_rcc.o
                0x08003090                HAL_RCC_GetPCLK1Freq
 .text.HAL_RCC_GetPCLK2Freq
                0x080030b8       0x28 build\Libraries\STM32F4xx_HAL_Driver\Src\stm32f4xx_hal_rcc.o
                0x080030b8                HAL_RCC_GetPCLK2Freq
 .text.HAL_SPI_Init
                0x080030e0       0xc8 build\Libraries\STM32F4xx_HAL_Driver\Src\stm32f4xx_hal_spi.o
                0x080030e0                HAL_SPI_Init
 .text.HAL_UART_Init
                0x080031a8       0x9c build\Libraries\STM32F4xx_HAL_Driver\Src\stm32f4xx_hal_uart.o
                0x080031a8                HAL_UART_Init
 .text.UART_SetConfig
                0x08003244      0x438 build\Libraries\STM32F4xx_HAL_Driver\Src\stm32f4xx_hal_uart.o
 .text.rt_tick_get
                0x0800367c       0x18 build\kernel\src\clock.o
                0x0800367c                rt_tick_get
 .text.rt_tick_increase
                0x08003694       0x44 build\kernel\src\clock.o
                0x08003694                rt_tick_increase
 .text.rt_tick_from_millisecond
                0x080036d8       0x44 build\kernel\src\clock.o
                0x080036d8                rt_tick_from_millisecond
 .text.rti_start
                0x0800371c       0x10 build\kernel\src\components.o
 .text.rti_board_start
                0x0800372c       0x10 build\kernel\src\components.o
 .text.rti_board_end
                0x0800373c       0x10 build\kernel\src\components.o
 .text.rti_end  0x0800374c       0x10 build\kernel\src\components.o
 .text.rt_components_board_init
                0x0800375c       0x30 build\kernel\src\components.o
                0x0800375c                rt_components_board_init
 .text.rt_components_init
                0x0800378c       0x30 build\kernel\src\components.o
                0x0800378c                rt_components_init
 .text.entry    0x080037bc       0x14 build\kernel\src\components.o
                0x080037bc                entry
 .text.main_thread_entry
                0x080037d0       0x18 build\kernel\src\components.o
                0x080037d0                main_thread_entry
 .text.rt_application_init
                0x080037e8       0x4c build\kernel\src\components.o
                0x080037e8                rt_application_init
 .text.rtthread_startup
                0x08003834       0x30 build\kernel\src\components.o
                0x08003834                rtthread_startup
 .text.rt_device_register
                0x08003864       0x54 build\kernel\src\device.o
                0x08003864                rt_device_register
 .text.rt_device_find
                0x080038b8       0x90 build\kernel\src\device.o
                0x080038b8                rt_device_find
 .text.rt_device_open
                0x08003948      0x100 build\kernel\src\device.o
                0x08003948                rt_device_open
 .text.rt_device_close
                0x08003a48       0x7c build\kernel\src\device.o
                0x08003a48                rt_device_close
 .text.rt_device_read
                0x08003ac4       0x68 build\kernel\src\device.o
                0x08003ac4                rt_device_read
 .text.rt_device_write
                0x08003b2c       0x68 build\kernel\src\device.o
                0x08003b2c                rt_device_write
 .text.rt_device_set_rx_indicate
                0x08003b94       0x34 build\kernel\src\device.o
                0x08003b94                rt_device_set_rx_indicate
 .text.rt_list_remove
                0x08003bc8       0x38 build\kernel\src\idle.o
 .text._has_defunct_thread
                0x08003c00       0x2c build\kernel\src\idle.o
 .text.rt_thread_idle_excute
                0x08003c2c       0xc4 build\kernel\src\idle.o
                0x08003c2c                rt_thread_idle_excute
 .text.rt_thread_idle_entry
                0x08003cf0       0x20 build\kernel\src\idle.o
 .text.rt_thread_idle_init
                0x08003d10       0x40 build\kernel\src\idle.o
                0x08003d10                rt_thread_idle_init
 .text.rt_list_init
                0x08003d50       0x24 build\kernel\src\ipc.o
 .text.rt_list_insert_before
                0x08003d74       0x34 build\kernel\src\ipc.o
 .text.rt_list_isempty
                0x08003da8       0x24 build\kernel\src\ipc.o
 .text.rt_ipc_object_init
                0x08003dcc       0x1c build\kernel\src\ipc.o
 .text.rt_ipc_list_suspend
                0x08003de8       0x90 build\kernel\src\ipc.o
 .text.rt_ipc_list_resume
                0x08003e78       0x20 build\kernel\src\ipc.o
 .text.rt_sem_init
                0x08003e98       0x54 build\kernel\src\ipc.o
                0x08003e98                rt_sem_init
 .text.rt_sem_take
                0x08003eec      0x144 build\kernel\src\ipc.o
                0x08003eec                rt_sem_take
 .text.rt_sem_release
                0x08004030       0x68 build\kernel\src\ipc.o
                0x08004030                rt_sem_release
 .text.rt_mutex_init
                0x08004098       0x64 build\kernel\src\ipc.o
                0x08004098                rt_mutex_init
 .text.rt_mutex_take
                0x080040fc      0x1b4 build\kernel\src\ipc.o
                0x080040fc                rt_mutex_take
 .text.rt_mutex_release
                0x080042b0      0x15c build\kernel\src\ipc.o
                0x080042b0                rt_mutex_release
 .text.rt_interrupt_enter
                0x0800440c       0x40 build\kernel\src\irq.o
                0x0800440c                rt_interrupt_enter
 .text.rt_interrupt_leave
                0x0800444c       0x40 build\kernel\src\irq.o
                0x0800444c                rt_interrupt_leave
 .text.rt_interrupt_get_nest
                0x0800448c       0x18 build\kernel\src\irq.o
                0x0800448c                rt_interrupt_get_nest
 .text.rt_set_errno
                0x080044a4       0x40 build\kernel\src\kservice.o
                0x080044a4                rt_set_errno
 .text.rt_memset
                0x080044e4       0xb8 build\kernel\src\kservice.o
                0x080044e4                rt_memset
 .text.rt_memcpy
                0x0800459c       0xd4 build\kernel\src\kservice.o
                0x0800459c                rt_memcpy
 .text.rt_memmove
                0x08004670       0x84 build\kernel\src\kservice.o
                0x08004670                rt_memmove
 .text.rt_strncpy
                0x080046f4       0x64 build\kernel\src\kservice.o
                0x080046f4                rt_strncpy
 .text.rt_strncmp
                0x08004758       0x4c build\kernel\src\kservice.o
                0x08004758                rt_strncmp
 .text.rt_strlen
                0x080047a4       0x30 build\kernel\src\kservice.o
                0x080047a4                rt_strlen
 .text.rt_show_version
                0x080047d4       0x44 build\kernel\src\kservice.o
                0x080047d4                rt_show_version
 .text.divide   0x08004818       0x68 build\kernel\src\kservice.o
 .text.skip_atoi
                0x08004880       0x40 build\kernel\src\kservice.o
 .text.print_number
                0x080048c0      0x1d4 build\kernel\src\kservice.o
 .text.rt_vsnprintf
                0x08004a94      0x544 build\kernel\src\kservice.o
                0x08004a94                rt_vsnprintf
 .text.rt_console_get_device
                0x08004fd8       0x18 build\kernel\src\kservice.o
                0x08004fd8                rt_console_get_device
 .text.rt_console_set_device
                0x08004ff0       0x4c build\kernel\src\kservice.o
                0x08004ff0                rt_console_set_device
 .text.rt_hw_console_output
                0x0800503c       0x14 build\kernel\src\kservice.o
                0x0800503c                rt_hw_console_output
 .text.rt_kprintf
                0x08005050       0x80 build\kernel\src\kservice.o
                0x08005050                rt_kprintf
 .text.__rt_ffs
                0x080050d0       0x70 build\kernel\src\kservice.o
                0x080050d0                __rt_ffs
 .text.rt_assert_handler
                0x08005140       0x4c build\kernel\src\kservice.o
                0x08005140                rt_assert_handler
 .text.plug_holes
                0x0800518c      0x100 build\kernel\src\mem.o
 .text.rt_system_heap_init
                0x0800528c      0x118 build\kernel\src\mem.o
                0x0800528c                rt_system_heap_init
 .text.rt_malloc
                0x080053a4      0x294 build\kernel\src\mem.o
                0x080053a4                rt_malloc
 .text.rt_free  0x08005638      0x188 build\kernel\src\mem.o
                0x08005638                rt_free
 .text.list_mem
                0x080057c0       0x44 build\kernel\src\mem.o
                0x080057c0                list_mem
 .text.rt_list_insert_after
                0x08005804       0x34 build\kernel\src\object.o
 .text.rt_list_remove
                0x08005838       0x38 build\kernel\src\object.o
 .text.rt_object_get_information
                0x08005870       0x48 build\kernel\src\object.o
                0x08005870                rt_object_get_information
 .text.rt_object_init
                0x080058b8       0x84 build\kernel\src\object.o
                0x080058b8                rt_object_init
 .text.rt_object_detach
                0x0800593c       0x54 build\kernel\src\object.o
                0x0800593c                rt_object_detach
 .text.rt_object_allocate
                0x08005990       0xcc build\kernel\src\object.o
                0x08005990                rt_object_allocate
 .text.rt_object_delete
                0x08005a5c       0x74 build\kernel\src\object.o
                0x08005a5c                rt_object_delete
 .text.rt_object_is_systemobject
                0x08005ad0       0x3c build\kernel\src\object.o
                0x08005ad0                rt_object_is_systemobject
 .text.rt_list_init
                0x08005b0c       0x24 build\kernel\src\scheduler.o
 .text.rt_list_insert_before
                0x08005b30       0x34 build\kernel\src\scheduler.o
 .text.rt_list_remove
                0x08005b64       0x38 build\kernel\src\scheduler.o
 .text.rt_list_isempty
                0x08005b9c       0x24 build\kernel\src\scheduler.o
 .text._rt_scheduler_stack_check
                0x08005bc0       0x98 build\kernel\src\scheduler.o
 .text.rt_system_scheduler_init
                0x08005c58       0x54 build\kernel\src\scheduler.o
                0x08005c58                rt_system_scheduler_init
 .text.rt_system_scheduler_start
                0x08005cac       0x3c build\kernel\src\scheduler.o
                0x08005cac                rt_system_scheduler_start
 .text.rt_schedule
                0x08005ce8       0xd4 build\kernel\src\scheduler.o
                0x08005ce8                rt_schedule
 .text.rt_schedule_insert_thread
                0x08005dbc       0x80 build\kernel\src\scheduler.o
                0x08005dbc                rt_schedule_insert_thread
 .text.rt_schedule_remove_thread
                0x08005e3c       0x70 build\kernel\src\scheduler.o
                0x08005e3c                rt_schedule_remove_thread
 .text.rt_enter_critical
                0x08005eac       0x2c build\kernel\src\scheduler.o
                0x08005eac                rt_enter_critical
 .text.rt_exit_critical
                0x08005ed8       0x48 build\kernel\src\scheduler.o
                0x08005ed8                rt_exit_critical
 .text.rt_list_init
                0x08005f20       0x24 build\kernel\src\thread.o
 .text.rt_list_insert_after
                0x08005f44       0x34 build\kernel\src\thread.o
 .text.rt_list_insert_before
                0x08005f78       0x34 build\kernel\src\thread.o
 .text.rt_list_remove
                0x08005fac       0x38 build\kernel\src\thread.o
 .text.rt_thread_exit
                0x08005fe4       0x6c build\kernel\src\thread.o
                0x08005fe4                rt_thread_exit
 .text._rt_thread_init
                0x08006050       0xf8 build\kernel\src\thread.o
 .text.rt_thread_init
                0x08006148       0x6c build\kernel\src\thread.o
                0x08006148                rt_thread_init
 .text.rt_thread_self
                0x080061b4       0x18 build\kernel\src\thread.o
                0x080061b4                rt_thread_self
 .text.rt_thread_startup
                0x080061cc       0x84 build\kernel\src\thread.o
                0x080061cc                rt_thread_startup
 .text.rt_thread_create
                0x08006250       0x64 build\kernel\src\thread.o
                0x08006250                rt_thread_create
 .text.rt_thread_delete
                0x080062b4       0x70 build\kernel\src\thread.o
                0x080062b4                rt_thread_delete
 .text.rt_thread_yield
                0x08006324       0x74 build\kernel\src\thread.o
                0x08006324                rt_thread_yield
 .text.rt_thread_sleep
                0x08006398       0x74 build\kernel\src\thread.o
                0x08006398                rt_thread_sleep
 .text.rt_thread_delay
                0x0800640c       0x18 build\kernel\src\thread.o
                0x0800640c                rt_thread_delay
 .text.rt_thread_control
                0x08006424       0xb8 build\kernel\src\thread.o
                0x08006424                rt_thread_control
 .text.rt_thread_suspend
                0x080064dc       0x8c build\kernel\src\thread.o
                0x080064dc                rt_thread_suspend
 .text.rt_thread_resume
                0x08006568       0x7c build\kernel\src\thread.o
                0x08006568                rt_thread_resume
 .text.rt_thread_timeout
                0x080065e4       0x68 build\kernel\src\thread.o
                0x080065e4                rt_thread_timeout
 .text.rt_list_init
                0x0800664c       0x24 build\kernel\src\timer.o
 .text.rt_list_insert_after
                0x08006670       0x34 build\kernel\src\timer.o
 .text.rt_list_remove
                0x080066a4       0x38 build\kernel\src\timer.o
 .text.rt_list_isempty
                0x080066dc       0x24 build\kernel\src\timer.o
 .text._rt_timer_init
                0x08006700       0x68 build\kernel\src\timer.o
 .text._rt_timer_remove
                0x08006768       0x34 build\kernel\src\timer.o
 .text.rt_timer_init
                0x0800679c       0x48 build\kernel\src\timer.o
                0x0800679c                rt_timer_init
 .text.rt_timer_detach
                0x080067e4       0x44 build\kernel\src\timer.o
                0x080067e4                rt_timer_detach
 .text.rt_timer_start
                0x08006828      0x1e0 build\kernel\src\timer.o
                0x08006828                rt_timer_start
 .text.rt_timer_stop
                0x08006a08       0x74 build\kernel\src\timer.o
                0x08006a08                rt_timer_stop
 .text.rt_timer_control
                0x08006a7c       0x84 build\kernel\src\timer.o
                0x08006a7c                rt_timer_control
 .text.rt_timer_check
                0x08006b00       0xb8 build\kernel\src\timer.o
                0x08006b00                rt_timer_check
 .text.rt_system_timer_init
                0x08006bb8       0x34 build\kernel\src\timer.o
                0x08006bb8                rt_system_timer_init
 .text.rt_system_timer_thread_init
                0x08006bec       0x10 build\kernel\src\timer.o
                0x08006bec                rt_system_timer_thread_init
 .text.rt_hw_stack_init
                0x08006bfc       0x90 build\kernel\libcpu\arm\cortex-m4\cpuport.o
                0x08006bfc                rt_hw_stack_init
 .text.rt_hw_hard_fault_exception
                0x08006c8c       0xc4 build\kernel\libcpu\arm\cortex-m4\cpuport.o
                0x08006c8c                rt_hw_hard_fault_exception
 .text.finsh_get_prompt
                0x08006d50       0x60 build\kernel\components\finsh\shell.o
                0x08006d50                finsh_get_prompt
 .text.finsh_getchar
                0x08006db0       0x58 build\kernel\components\finsh\shell.o
 .text.finsh_rx_ind
                0x08006e08       0x3c build\kernel\components\finsh\shell.o
 .text.finsh_set_device
                0x08006e44       0xd8 build\kernel\components\finsh\shell.o
                0x08006e44                finsh_set_device
 .text.shell_auto_complete
                0x08006f1c       0x40 build\kernel\components\finsh\shell.o
 .text.shell_handle_history
                0x08006f5c       0x34 build\kernel\components\finsh\shell.o
 .text.shell_push_history
                0x08006f90      0x160 build\kernel\components\finsh\shell.o
 .text.finsh_thread_entry
                0x080070f0      0x5c0 build\kernel\components\finsh\shell.o
                0x080070f0                finsh_thread_entry
 .text.finsh_system_function_init
                0x080076b0       0x2c build\kernel\components\finsh\shell.o
                0x080076b0                finsh_system_function_init
 .text.finsh_system_var_init
                0x080076dc       0x2c build\kernel\components\finsh\shell.o
                0x080076dc                finsh_system_var_init
 .text.finsh_system_init
                0x08007708       0xbc build\kernel\components\finsh\shell.o
                0x08007708                finsh_system_init
 .text.rt_list_isempty
                0x080077c4       0x24 build\kernel\components\finsh\cmd.o
 .text.rt_list_len
                0x080077e8       0x38 build\kernel\components\finsh\cmd.o
 .text.hello    0x08007820       0x14 build\kernel\components\finsh\cmd.o
                0x08007820                hello
 .text.version  0x08007834       0x10 build\kernel\components\finsh\cmd.o
                0x08007834                version
 .text.object_name_maxlen
                0x08007844       0x70 build\kernel\components\finsh\cmd.o
 .text.object_split
                0x080078b4       0x28 build\kernel\components\finsh\cmd.o
 .text._list_thread
                0x080078dc      0x130 build\kernel\components\finsh\cmd.o
 .text.list_thread
                0x08007a0c       0x24 build\kernel\components\finsh\cmd.o
                0x08007a0c                list_thread
 .text.show_wait_queue
                0x08007a30       0x50 build\kernel\components\finsh\cmd.o
 .text._list_sem
                0x08007a80       0xd4 build\kernel\components\finsh\cmd.o
 .text.list_sem
                0x08007b54       0x24 build\kernel\components\finsh\cmd.o
                0x08007b54                list_sem
 .text._list_event
                0x08007b78       0xc4 build\kernel\components\finsh\cmd.o
 .text.list_event
                0x08007c3c       0x24 build\kernel\components\finsh\cmd.o
                0x08007c3c                list_event
 .text._list_mutex
                0x08007c60       0x94 build\kernel\components\finsh\cmd.o
 .text.list_mutex
                0x08007cf4       0x24 build\kernel\components\finsh\cmd.o
                0x08007cf4                list_mutex
 .text._list_mailbox
                0x08007d18       0xe4 build\kernel\components\finsh\cmd.o
 .text.list_mailbox
                0x08007dfc       0x24 build\kernel\components\finsh\cmd.o
                0x08007dfc                list_mailbox
 .text._list_msgqueue
                0x08007e20       0xd4 build\kernel\components\finsh\cmd.o
 .text.list_msgqueue
                0x08007ef4       0x24 build\kernel\components\finsh\cmd.o
                0x08007ef4                list_msgqueue
 .text._list_memheap
                0x08007f18       0x84 build\kernel\components\finsh\cmd.o
 .text.list_memheap
                0x08007f9c       0x24 build\kernel\components\finsh\cmd.o
                0x08007f9c                list_memheap
 .text._list_mempool
                0x08007fc0       0xd0 build\kernel\components\finsh\cmd.o
 .text.list_mempool
                0x08008090       0x24 build\kernel\components\finsh\cmd.o
                0x08008090                list_mempool
 .text._list_timer
                0x080080b4       0xb0 build\kernel\components\finsh\cmd.o
 .text.list_timer
                0x08008164       0x24 build\kernel\components\finsh\cmd.o
                0x08008164                list_timer
 .text._list_device
                0x08008188       0xa8 build\kernel\components\finsh\cmd.o
 .text.list_device
                0x08008230       0x24 build\kernel\components\finsh\cmd.o
                0x08008230                list_device
 .text.list     0x08008254       0x6c build\kernel\components\finsh\cmd.o
                0x08008254                list
 .text.msh_is_used
                0x080082c0       0x10 build\kernel\components\finsh\msh.o
                0x080082c0                msh_is_used
 .text.msh_help
                0x080082d0       0x7c build\kernel\components\finsh\msh.o
                0x080082d0                msh_help
 .text.msh_split
                0x0800834c      0x170 build\kernel\components\finsh\msh.o
 .text.msh_get_cmd
                0x080084bc       0x80 build\kernel\components\finsh\msh.o
 .text._msh_exec_cmd
                0x0800853c       0xd4 build\kernel\components\finsh\msh.o
 .text.msh_exec
                0x08008610       0x84 build\kernel\components\finsh\msh.o
                0x08008610                msh_exec
 .text.str_common
                0x08008694       0x4c build\kernel\components\finsh\msh.o
 .text.msh_auto_complete
                0x080086e0       0xd0 build\kernel\components\finsh\msh.o
                0x080086e0                msh_auto_complete
 .text.cmd_ps   0x080087b0       0x18 build\kernel\components\finsh\msh_cmd.o
                0x080087b0                cmd_ps
 .text.cmd_time
                0x080087c8       0x18 build\kernel\components\finsh\msh_cmd.o
                0x080087c8                cmd_time
 .text.cmd_free
                0x080087e0       0x18 build\kernel\components\finsh\msh_cmd.o
                0x080087e0                cmd_free
 .text._pin_read
                0x080087f8       0x60 build\kernel\components\drivers\misc\pin.o
 .text._pin_write
                0x08008858       0x5c build\kernel\components\drivers\misc\pin.o
 .text._pin_control
                0x080088b4       0x58 build\kernel\components\drivers\misc\pin.o
 .text.rt_device_pin_register
                0x0800890c       0x74 build\kernel\components\drivers\misc\pin.o
                0x0800890c                rt_device_pin_register
 .text.rt_pin_attach_irq
                0x08008980       0x58 build\kernel\components\drivers\misc\pin.o
                0x08008980                rt_pin_attach_irq
 .text.rt_pin_irq_enable
                0x080089d8       0x50 build\kernel\components\drivers\misc\pin.o
                0x080089d8                rt_pin_irq_enable
 .text.rt_pin_mode
                0x08008a28       0x40 build\kernel\components\drivers\misc\pin.o
                0x08008a28                rt_pin_mode
 .text.rt_pin_write
                0x08008a68       0x40 build\kernel\components\drivers\misc\pin.o
                0x08008a68                rt_pin_write
 .text.rt_pin_read
                0x08008aa8       0x3c build\kernel\components\drivers\misc\pin.o
                0x08008aa8                rt_pin_read
 .text._serial_poll_rx
                0x08008ae4       0x74 build\kernel\components\drivers\serial\serial.o
 .text._serial_poll_tx
                0x08008b58       0x7c build\kernel\components\drivers\serial\serial.o
 .text._serial_int_rx
                0x08008bd4       0xd8 build\kernel\components\drivers\serial\serial.o
 .text._serial_int_tx
                0x08008cac       0x90 build\kernel\components\drivers\serial\serial.o
 .text._serial_fifo_calc_recved_len
                0x08008d3c       0x88 build\kernel\components\drivers\serial\serial.o
 .text.rt_dma_calc_recved_len
                0x08008dc4       0x18 build\kernel\components\drivers\serial\serial.o
 .text.rt_dma_recv_update_get_index
                0x08008ddc       0xa4 build\kernel\components\drivers\serial\serial.o
 .text.rt_dma_recv_update_put_index
                0x08008e80      0x10c build\kernel\components\drivers\serial\serial.o
 .text._serial_dma_rx
                0x08008f8c      0x198 build\kernel\components\drivers\serial\serial.o
 .text._serial_dma_tx
                0x08009124       0x70 build\kernel\components\drivers\serial\serial.o
 .text.rt_serial_init
                0x08009194       0x5c build\kernel\components\drivers\serial\serial.o
 .text.rt_serial_open
                0x080091f0      0x35c build\kernel\components\drivers\serial\serial.o
 .text.rt_serial_close
                0x0800954c      0x1a8 build\kernel\components\drivers\serial\serial.o
 .text.rt_serial_read
                0x080096f4       0x84 build\kernel\components\drivers\serial\serial.o
 .text.rt_serial_write
                0x08009778       0x84 build\kernel\components\drivers\serial\serial.o
 .text.rt_serial_control
                0x080097fc       0xd0 build\kernel\components\drivers\serial\serial.o
 .text.rt_hw_serial_register
                0x080098cc       0x9c build\kernel\components\drivers\serial\serial.o
                0x080098cc                rt_hw_serial_register
 .text.rt_hw_serial_isr
                0x08009968      0x258 build\kernel\components\drivers\serial\serial.o
                0x08009968                rt_hw_serial_isr
 .text.rt_spi_bus_register
                0x08009bc0       0x44 build\kernel\components\drivers\spi\spi_core.o
                0x08009bc0                rt_spi_bus_register
 .text.rt_spi_bus_attach_device
                0x08009c04       0x64 build\kernel\components\drivers\spi\spi_core.o
                0x08009c04                rt_spi_bus_attach_device
 .text.rt_spi_configure
                0x08009c68       0x98 build\kernel\components\drivers\spi\spi_core.o
                0x08009c68                rt_spi_configure
 .text.rt_spi_send_then_recv
                0x08009d00      0x148 build\kernel\components\drivers\spi\spi_core.o
                0x08009d00                rt_spi_send_then_recv
 .text.rt_spi_transfer
                0x08009e48      0x108 build\kernel\components\drivers\spi\spi_core.o
                0x08009e48                rt_spi_transfer
 .text._spi_bus_device_read
                0x08009f50       0x58 build\kernel\components\drivers\spi\spi_dev.o
 .text._spi_bus_device_write
                0x08009fa8       0x58 build\kernel\components\drivers\spi\spi_dev.o
 .text._spi_bus_device_control
                0x0800a000       0x28 build\kernel\components\drivers\spi\spi_dev.o
 .text.rt_spi_bus_device_init
                0x0800a028       0x70 build\kernel\components\drivers\spi\spi_dev.o
                0x0800a028                rt_spi_bus_device_init
 .text._spidev_device_read
                0x0800a098       0x58 build\kernel\components\drivers\spi\spi_dev.o
 .text._spidev_device_write
                0x0800a0f0       0x58 build\kernel\components\drivers\spi\spi_dev.o
 .text._spidev_device_control
                0x0800a148       0x28 build\kernel\components\drivers\spi\spi_dev.o
 .text.rt_spidev_device_init
                0x0800a170       0x70 build\kernel\components\drivers\spi\spi_dev.o
                0x0800a170                rt_spidev_device_init
 .text.rt_list_init
                0x0800a1e0       0x24 build\kernel\components\drivers\src\completion.o
 .text.rt_list_insert_before
                0x0800a204       0x34 build\kernel\components\drivers\src\completion.o
 .text.rt_list_isempty
                0x0800a238       0x24 build\kernel\components\drivers\src\completion.o
 .text.rt_completion_init
                0x0800a25c       0x44 build\kernel\components\drivers\src\completion.o
                0x0800a25c                rt_completion_init
 .text.rt_completion_wait
                0x0800a2a0       0xfc build\kernel\components\drivers\src\completion.o
                0x0800a2a0                rt_completion_wait
 .text.rt_completion_done
                0x0800a39c       0x70 build\kernel\components\drivers\src\completion.o
                0x0800a39c                rt_completion_done
 .text.rt_list_init
                0x0800a40c       0x24 build\kernel\components\drivers\src\dataqueue.o
 .text.rt_list_insert_before
                0x0800a430       0x34 build\kernel\components\drivers\src\dataqueue.o
 .text.rt_list_isempty
                0x0800a464       0x24 build\kernel\components\drivers\src\dataqueue.o
 .text.rt_data_queue_init
                0x0800a488       0x84 build\kernel\components\drivers\src\dataqueue.o
                0x0800a488                rt_data_queue_init
 .text.rt_data_queue_push
                0x0800a50c      0x190 build\kernel\components\drivers\src\dataqueue.o
                0x0800a50c                rt_data_queue_push
 .text.rt_data_queue_pop
                0x0800a69c      0x1e4 build\kernel\components\drivers\src\dataqueue.o
                0x0800a69c                rt_data_queue_pop
 .text.rt_data_queue_peak
                0x0800a880       0xa0 build\kernel\components\drivers\src\dataqueue.o
                0x0800a880                rt_data_queue_peak
 .text.memcmp   0x0800a920       0x64 c:/gnu tools arm embedded/5.4 2016q3/bin/../lib/gcc/arm-none-eabi/5.4.1/../../../../arm-none-eabi/lib/armv7e-m/fpu\libc.a(lib_a-memcmp.o)
                0x0800a920                memcmp
 .text.memset   0x0800a984       0x9c c:/gnu tools arm embedded/5.4 2016q3/bin/../lib/gcc/arm-none-eabi/5.4.1/../../../../arm-none-eabi/lib/armv7e-m/fpu\libc.a(lib_a-memset.o)
                0x0800a984                memset
 .text.strncmp  0x0800aa20       0xa0 c:/gnu tools arm embedded/5.4 2016q3/bin/../lib/gcc/arm-none-eabi/5.4.1/../../../../arm-none-eabi/lib/armv7e-m/fpu\libc.a(lib_a-strncmp.o)
                0x0800aa20                strncmp
 *(.rodata)
 .rodata        0x0800aac0       0x3e build\applications\bsp_key.o
 *fill*         0x0800aafe        0x2 00000000
 .rodata        0x0800ab00       0x1b build\applications\bsp_sensor.o
 *fill*         0x0800ab1b        0x1 00000000
 .rodata        0x0800ab1c        0xf build\applications\main.o
 *fill*         0x0800ab2b        0x1 00000000
 .rodata        0x0800ab2c        0x6 build\drivers\board.o
 *fill*         0x0800ab32        0x2 00000000
 .rodata        0x0800ab34        0x4 build\drivers\drv_gpio.o
 .rodata        0x0800ab38       0x34 build\drivers\drv_usart.o
 .rodata        0x0800ab6c       0x89 build\drivers\drv_spi.o
 *fill*         0x0800abf5        0x3 00000000
 .rodata        0x0800abf8       0x7e build\drivers\drv_spi_mpu9250.o
 *fill*         0x0800ac76        0x2 00000000
 .rodata        0x0800ac78       0x17 build\kernel\src\components.o
 *fill*         0x0800ac8f        0x1 00000000
 .rodata        0x0800ac90       0x74 build\kernel\src\device.o
 .rodata        0x0800ad04       0x32 build\kernel\src\idle.o
 *fill*         0x0800ad36        0x2 00000000
 .rodata        0x0800ad38       0xda build\kernel\src\ipc.o
 *fill*         0x0800ae12        0x2 00000000
 .rodata        0x0800ae14       0xc7 build\kernel\src\kservice.o
 *fill*         0x0800aedb        0x1 00000000
 .rodata        0x0800aedc      0x302 build\kernel\src\mem.o
 *fill*         0x0800b1de        0x2 00000000
 .rodata        0x0800b1e0       0x81 build\kernel\src\object.o
 *fill*         0x0800b261        0x3 00000000
 .rodata        0x0800b264       0x65 build\kernel\src\scheduler.o
 *fill*         0x0800b2c9        0x3 00000000
 .rodata        0x0800b2cc       0xdb build\kernel\src\thread.o
 *fill*         0x0800b3a7        0x1 00000000
 .rodata        0x0800b3a8       0x37 build\kernel\src\timer.o
 *fill*         0x0800b3df        0x1 00000000
 .rodata        0x0800b3e0       0xae build\kernel\libcpu\arm\cortex-m4\cpuport.o
 *fill*         0x0800b48e        0x2 00000000
 .rodata        0x0800b490       0x9b build\kernel\components\finsh\shell.o
 *fill*         0x0800b52b        0x1 00000000
 .rodata        0x0800b52c      0x6d5 build\kernel\components\finsh\cmd.o
 *fill*         0x0800bc01        0x3 00000000
 .rodata        0x0800bc04       0x80 build\kernel\components\finsh\msh.o
 .rodata        0x0800bc84       0x27 build\kernel\components\drivers\misc\pin.o
 *fill*         0x0800bcab        0x1 00000000
 .rodata        0x0800bcac      0x126 build\kernel\components\drivers\serial\serial.o
 *fill*         0x0800bdd2        0x2 00000000
 .rodata        0x0800bdd4       0x49 build\kernel\components\drivers\spi\spi_core.o
 *fill*         0x0800be1d        0x3 00000000
 .rodata        0x0800be20       0x63 build\kernel\components\drivers\spi\spi_dev.o
 *fill*         0x0800be83        0x1 00000000
 .rodata        0x0800be84       0x72 build\kernel\components\drivers\src\completion.o
 *fill*         0x0800bef6        0x2 00000000
 .rodata        0x0800bef8       0x64 build\kernel\components\drivers\src\dataqueue.o
 *(.rodata*)
 .rodata.pins   0x0800bf5c      0x650 build\drivers\drv_gpio.o
 .rodata.pin_irq_map
                0x0800c5ac       0x40 build\drivers\drv_gpio.o
 .rodata._stm32_pin_ops
                0x0800c5ec       0x18 build\drivers\drv_gpio.o
 .rodata.drv_uart_ops
                0x0800c604       0x14 build\drivers\drv_usart.o
 .rodata.__FUNCTION__.9203
                0x0800c618        0xe build\drivers\drv_usart.o
 *fill*         0x0800c626        0x2 00000000
 .rodata.__FUNCTION__.9223
                0x0800c628        0xc build\drivers\drv_usart.o
 .rodata.__FUNCTION__.9232
                0x0800c634        0x9 build\drivers\drv_usart.o
 *fill*         0x0800c63d        0x3 00000000
 .rodata.__FUNCTION__.9241
                0x0800c640        0x9 build\drivers\drv_usart.o
 *fill*         0x0800c649        0x3 00000000
 .rodata.stm_spi_ops
                0x0800c64c        0x8 build\drivers\drv_spi.o
                0x0800c64c                stm_spi_ops
 .rodata.__FUNCTION__.9223
                0x0800c654        0x8 build\drivers\drv_spi.o
 .rodata.__FUNCTION__.9259
                0x0800c65c       0x1c build\drivers\drv_spi.o
 .rodata.__FUNCTION__.6020
                0x0800c678        0xc build\drivers\drv_spi_mpu9250.o
 .rodata.__FUNCTION__.6036
                0x0800c684       0x17 build\drivers\drv_spi_mpu9250.o
 *fill*         0x0800c69b        0x1 00000000
 .rodata.AHBPrescTable
                0x0800c69c       0x10 build\Libraries\CMSIS\Device\ST\STM32F4xx\Source\Templates\system_stm32f4xx.o
                0x0800c69c                AHBPrescTable
 .rodata.APBPrescTable
                0x0800c6ac        0x8 build\Libraries\CMSIS\Device\ST\STM32F4xx\Source\Templates\system_stm32f4xx.o
                0x0800c6ac                APBPrescTable
 .rodata.__FUNCTION__.5384
                0x0800c6b4       0x14 build\kernel\src\components.o
 .rodata.__FUNCTION__.5274
                0x0800c6c8        0xf build\kernel\src\device.o
 *fill*         0x0800c6d7        0x1 00000000
 .rodata.__FUNCTION__.5297
                0x0800c6d8        0xf build\kernel\src\device.o
 *fill*         0x0800c6e7        0x1 00000000
 .rodata.__FUNCTION__.5302
                0x0800c6e8       0x10 build\kernel\src\device.o
 .rodata.__FUNCTION__.5309
                0x0800c6f8        0xf build\kernel\src\device.o
 *fill*         0x0800c707        0x1 00000000
 .rodata.__FUNCTION__.5316
                0x0800c708       0x10 build\kernel\src\device.o
 .rodata.__FUNCTION__.5329
                0x0800c718       0x1a build\kernel\src\device.o
 *fill*         0x0800c732        0x2 00000000
 .rodata.__FUNCTION__.5348
                0x0800c734       0x16 build\kernel\src\idle.o
 *fill*         0x0800c74a        0x2 00000000
 .rodata.__FUNCTION__.5370
                0x0800c74c        0xc build\kernel\src\ipc.o
 .rodata.__FUNCTION__.5394
                0x0800c758        0xc build\kernel\src\ipc.o
 .rodata.__FUNCTION__.5418
                0x0800c764        0xe build\kernel\src\ipc.o
 *fill*         0x0800c772        0x2 00000000
 .rodata.__FUNCTION__.5442
                0x0800c774        0xe build\kernel\src\ipc.o
 *fill*         0x0800c782        0x2 00000000
 .rodata.__FUNCTION__.5452
                0x0800c784       0x11 build\kernel\src\ipc.o
 *fill*         0x0800c795        0x3 00000000
 .rodata.__lowest_bit_bitmap
                0x0800c798      0x100 build\kernel\src\kservice.o
                0x0800c798                __lowest_bit_bitmap
 .rodata.large_digits.5503
                0x0800c898       0x11 build\kernel\src\kservice.o
 *fill*         0x0800c8a9        0x3 00000000
 .rodata.small_digits.5502
                0x0800c8ac       0x11 build\kernel\src\kservice.o
 *fill*         0x0800c8bd        0x3 00000000
 .rodata.name   0x0800c8c0       0x2a build\kernel\src\mem.o
                0x0800c8c0                __fsym_list_mem_name
                0x0800c8cc                __fsym_list_mem_desc
 *fill*         0x0800c8ea        0x2 00000000
 .rodata.__FUNCTION__.5361
                0x0800c8ec        0xb build\kernel\src\mem.o
 *fill*         0x0800c8f7        0x1 00000000
 .rodata.__FUNCTION__.5370
                0x0800c8f8       0x14 build\kernel\src\mem.o
 .rodata.__FUNCTION__.5379
                0x0800c90c        0xa build\kernel\src\mem.o
 *fill*         0x0800c916        0x2 00000000
 .rodata.__FUNCTION__.5410
                0x0800c918        0x8 build\kernel\src\mem.o
 .rodata.__FUNCTION__.5390
                0x0800c920        0xf build\kernel\src\object.o
 *fill*         0x0800c92f        0x1 00000000
 .rodata.__FUNCTION__.5395
                0x0800c930       0x11 build\kernel\src\object.o
 *fill*         0x0800c941        0x3 00000000
 .rodata.__FUNCTION__.5404
                0x0800c944       0x13 build\kernel\src\object.o
 *fill*         0x0800c957        0x1 00000000
 .rodata.__FUNCTION__.5409
                0x0800c958       0x11 build\kernel\src\object.o
 *fill*         0x0800c969        0x3 00000000
 .rodata.__FUNCTION__.5413
                0x0800c96c       0x1a build\kernel\src\object.o
 *fill*         0x0800c986        0x2 00000000
 .rodata.__FUNCTION__.5348
                0x0800c988       0x1a build\kernel\src\scheduler.o
 *fill*         0x0800c9a2        0x2 00000000
 .rodata.__FUNCTION__.5382
                0x0800c9a4       0x1a build\kernel\src\scheduler.o
 *fill*         0x0800c9be        0x2 00000000
 .rodata.__FUNCTION__.5387
                0x0800c9c0       0x1a build\kernel\src\scheduler.o
 *fill*         0x0800c9da        0x2 00000000
 .rodata.__FUNCTION__.5367
                0x0800c9dc       0x10 build\kernel\src\thread.o
 .rodata.__FUNCTION__.5379
                0x0800c9ec        0xf build\kernel\src\thread.o
 *fill*         0x0800c9fb        0x1 00000000
 .rodata.__FUNCTION__.5386
                0x0800c9fc       0x12 build\kernel\src\thread.o
 *fill*         0x0800ca0e        0x2 00000000
 .rodata.__FUNCTION__.5407
                0x0800ca10       0x11 build\kernel\src\thread.o
 *fill*         0x0800ca21        0x3 00000000
 .rodata.__FUNCTION__.5418
                0x0800ca24       0x10 build\kernel\src\thread.o
 .rodata.__FUNCTION__.5428
                0x0800ca34       0x12 build\kernel\src\thread.o
 *fill*         0x0800ca46        0x2 00000000
 .rodata.__FUNCTION__.5438
                0x0800ca48       0x12 build\kernel\src\thread.o
 *fill*         0x0800ca5a        0x2 00000000
 .rodata.__FUNCTION__.5443
                0x0800ca5c       0x11 build\kernel\src\thread.o
 *fill*         0x0800ca6d        0x3 00000000
 .rodata.__FUNCTION__.5448
                0x0800ca70       0x12 build\kernel\src\thread.o
 *fill*         0x0800ca82        0x2 00000000
 .rodata.__FUNCTION__.5373
                0x0800ca84        0xe build\kernel\src\timer.o
 *fill*         0x0800ca92        0x2 00000000
 .rodata.__FUNCTION__.5378
                0x0800ca94       0x10 build\kernel\src\timer.o
 .rodata.__FUNCTION__.5402
                0x0800caa4        0xf build\kernel\src\timer.o
 *fill*         0x0800cab3        0x1 00000000
 .rodata.__FUNCTION__.5419
                0x0800cab4        0xe build\kernel\src\timer.o
 *fill*         0x0800cac2        0x2 00000000
 .rodata.__FUNCTION__.5425
                0x0800cac4       0x11 build\kernel\src\timer.o
 *fill*         0x0800cad5        0x3 00000000
 .rodata.__FUNCTION__.6381
                0x0800cad8        0xe build\kernel\components\finsh\shell.o
 *fill*         0x0800cae6        0x2 00000000
 .rodata.__FUNCTION__.6389
                0x0800cae8        0xd build\kernel\components\finsh\shell.o
 *fill*         0x0800caf5        0x3 00000000
 .rodata.__FUNCTION__.6394
                0x0800caf8       0x11 build\kernel\components\finsh\shell.o
 *fill*         0x0800cb09        0x3 00000000
 .rodata.name   0x0800cb0c      0x3d6 build\kernel\components\finsh\cmd.o
                0x0800cb0c                __fsym_hello_name
                0x0800cb14                __fsym_hello_desc
                0x0800cb24                __fsym_version_name
                0x0800cb2c                __fsym_version_desc
                0x0800cb50                __fsym___cmd_version_name
                0x0800cb60                __fsym___cmd_version_desc
                0x0800cb84                __fsym_list_thread_name
                0x0800cb90                __fsym_list_thread_desc
                0x0800cb9c                __fsym___cmd_list_thread_name
                0x0800cbb0                __fsym___cmd_list_thread_desc
                0x0800cbbc                __fsym_list_sem_name
                0x0800cbc8                __fsym_list_sem_desc
                0x0800cbe4                __fsym___cmd_list_sem_name
                0x0800cbf4                __fsym___cmd_list_sem_desc
                0x0800cc10                __fsym_list_event_name
                0x0800cc1c                __fsym_list_event_desc
                0x0800cc34                __fsym___cmd_list_event_name
                0x0800cc48                __fsym___cmd_list_event_desc
                0x0800cc60                __fsym_list_mutex_name
                0x0800cc6c                __fsym_list_mutex_desc
                0x0800cc84                __fsym___cmd_list_mutex_name
                0x0800cc98                __fsym___cmd_list_mutex_desc
                0x0800ccb0                __fsym_list_mailbox_name
                0x0800ccc0                __fsym_list_mailbox_desc
                0x0800ccd8                __fsym___cmd_list_mailbox_name
                0x0800ccec                __fsym___cmd_list_mailbox_desc
                0x0800cd04                __fsym_list_msgqueue_name
                0x0800cd14                __fsym_list_msgqueue_desc
                0x0800cd34                __fsym___cmd_list_msgqueue_name
                0x0800cd48                __fsym___cmd_list_msgqueue_desc
                0x0800cd68                __fsym_list_memheap_name
                0x0800cd78                __fsym_list_memheap_desc
                0x0800cd94                __fsym___cmd_list_memheap_name
                0x0800cda8                __fsym___cmd_list_memheap_desc
                0x0800cdc4                __fsym_list_mempool_name
                0x0800cdd4                __fsym_list_mempool_desc
                0x0800cdf0                __fsym___cmd_list_mempool_name
                0x0800ce04                __fsym___cmd_list_mempool_desc
                0x0800ce20                __fsym_list_timer_name
                0x0800ce2c                __fsym_list_timer_desc
                0x0800ce44                __fsym___cmd_list_timer_name
                0x0800ce58                __fsym___cmd_list_timer_desc
                0x0800ce70                __fsym_list_device_name
                0x0800ce7c                __fsym_list_device_desc
                0x0800ce94                __fsym___cmd_list_device_name
                0x0800cea8                __fsym___cmd_list_device_desc
                0x0800cec0                __fsym_list_name
                0x0800cec8                __fsym_list_desc
 *fill*         0x0800cee2        0x2 00000000
 .rodata.name   0x0800cee4       0x22 build\kernel\components\finsh\msh.o
                0x0800cee4                __fsym___cmd_help_name
                0x0800cef0                __fsym___cmd_help_desc
 *fill*         0x0800cf06        0x2 00000000
 .rodata.__FUNCTION__.6358
                0x0800cf08        0xe build\kernel\components\finsh\msh.o
 *fill*         0x0800cf16        0x2 00000000
 .rodata.name   0x0800cf18       0x81 build\kernel\components\finsh\msh_cmd.o
                0x0800cf18                __fsym___cmd_ps_name
                0x0800cf24                __fsym___cmd_ps_desc
                0x0800cf40                __fsym___cmd_time_name
                0x0800cf4c                __fsym___cmd_time_desc
                0x0800cf68                __fsym___cmd_free_name
                0x0800cf74                __fsym___cmd_free_desc
 *fill*         0x0800cf99        0x3 00000000
 .rodata.name   0x0800cf9c       0x6e build\kernel\components\drivers\misc\pin.o
                0x0800cf9c                __fsym_pinMode_name
                0x0800cfa4                __fsym_pinMode_desc
                0x0800cfbc                __fsym_pinWrite_name
                0x0800cfc8                __fsym_pinWrite_desc
                0x0800cfe4                __fsym_pinRead_name
                0x0800cfec                __fsym_pinRead_desc
 *fill*         0x0800d00a        0x2 00000000
 .rodata.__FUNCTION__.6662
                0x0800d00c        0xa build\kernel\components\drivers\misc\pin.o
 *fill*         0x0800d016        0x2 00000000
 .rodata.__FUNCTION__.6671
                0x0800d018        0xb build\kernel\components\drivers\misc\pin.o
 *fill*         0x0800d023        0x1 00000000
 .rodata.__FUNCTION__.6679
                0x0800d024        0xd build\kernel\components\drivers\misc\pin.o
 *fill*         0x0800d031        0x3 00000000
 .rodata.__FUNCTION__.6692
                0x0800d034       0x12 build\kernel\components\drivers\misc\pin.o
 *fill*         0x0800d046        0x2 00000000
 .rodata.__FUNCTION__.6701
                0x0800d048       0x12 build\kernel\components\drivers\misc\pin.o
 *fill*         0x0800d05a        0x2 00000000
 .rodata.__FUNCTION__.6706
                0x0800d05c        0xc build\kernel\components\drivers\misc\pin.o
 .rodata.__FUNCTION__.6714
                0x0800d068        0xd build\kernel\components\drivers\misc\pin.o
 *fill*         0x0800d075        0x3 00000000
 .rodata.__FUNCTION__.6721
                0x0800d078        0xc build\kernel\components\drivers\misc\pin.o
 .rodata.__FUNCTION__.6050
                0x0800d084       0x1d build\kernel\components\drivers\serial\serial.o
 *fill*         0x0800d0a1        0x3 00000000
 .rodata.__FUNCTION__.6059
                0x0800d0a4       0x1d build\kernel\components\drivers\serial\serial.o
 *fill*         0x0800d0c1        0x3 00000000
 .rodata.__FUNCTION__.6065
                0x0800d0c4       0x1d build\kernel\components\drivers\serial\serial.o
 *fill*         0x0800d0e1        0x3 00000000
 .rodata.__FUNCTION__.6091
                0x0800d0e4        0xf build\kernel\components\drivers\serial\serial.o
 *fill*         0x0800d0f3        0x1 00000000
 .rodata.__FUNCTION__.6098
                0x0800d0f4        0xf build\kernel\components\drivers\serial\serial.o
 *fill*         0x0800d103        0x1 00000000
 .rodata.__FUNCTION__.6108
                0x0800d104       0x10 build\kernel\components\drivers\serial\serial.o
 .rodata.__FUNCTION__.6121
                0x0800d114        0xf build\kernel\components\drivers\serial\serial.o
 *fill*         0x0800d123        0x1 00000000
 .rodata.__FUNCTION__.6029
                0x0800d124        0xf build\kernel\components\drivers\serial\serial.o
 *fill*         0x0800d133        0x1 00000000
 .rodata.__FUNCTION__.6072
                0x0800d134        0xf build\kernel\components\drivers\serial\serial.o
 *fill*         0x0800d143        0x1 00000000
 .rodata.__FUNCTION__.6008
                0x0800d144       0x10 build\kernel\components\drivers\serial\serial.o
 .rodata.__FUNCTION__.6129
                0x0800d154       0x10 build\kernel\components\drivers\serial\serial.o
 .rodata.__FUNCTION__.6042
                0x0800d164        0xf build\kernel\components\drivers\serial\serial.o
 *fill*         0x0800d173        0x1 00000000
 .rodata.__FUNCTION__.6018
                0x0800d174       0x10 build\kernel\components\drivers\serial\serial.o
 .rodata.__FUNCTION__.6137
                0x0800d184       0x12 build\kernel\components\drivers\serial\serial.o
 *fill*         0x0800d196        0x2 00000000
 .rodata.__FUNCTION__.6152
                0x0800d198       0x16 build\kernel\components\drivers\serial\serial.o
 *fill*         0x0800d1ae        0x2 00000000
 .rodata.__FUNCTION__.6161
                0x0800d1b0       0x11 build\kernel\components\drivers\serial\serial.o
 *fill*         0x0800d1c1        0x3 00000000
 .rodata.__FUNCTION__.5652
                0x0800d1c4       0x11 build\kernel\components\drivers\spi\spi_core.o
 *fill*         0x0800d1d5        0x3 00000000
 .rodata.__FUNCTION__.5673
                0x0800d1d8       0x16 build\kernel\components\drivers\spi\spi_core.o
 *fill*         0x0800d1ee        0x2 00000000
 .rodata.__FUNCTION__.5683
                0x0800d1f0       0x10 build\kernel\components\drivers\spi\spi_core.o
 .rodata.__FUNCTION__.5634
                0x0800d200       0x15 build\kernel\components\drivers\spi\spi_dev.o
 *fill*         0x0800d215        0x3 00000000
 .rodata.__FUNCTION__.5642
                0x0800d218       0x16 build\kernel\components\drivers\spi\spi_dev.o
 *fill*         0x0800d22e        0x2 00000000
 .rodata.__FUNCTION__.5656
                0x0800d230       0x17 build\kernel\components\drivers\spi\spi_dev.o
 *fill*         0x0800d247        0x1 00000000
 .rodata.__FUNCTION__.5664
                0x0800d248       0x14 build\kernel\components\drivers\spi\spi_dev.o
 .rodata.__FUNCTION__.5672
                0x0800d25c       0x15 build\kernel\components\drivers\spi\spi_dev.o
 *fill*         0x0800d271        0x3 00000000
 .rodata.__FUNCTION__.5686
                0x0800d274       0x16 build\kernel\components\drivers\spi\spi_dev.o
 *fill*         0x0800d28a        0x2 00000000
 .rodata.__FUNCTION__.6005
                0x0800d28c       0x13 build\kernel\components\drivers\src\completion.o
 *fill*         0x0800d29f        0x1 00000000
 .rodata.__FUNCTION__.6013
                0x0800d2a0       0x13 build\kernel\components\drivers\src\completion.o
 *fill*         0x0800d2b3        0x1 00000000
 .rodata.__FUNCTION__.6020
                0x0800d2b4       0x13 build\kernel\components\drivers\src\completion.o
 *fill*         0x0800d2c7        0x1 00000000
 .rodata.__FUNCTION__.6011
                0x0800d2c8       0x13 build\kernel\components\drivers\src\dataqueue.o
 *fill*         0x0800d2db        0x1 00000000
 .rodata.__FUNCTION__.6021
                0x0800d2dc       0x13 build\kernel\components\drivers\src\dataqueue.o
 *fill*         0x0800d2ef        0x1 00000000
 .rodata.__FUNCTION__.6036
                0x0800d2f0       0x12 build\kernel\components\drivers\src\dataqueue.o
 *fill*         0x0800d302        0x2 00000000
 .rodata.__FUNCTION__.6048
                0x0800d304       0x13 build\kernel\components\drivers\src\dataqueue.o
 *(.glue_7)
 .glue_7        0x0800d317        0x0 linker stubs
 *(.glue_7t)
 .glue_7t       0x0800d317        0x0 linker stubs
 *(.gnu.linkonce.t*)
                0x0800d318                . = ALIGN (0x4)
 *fill*         0x0800d317        0x1 00000000
                0x0800d318                __fsymtab_start = .
 *(FSymTab)
 FSymTab        0x0800d318        0xc build\kernel\src\mem.o
                0x0800d318                __fsym_list_mem
 FSymTab        0x0800d324      0x120 build\kernel\components\finsh\cmd.o
                0x0800d324                __fsym_hello
                0x0800d330                __fsym_version
                0x0800d33c                __fsym___cmd_version
                0x0800d348                __fsym_list_thread
                0x0800d354                __fsym___cmd_list_thread
                0x0800d360                __fsym_list_sem
                0x0800d36c                __fsym___cmd_list_sem
                0x0800d378                __fsym_list_event
                0x0800d384                __fsym___cmd_list_event
                0x0800d390                __fsym_list_mutex
                0x0800d39c                __fsym___cmd_list_mutex
                0x0800d3a8                __fsym_list_mailbox
                0x0800d3b4                __fsym___cmd_list_mailbox
                0x0800d3c0                __fsym_list_msgqueue
                0x0800d3cc                __fsym___cmd_list_msgqueue
                0x0800d3d8                __fsym_list_memheap
                0x0800d3e4                __fsym___cmd_list_memheap
                0x0800d3f0                __fsym_list_mempool
                0x0800d3fc                __fsym___cmd_list_mempool
                0x0800d408                __fsym_list_timer
                0x0800d414                __fsym___cmd_list_timer
                0x0800d420                __fsym_list_device
                0x0800d42c                __fsym___cmd_list_device
                0x0800d438                __fsym_list
 FSymTab        0x0800d444        0xc build\kernel\components\finsh\msh.o
                0x0800d444                __fsym___cmd_help
 FSymTab        0x0800d450       0x24 build\kernel\components\finsh\msh_cmd.o
                0x0800d450                __fsym___cmd_ps
                0x0800d45c                __fsym___cmd_time
                0x0800d468                __fsym___cmd_free
 FSymTab        0x0800d474       0x24 build\kernel\components\drivers\misc\pin.o
                0x0800d474                __fsym_pinMode
                0x0800d480                __fsym_pinWrite
                0x0800d48c                __fsym_pinRead
                0x0800d498                __fsymtab_end = .
                0x0800d498                . = ALIGN (0x4)
                0x0800d498                __vsymtab_start = .
 *(VSymTab)
                0x0800d498                __vsymtab_end = .
                0x0800d498                . = ALIGN (0x4)
                0x0800d498                . = ALIGN (0x4)
                0x0800d498                __rt_init_start = .
 *(SORT(.rti_fn*))
 .rti_fn.0      0x0800d498        0x4 build\kernel\src\components.o
                0x0800d498                __rt_init_rti_start
 .rti_fn.0.end  0x0800d49c        0x4 build\kernel\src\components.o
                0x0800d49c                __rt_init_rti_board_start
 .rti_fn.1      0x0800d4a0        0x4 build\drivers\drv_gpio.o
                0x0800d4a0                __rt_init_rt_hw_pin_init
 .rti_fn.1      0x0800d4a4        0x4 build\drivers\drv_usart.o
                0x0800d4a4                __rt_init_hw_usart_init
 .rti_fn.1      0x0800d4a8        0x4 build\drivers\drv_spi.o
                0x0800d4a8                __rt_init_stm32_hw_spi_init
 .rti_fn.1.end  0x0800d4ac        0x4 build\kernel\src\components.o
                0x0800d4ac                __rt_init_rti_board_end
 .rti_fn.3      0x0800d4b0        0x4 build\drivers\drv_spi_mpu9250.o
                0x0800d4b0                __rt_init_rt_hw_mpu9250_spi_init
 .rti_fn.6      0x0800d4b4        0x4 build\kernel\components\finsh\shell.o
                0x0800d4b4                __rt_init_finsh_system_init
 .rti_fn.6.end  0x0800d4b8        0x4 build\kernel\src\components.o
                0x0800d4b8                __rt_init_rti_end
                0x0800d4bc                __rt_init_end = .
                0x0800d4bc                . = ALIGN (0x4)
                0x0800d4bc                . = ALIGN (0x4)
                0x0800d4bc                _etext = .
                0x0800d4bc                __exidx_start = .

.vfp11_veneer   0x0800d4bc        0x0
 .vfp11_veneer  0x0800d4bc        0x0 linker stubs

.v4_bx          0x0800d4bc        0x0
 .v4_bx         0x0800d4bc        0x0 linker stubs

.init           0x0800d4bc        0x4
 .init          0x0800d4bc        0x4 c:/gnu tools arm embedded/5.4 2016q3/bin/../lib/gcc/arm-none-eabi/5.4.1/armv7e-m/fpu/crti.o
                0x0800d4bc                _init

.fini           0x0800d4c0        0x4
 .fini          0x0800d4c0        0x4 c:/gnu tools arm embedded/5.4 2016q3/bin/../lib/gcc/arm-none-eabi/5.4.1/armv7e-m/fpu/crti.o
                0x0800d4c0                _fini

.iplt           0x0800d4c4        0x0
 .iplt          0x0800d4c4        0x0 c:/gnu tools arm embedded/5.4 2016q3/bin/../lib/gcc/arm-none-eabi/5.4.1/armv7e-m/fpu/crtbegin.o

.ARM.exidx      0x0800d4c4        0x8
 *(.ARM.exidx* .gnu.linkonce.armexidx.*)
 .ARM.exidx     0x0800d4c4        0x8 c:/gnu tools arm embedded/5.4 2016q3/bin/../lib/gcc/arm-none-eabi/5.4.1/armv7e-m/fpu\libgcc.a(_udivmoddi4.o)
                0x0800d4cc                _sidata = .
                0x0800d4cc                __exidx_end = .

.rel.dyn        0x0800d4cc        0x0
 .rel.iplt      0x0800d4cc        0x0 c:/gnu tools arm embedded/5.4 2016q3/bin/../lib/gcc/arm-none-eabi/5.4.1/armv7e-m/fpu/crtbegin.o

.data           0x20000000      0x164 load address 0x0800d4cc
                0x20000000                . = ALIGN (0x4)
                0x20000000                _sdata = .
 *(.data)
 *(.data.*)
 .data.pin_irq_hdr_tab
                0x20000000       0xc0 build\drivers\drv_gpio.o
                0x20000000                pin_irq_hdr_tab
 .data.SystemCoreClock
                0x200000c0        0x4 build\Libraries\CMSIS\Device\ST\STM32F4xx\Source\Templates\system_stm32f4xx.o
                0x200000c0                SystemCoreClock
 .data.rt_object_container
                0x200000c4       0xa0 build\kernel\src\object.o
 *(.gnu.linkonce.d*)
                0x20000164                . = ALIGN (0x4)
                0x20000164                _edata = .

.igot.plt       0x20000164        0x0 load address 0x0800d630
 .igot.plt      0x20000164        0x0 c:/gnu tools arm embedded/5.4 2016q3/bin/../lib/gcc/arm-none-eabi/5.4.1/armv7e-m/fpu/crtbegin.o

.stack          0x20000164      0x200 load address 0x0800d630
                0x20000364                . = (. + _system_stack_size)
 *fill*         0x20000164      0x200 
                0x20000364                . = ALIGN (0x4)
                0x20000364                _estack = .
                0x20000364                __bss_start = .

.bss            0x20000364     0x1714 load address 0x0800d830
                0x20000364                . = ALIGN (0x4)
                0x20000364                _sbss = .
 *(.bss)
 *(.bss.*)
 .bss.uart1     0x20000364       0x44 build\drivers\drv_usart.o
 .bss.mpu9250_spi_device
                0x200003a8        0x4 build\drivers\drv_spi_mpu9250.o
 .bss.rt_tick   0x200003ac        0x4 build\kernel\src\clock.o
 .bss.idle      0x200003b0       0x80 build\kernel\src\idle.o
 .bss.rt_thread_stack
                0x20000430      0x100 build\kernel\src\idle.o
 .bss.rt_thread_idle_hook
                0x20000530        0x4 build\kernel\src\idle.o
 .bss.rt_interrupt_enter_hook
                0x20000534        0x4 build\kernel\src\irq.o
 .bss.rt_interrupt_leave_hook
                0x20000538        0x4 build\kernel\src\irq.o
 .bss.__rt_errno
                0x2000053c        0x4 build\kernel\src\kservice.o
 .bss._console_device
                0x20000540        0x4 build\kernel\src\kservice.o
 .bss.rt_log_buf.5613
                0x20000544       0x80 build\kernel\src\kservice.o
 .bss.rt_malloc_hook
                0x200005c4        0x4 build\kernel\src\mem.o
 .bss.rt_free_hook
                0x200005c8        0x4 build\kernel\src\mem.o
 .bss.heap_ptr  0x200005cc        0x4 build\kernel\src\mem.o
 .bss.heap_end  0x200005d0        0x4 build\kernel\src\mem.o
 .bss.lfree     0x200005d4        0x4 build\kernel\src\mem.o
 .bss.heap_sem  0x200005d8       0x20 build\kernel\src\mem.o
 .bss.mem_size_aligned
                0x200005f8        0x4 build\kernel\src\mem.o
 .bss.used_mem  0x200005fc        0x4 build\kernel\src\mem.o
 .bss.max_mem   0x20000600        0x4 build\kernel\src\mem.o
 .bss.rt_object_attach_hook
                0x20000604        0x4 build\kernel\src\object.o
 .bss.rt_object_detach_hook
                0x20000608        0x4 build\kernel\src\object.o
 .bss.rt_scheduler_lock_nest
                0x2000060c        0x2 build\kernel\src\scheduler.o
 *fill*         0x2000060e        0x2 
 .bss.rt_scheduler_hook
                0x20000610        0x4 build\kernel\src\scheduler.o
 .bss.rt_thread_suspend_hook
                0x20000614        0x4 build\kernel\src\thread.o
 .bss.rt_thread_resume_hook
                0x20000618        0x4 build\kernel\src\thread.o
 .bss.rt_thread_inited_hook
                0x2000061c        0x4 build\kernel\src\thread.o
 .bss.rt_timer_list
                0x20000620        0x8 build\kernel\src\timer.o
 .bss.rt_timer_timeout_hook
                0x20000628        0x4 build\kernel\src\timer.o
 .bss.random_nr.5401
                0x2000062c        0x4 build\kernel\src\timer.o
 .bss.rt_exception_hook
                0x20000630        0x4 build\kernel\libcpu\arm\cortex-m4\cpuport.o
 .bss.finsh_thread
                0x20000634       0x80 build\kernel\components\finsh\shell.o
 .bss.finsh_thread_stack
                0x200006b4     0x1000 build\kernel\components\finsh\shell.o
 .bss.finsh_prompt.6376
                0x200016b4       0x81 build\kernel\components\finsh\shell.o
 *fill*         0x20001735        0x3 
 .bss._syscall_table_begin
                0x20001738        0x4 build\kernel\components\finsh\symbol.o
                0x20001738                _syscall_table_begin
 .bss._syscall_table_end
                0x2000173c        0x4 build\kernel\components\finsh\symbol.o
                0x2000173c                _syscall_table_end
 .bss._sysvar_table_begin
                0x20001740        0x4 build\kernel\components\finsh\symbol.o
                0x20001740                _sysvar_table_begin
 .bss._sysvar_table_end
                0x20001744        0x4 build\kernel\components\finsh\symbol.o
                0x20001744                _sysvar_table_end
 .bss._hw_pin   0x20001748       0x44 build\kernel\components\drivers\misc\pin.o
 *(COMMON)
 COMMON         0x2000178c       0x54 build\drivers\drv_usart.o
                0x2000178c                serial1
 COMMON         0x200017e0      0x15c build\drivers\drv_spi.o
                0x200017e0                _spi1
                0x200017e8                _spi_bus2
                0x20001854                _spi_bus3
                0x200018c0                _spi3
                0x200018c8                _spi2
                0x200018d0                _spi_bus1
 COMMON         0x2000193c        0x4 build\Libraries\STM32F4xx_HAL_Driver\Src\stm32f4xx_hal.o
                0x2000193c                uwTick
 COMMON         0x20001940        0x1 build\kernel\src\irq.o
                0x20001940                rt_interrupt_nest
 *fill*         0x20001941        0x3 
 COMMON         0x20001944        0x4 build\kernel\src\kservice.o
                0x20001944                rt_assert_hook
 COMMON         0x20001948        0xc build\kernel\src\object.o
                0x20001948                rt_object_put_hook
                0x2000194c                rt_object_take_hook
                0x20001950                rt_object_trytake_hook
 COMMON         0x20001954      0x114 build\kernel\src\scheduler.o
                0x20001954                rt_thread_priority_table
                0x20001a54                rt_current_priority
                0x20001a58                rt_current_thread
                0x20001a5c                rt_thread_ready_priority_group
                0x20001a60                rt_thread_defunct
 COMMON         0x20001a68        0xc build\kernel\libcpu\arm\cortex-m4\cpuport.o
                0x20001a68                rt_interrupt_to_thread
                0x20001a6c                rt_interrupt_from_thread
                0x20001a70                rt_thread_switch_interrupt_flag
 COMMON         0x20001a74        0x4 build\kernel\components\finsh\shell.o
                0x20001a74                shell
                0x20001a78                . = ALIGN (0x4)
                0x20001a78                _ebss = .
 *(.bss.init)
                0x20001a78                __bss_end = .
                0x20001a78                _end = .

.stab
 *(.stab)

.stabstr
 *(.stabstr)

.stab.excl
 *(.stab.excl)

.stab.exclstr
 *(.stab.exclstr)

.stab.index
 *(.stab.index)

.stab.indexstr
 *(.stab.indexstr)

.comment        0x00000000       0x6e
 *(.comment)
 .comment       0x00000000       0x6e build\applications\bsp_key.o
                                 0x6f (size before relaxing)
 .comment       0x0000006e       0x6f build\applications\bsp_led.o